D/        ( 1002): rsp_len = 1008 rcvd_data_len = 1040, self_calculate_len=1040
D/TimaService( 1002): TIMA: TimaService scheduler is intialized. 
D/TimaService( 1002): TIMA: checkEvent, operation: 50000 subject: 10000
D/TimaService( 1002): TimaServiceHandler.handleMessage what =1
D/        ( 1002): TIMA: QCOM_send_command result--0
D/        ( 1002): TIMA_PKM_measure_kernel returns with resp..ret=512!
D/        ( 1002): TAL: TIMA_PKM_measure_kernel--int8_t TIMA_PKM_measure_kernel(TIMA_handle_t, void*, uint32_t, void*, uint32_t, uint32_t)
D/        ( 1002): TIMA: QCOM_send_command--int8_t QCOM_send_command(TIMA_handle_t, void*, uint32_t, void*, uint32_t, uint32_t)
D/        ( 1002): rsp_len = 1008 rcvd_data_len = 1040, self_calculate_len=1040
D/        ( 1002): TIMA: QCOM_send_command result--0
D/        ( 1002): TIMA_PKM_measure_kernel returns with resp..ret=512!
D/        ( 1002): TAL: TIMA_PKM_measure_kernel--int8_t TIMA_PKM_measure_kernel(TIMA_handle_t, void*, uint32_t, void*, uint32_t, uint32_t)
D/        ( 1002): TIMA: QCOM_send_command--int8_t QCOM_send_command(TIMA_handle_t, void*, uint32_t, void*, uint32_t, uint32_t)
D/        ( 1002): rsp_len = 1008 rcvd_data_len = 1040, self_calculate_len=1040
D/GenericSource(  194): cachedDurationUs = 39.28 secs, eos=1
V/NuPlayer(  194): kWhatSourceNotify with buffering-update for NuPlayer 100
V/MediaPlayerService(  194): [2282] notify (0xb7e99ce8, 3, 100, 0)
V/MediaPlayer(31455): message received msg=3, ext1=100, ext2=0
V/MediaPlayer(31455): buffering 100
V/MediaPlayer(31455): callback application
V/MediaPlayer(31455): back from callback
D/        ( 1002): TIMA: QCOM_send_command result--0
D/        ( 1002): TIMA_PKM_measure_kernel returns with resp..ret=512!
D/        ( 1002): TAL: TIMA_PKM_measure_kernel--int8_t TIMA_PKM_measure_kernel(TIMA_handle_t, void*, uint32_t, void*, uint32_t, uint32_t)
D/        ( 1002): TIMA: QCOM_send_command--int8_t QCOM_send_command(TIMA_handle_t, void*, uint32_t, void*, uint32_t, uint32_t)
D/        ( 1002): rsp_len = 1008 rcvd_data_len = 1040, self_calculate_len=1040
D/        ( 1002): TIMA: QCOM_send_command result--0
D/        ( 1002): TIMA_PKM_measure_kernel returns with resp..ret=512!
D/        ( 1002): TAL: TIMA_PKM_measure_kernel--int8_t TIMA_PKM_measure_kernel(TIMA_handle_t, void*, uint32_t, void*, uint32_t, uint32_t)
D/        ( 1002): TIMA: QCOM_send_command--int8_t QCOM_send_command(TIMA_handle_t, void*, uint32_t, void*, uint32_t, uint32_t)
D/        ( 1002): rsp_len = 1008 rcvd_data_len = 1040, self_calculate_len=1040
D/        ( 1002): TIMA: QCOM_send_command result--0
D/        ( 1002): TIMA_PKM_measure_kernel returns with resp..ret=512!
D/        ( 1002): TAL: TIMA_PKM_measure_kernel--int8_t TIMA_PKM_measure_kernel(TIMA_handle_t, void*, uint32_t, void*, uint32_t, uint32_t)
D/        ( 1002): TIMA: QCOM_send_command--int8_t QCOM_send_command(TIMA_handle_t, void*, uint32_t, void*, uint32_t, uint32_t)
D/        ( 1002): rsp_len = 1008 rcvd_data_len = 1040, self_calculate_len=1040
D/        ( 1002): TIMA: QCOM_send_command result--0
D/        ( 1002): TIMA_PKM_measure_kernel returns with resp..ret=512!
D/        ( 1002): TAL: TIMA_PKM_measure_kernel--int8_t TIMA_PKM_measure_kernel(TIMA_handle_t, void*, uint32_t, void*, uint32_t, uint32_t)
D/        ( 1002): TIMA: QCOM_send_command--int8_t QCOM_send_command(TIMA_handle_t, void*, uint32_t, void*, uint32_t, uint32_t)
D/        ( 1002): rsp_len = 1008 rcvd_data_len = 1040, self_calculate_len=1040
D/        ( 1002): TIMA: QCOM_send_command result--0
D/        ( 1002): TIMA_PKM_measure_kernel returns with resp..ret=512!
D/        ( 1002): TAL: TIMA_PKM_measure_kernel--int8_t TIMA_PKM_measure_kernel(TIMA_handle_t, void*, uint32_t, void*, uint32_t, uint32_t)
D/        ( 1002): TIMA: QCOM_send_command--int8_t QCOM_send_command(TIMA_handle_t, void*, uint32_t, void*, uint32_t, uint32_t)
D/        ( 1002): rsp_len = 1008 rcvd_data_len = 1040, self_calculate_len=1040
D/        ( 1002): TIMA: QCOM_send_command result--0
D/        ( 1002): TIMA_PKM_measure_kernel returns with resp..ret=512!
D/        ( 1002): TAL: TIMA_PKM_measure_kernel--int8_t TIMA_PKM_measure_kernel(TIMA_handle_t, void*, uint32_t, void*, uint32_t, uint32_t)
D/        ( 1002): TIMA: QCOM_send_command--int8_t QCOM_send_command(TIMA_handle_t, void*, uint32_t, void*, uint32_t, uint32_t)
D/        ( 1002): rsp_len = 1008 rcvd_data_len = 1040, self_calculate_len=1040
D/        ( 1002): TIMA: QCOM_send_command result--0
D/        ( 1002): TIMA_PKM_measure_kernel returns with resp..ret=512!
D/        ( 1002): TAL: TIMA_PKM_measure_kernel--int8_t TIMA_PKM_measure_kernel(TIMA_handle_t, void*, uint32_t, void*, uint32_t, uint32_t)
D/        ( 1002): TIMA: QCOM_send_command--int8_t QCOM_send_command(TIMA_handle_t, void*, uint32_t, void*, uint32_t, uint32_t)
D/        ( 1002): rsp_len = 1008 rcvd_data_len = 1040, self_calculate_len=1040
V/AudioSink(  194): processSoundAlive samplerate 1 24000
V/AudioSink(  194): processSoundAlive samplerate 1 24000
V/AudioSink(  194): processSoundAlive samplerate 1 24000
V/GenericSource(  194): Posting read buffer for audio
V/GenericSource(  194): Posting read buffer for audio
D/        ( 1002): TIMA: QCOM_send_command result--0
D/        ( 1002): TIMA_PKM_measure_kernel returns with resp..ret=512!
D/        ( 1002): TAL: TIMA_PKM_measure_kernel--int8_t TIMA_PKM_measure_kernel(TIMA_handle_t, void*, uint32_t, void*, uint32_t, uint32_t)
D/        ( 1002): TIMA: QCOM_send_command--int8_t QCOM_send_command(TIMA_handle_t, void*, uint32_t, void*, uint32_t, uint32_t)
D/        ( 1002): rsp_len = 1008 rcvd_data_len = 1040, self_calculate_len=1040
D/        ( 1002): TIMA: QCOM_send_command result--0
D/        ( 1002): TIMA_PKM_measure_kernel returns with resp..ret=512!
D/        ( 1002): TAL: TIMA_PKM_measure_kernel--int8_t TIMA_PKM_measure_kernel(TIMA_handle_t, void*, uint32_t, void*, uint32_t, uint32_t)
D/        ( 1002): TIMA: QCOM_send_command--int8_t QCOM_send_command(TIMA_handle_t, void*, uint32_t, void*, uint32_t, uint32_t)
D/        ( 1002): rsp_len = 1008 rcvd_data_len = 1040, self_calculate_len=1040
D/        ( 1002): TIMA: QCOM_send_command result--0
D/        ( 1002): TIMA_PKM_measure_kernel returns with resp..ret=512!
D/        ( 1002): TAL: TIMA_PKM_measure_kernel--int8_t TIMA_PKM_measure_kernel(TIMA_handle_t, void*, uint32_t, void*, uint32_t, uint32_t)
D/        ( 1002): TIMA: QCOM_send_command--int8_t QCOM_send_command(TIMA_handle_t, void*, uint32_t, void*, uint32_t, uint32_t)
D/        ( 1002): rsp_len = 1008 rcvd_data_len = 1040, self_calculate_len=1040
D/        ( 1002): TIMA: QCOM_send_command result--0
D/        ( 1002): TIMA_PKM_measure_kernel returns with resp..ret=512!
D/        ( 1002): TAL: TIMA_PKM_measure_kernel--int8_t TIMA_PKM_measure_kernel(TIMA_handle_t, void*, uint32_t, void*, uint32_t, uint32_t)
D/        ( 1002): TIMA: QCOM_send_command--int8_t QCOM_send_command(TIMA_handle_t, void*, uint32_t, void*, uint32_t, uint32_t)
D/        ( 1002): rsp_len = 1008 rcvd_data_len = 1040, self_calculate_len=1040
D/        ( 1002): TIMA: QCOM_send_command result--0
D/        ( 1002): TIMA_PKM_measure_kernel returns with resp..ret=512!
D/        ( 1002): TAL: TIMA_PKM_measure_kernel--int8_t TIMA_PKM_measure_kernel(TIMA_handle_t, void*, uint32_t, void*, uint32_t, uint32_t)
D/        ( 1002): TIMA: QCOM_send_command--int8_t QCOM_send_command(TIMA_handle_t, void*, uint32_t, void*, uint32_t, uint32_t)
D/        ( 1002): rsp_len = 1008 rcvd_data_len = 1040, self_calculate_len=1040
D/        ( 1002): TIMA: QCOM_send_command result--0
D/        ( 1002): TIMA_PKM_measure_kernel returns with resp..ret=512!
D/        ( 1002): TAL: TIMA_PKM_measure_kernel--int8_t TIMA_PKM_measure_kernel(TIMA_handle_t, void*, uint32_t, void*, uint32_t, uint32_t)
D/        ( 1002): TIMA: QCOM_send_command--int8_t QCOM_send_command(TIMA_handle_t, void*, uint32_t, void*, uint32_t, uint32_t)
D/        ( 1002): rsp_len = 1008 rcvd_data_len = 1040, self_calculate_len=1040
D/        ( 1002): TIMA: QCOM_send_command result--0
D/        ( 1002): TIMA_PKM_measure_kernel returns with resp..ret=512!
D/        ( 1002): TAL: TIMA_PKM_measure_kernel--int8_t TIMA_PKM_measure_kernel(TIMA_handle_t, void*, uint32_t, void*, uint32_t, uint32_t)
D/        ( 1002): TIMA: QCOM_send_command--int8_t QCOM_send_command(TIMA_handle_t, void*, uint32_t, void*, uint32_t, uint32_t)
D/        ( 1002): rsp_len = 1008 rcvd_data_len = 1040, self_calculate_len=1040
D/        ( 1002): TIMA: QCOM_send_command result--0
D/        ( 1002): TIMA_PKM_measure_kernel returns with resp..ret=512!
D/        ( 1002): TAL: TIMA_PKM_measure_kernel--int8_t TIMA_PKM_measure_kernel(TIMA_handle_t, void*, uint32_t, void*, uint32_t, uint32_t)
D/        ( 1002): TIMA: QCOM_send_command--int8_t QCOM_send_command(TIMA_handle_t, void*, uint32_t, void*, uint32_t, uint32_t)
D/        ( 1002): rsp_len = 1008 rcvd_data_len = 1040, self_calculate_len=1040
E/SMD     (  185): DCD OFF
D/        ( 1002): TIMA: QCOM_send_command result--0
D/        ( 1002): TIMA_PKM_measure_kernel returns with resp..ret=512!
D/        ( 1002): TAL: TIMA_PKM_measure_kernel--int8_t TIMA_PKM_measure_kernel(TIMA_handle_t, void*, uint32_t, void*, uint32_t, uint32_t)
D/        ( 1002): TIMA: QCOM_send_command--int8_t QCOM_send_command(TIMA_handle_t, void*, uint32_t, void*, uint32_t, uint32_t)
D/        ( 1002): rsp_len = 1008 rcvd_data_len = 1040, self_calculate_len=1040
V/AudioSink(  194): processSoundAlive samplerate 1 24000
V/AudioSink(  194): processSoundAlive samplerate 1 24000
V/AudioSink(  194): processSoundAlive samplerate 1 24000
V/GenericSource(  194): Posting read buffer for audio
D/        ( 1002): TIMA: QCOM_send_command result--0
D/        ( 1002): TIMA_PKM_measure_kernel returns with resp..ret=512!
D/        ( 1002): TAL: TIMA_PKM_measure_kernel--int8_t TIMA_PKM_measure_kernel(TIMA_handle_t, void*, uint32_t, void*, uint32_t, uint32_t)
D/        ( 1002): TIMA: QCOM_send_command--int8_t QCOM_send_command(TIMA_handle_t, void*, uint32_t, void*, uint32_t, uint32_t)
D/        ( 1002): rsp_len = 1008 rcvd_data_len = 1040, self_calculate_len=1040
V/GenericSource(  194): Posting read buffer for audio
D/        ( 1002): TIMA: QCOM_send_command result--0
D/        ( 1002): TIMA_PKM_measure_kernel returns with resp..ret=512!
D/        ( 1002): TAL: TIMA_PKM_measure_kernel--int8_t TIMA_PKM_measure_kernel(TIMA_handle_t, void*, uint32_t, void*, uint32_t, uint32_t)
D/        ( 1002): TIMA: QCOM_send_command--int8_t QCOM_send_command(TIMA_handle_t, void*, uint32_t, void*, uint32_t, uint32_t)
D/        ( 1002): rsp_len = 1008 rcvd_data_len = 1040, self_calculate_len=1040
D/        ( 1002): TIMA: QCOM_send_command result--0
D/        ( 1002): TIMA_PKM_measure_kernel returns with resp..ret=512!
D/        ( 1002): TAL: TIMA_PKM_measure_kernel--int8_t TIMA_PKM_measure_kernel(TIMA_handle_t, void*, uint32_t, void*, uint32_t, uint32_t)
D/        ( 1002): TIMA: QCOM_send_command--int8_t QCOM_send_command(TIMA_handle_t, void*, uint32_t, void*, uint32_t, uint32_t)
D/        ( 1002): rsp_len = 1008 rcvd_data_len = 1040, self_calculate_len=1040
D/        ( 1002): TIMA: QCOM_send_command result--0
D/        ( 1002): TIMA_PKM_measure_kernel returns with resp..ret=512!
D/        ( 1002): TAL: TIMA_PKM_measure_kernel--int8_t TIMA_PKM_measure_kernel(TIMA_handle_t, void*, uint32_t, void*, uint32_t, uint32_t)
D/        ( 1002): TIMA: QCOM_send_command--int8_t QCOM_send_command(TIMA_handle_t, void*, uint32_t, void*, uint32_t, uint32_t)
D/        ( 1002): rsp_len = 1008 rcvd_data_len = 1040, self_calculate_len=1040
D/        ( 1002): TIMA: QCOM_send_command result--0
D/        ( 1002): TIMA_PKM_measure_kernel returns with resp..ret=512!
D/        ( 1002): TAL: TIMA_PKM_measure_kernel--int8_t TIMA_PKM_measure_kernel(TIMA_handle_t, void*, uint32_t, void*, uint32_t, uint32_t)
D/        ( 1002): TIMA: QCOM_send_command--int8_t QCOM_send_command(TIMA_handle_t, void*, uint32_t, void*, uint32_t, uint32_t)
D/        ( 1002): rsp_len = 1008 rcvd_data_len = 1040, self_calculate_len=1040
D/        ( 1002): TIMA: QCOM_send_command result--0
D/        ( 1002): TIMA_PKM_measure_kernel returns with resp..ret=512!
D/        ( 1002): TAL: TIMA_PKM_measure_kernel--int8_t TIMA_PKM_measure_kernel(TIMA_handle_t, void*, uint32_t, void*, uint32_t, uint32_t)
D/        ( 1002): TIMA: QCOM_send_command--int8_t QCOM_send_command(TIMA_handle_t, void*, uint32_t, void*, uint32_t, uint32_t)
D/        ( 1002): rsp_len = 1008 rcvd_data_len = 1040, self_calculate_len=1040
D/        ( 1002): TIMA: QCOM_send_command result--0
D/        ( 1002): TIMA_PKM_measure_kernel returns with resp..ret=512!
D/        ( 1002): TAL: TIMA_PKM_measure_kernel--int8_t TIMA_PKM_measure_kernel(TIMA_handle_t, void*, uint32_t, void*, uint32_t, uint32_t)
D/        ( 1002): TIMA: QCOM_send_command--int8_t QCOM_send_command(TIMA_handle_t, void*, uint32_t, void*, uint32_t, uint32_t)
D/        ( 1002): rsp_len = 1008 rcvd_data_len = 1040, self_calculate_len=1040
D/        ( 1002): TIMA: QCOM_send_command result--0
D/        ( 1002): TIMA_PKM_measure_kernel returns with resp..ret=512!
D/        ( 1002): TAL: TIMA_PKM_measure_kernel--int8_t TIMA_PKM_measure_kernel(TIMA_handle_t, void*, uint32_t, void*, uint32_t, uint32_t)
D/        ( 1002): TIMA: QCOM_send_command--int8_t QCOM_send_command(TIMA_handle_t, void*, uint32_t, void*, uint32_t, uint32_t)
D/        ( 1002): rsp_len = 1008 rcvd_data_len = 1040, self_calculate_len=1040
D/        ( 1002): TIMA: QCOM_send_command result--0
D/        ( 1002): TIMA_PKM_measure_kernel returns with resp..ret=512!
D/        ( 1002): TAL: TIMA_PKM_measure_kernel--int8_t TIMA_PKM_measure_kernel(TIMA_handle_t, void*, uint32_t, void*, uint32_t, uint32_t)
D/        ( 1002): TIMA: QCOM_send_command--int8_t QCOM_send_command(TIMA_handle_t, void*, uint32_t, void*, uint32_t, uint32_t)
D/        ( 1002): rsp_len = 1008 rcvd_data_len = 1040, self_calculate_len=1040
D/        ( 1002): TIMA: QCOM_send_command result--0
D/        ( 1002): TIMA_PKM_measure_kernel returns with resp..ret=512!
D/        ( 1002): TAL: TIMA_PKM_measure_kernel--int8_t TIMA_PKM_measure_kernel(TIMA_handle_t, void*, uint32_t, void*, uint32_t, uint32_t)
D/        ( 1002): TIMA: QCOM_send_command--int8_t QCOM_send_command(TIMA_handle_t, void*, uint32_t, void*, uint32_t, uint32_t)
D/        ( 1002): rsp_len = 1008 rcvd_data_len = 1040, self_calculate_len=1040
D/        ( 1002): TIMA: QCOM_send_command result--0
D/        ( 1002): TIMA_PKM_measure_kernel returns with resp..ret=512!
D/        ( 1002): TAL: TIMA_PKM_measure_kernel--int8_t TIMA_PKM_measure_kernel(TIMA_handle_t, void*, uint32_t, void*, uint32_t, uint32_t)
D/        ( 1002): TIMA: QCOM_send_command--int8_t QCOM_send_command(TIMA_handle_t, void*, uint32_t, void*, uint32_t, uint32_t)
D/        ( 1002): rsp_len = 1008 rcvd_data_len = 1040, self_calculate_len=1040
D/        ( 1002): TIMA: QCOM_send_command result--0
D/        ( 1002): TIMA_PKM_measure_kernel returns with resp..ret=512!
D/        ( 1002): TAL: TIMA_PKM_measure_kernel--int8_t TIMA_PKM_measure_kernel(TIMA_handle_t, void*, uint32_t, void*, uint32_t, uint32_t)
D/        ( 1002): TIMA: QCOM_send_command--int8_t QCOM_send_command(TIMA_handle_t, void*, uint32_t, void*, uint32_t, uint32_t)
D/        ( 1002): rsp_len = 1008 rcvd_data_len = 1040, self_calculate_len=1040
V/AudioSink(  194): processSoundAlive samplerate 1 24000
V/AudioSink(  194): processSoundAlive samplerate 1 24000
V/AudioSink(  194): processSoundAlive samplerate 1 24000
V/AudioSink(  194): processSoundAlive samplerate 1 24000
V/AudioSink(  194): processSoundAlive samplerate 1 24000
V/GenericSource(  194): Posting read buffer for audio
V/GenericSource(  194): Posting read buffer for audio
V/GenericSource(  194): Posting read buffer for audio
V/GenericSource(  194): Posting read buffer for audio
D/        ( 1002): TIMA: QCOM_send_command result--0
D/        ( 1002): TIMA_PKM_measure_kernel returns with resp..ret=512!
D/        ( 1002): TAL: TIMA_PKM_measure_kernel--int8_t TIMA_PKM_measure_kernel(TIMA_handle_t, void*, uint32_t, void*, uint32_t, uint32_t)
D/        ( 1002): TIMA: QCOM_send_command--int8_t QCOM_send_command(TIMA_handle_t, void*, uint32_t, void*, uint32_t, uint32_t)
D/        ( 1002): rsp_len = 1008 rcvd_data_len = 1040, self_calculate_len=1040
D/        ( 1002): TIMA: QCOM_send_command result--0
D/        ( 1002): TIMA_PKM_measure_kernel returns with resp..ret=512!
D/        ( 1002): TAL: TIMA_PKM_measure_kernel--int8_t TIMA_PKM_measure_kernel(TIMA_handle_t, void*, uint32_t, void*, uint32_t, uint32_t)
D/        ( 1002): TIMA: QCOM_send_command--int8_t QCOM_send_command(TIMA_handle_t, void*, uint32_t, void*, uint32_t, uint32_t)
D/        ( 1002): rsp_len = 1008 rcvd_data_len = 1040, self_calculate_len=1040
V/NuPlayer(  194): kWhatSourceNotify with buffering-update for NuPlayer 100
D/GenericSource(  194): cachedDurationUs = 0.00 secs, eos=1
D/        ( 1002): TIMA: QCOM_send_command result--0
D/        ( 1002): TIMA_PKM_measure_kernel returns with resp..ret=512!
D/        ( 1002): TAL: TIMA_PKM_measure_kernel--int8_t TIMA_PKM_measure_kernel(TIMA_handle_t, void*, uint32_t, void*, uint32_t, uint32_t)
D/        ( 1002): TIMA: QCOM_send_command--int8_t QCOM_send_command(TIMA_handle_t, void*, uint32_t, void*, uint32_t, uint32_t)
D/        ( 1002): rsp_len = 1008 rcvd_data_len = 1040, self_calculate_len=1040
D/        ( 1002): TIMA: QCOM_send_command result--0
D/        ( 1002): TIMA_PKM_measure_kernel returns with resp..ret=512!
D/        ( 1002): TAL: TIMA_PKM_measure_kernel--int8_t TIMA_PKM_measure_kernel(TIMA_handle_t, void*, uint32_t, void*, uint32_t, uint32_t)
D/        ( 1002): TIMA: QCOM_send_command--int8_t QCOM_send_command(TIMA_handle_t, void*, uint32_t, void*, uint32_t, uint32_t)
D/        ( 1002): rsp_len = 1008 rcvd_data_len = 1040, self_calculate_len=1040
D/        ( 1002): TIMA: QCOM_send_command result--0
D/        ( 1002): TIMA_PKM_measure_kernel returns with resp..ret=512!
D/        ( 1002): TAL: TIMA_PKM_measure_kernel--int8_t TIMA_PKM_measure_kernel(TIMA_handle_t, void*, uint32_t, void*, uint32_t, uint32_t)
D/        ( 1002): TIMA: QCOM_send_command--int8_t QCOM_send_command(TIMA_handle_t, void*, uint32_t, void*, uint32_t, uint32_t)
D/        ( 1002): rsp_len = 1008 rcvd_data_len = 1040, self_calculate_len=1040
D/        ( 1002): TIMA: QCOM_send_command result--0
D/        ( 1002): TIMA_PKM_measure_kernel returns with resp..ret=512!
D/        ( 1002): TAL: TIMA_PKM_measure_kernel--int8_t TIMA_PKM_measure_kernel(TIMA_handle_t, void*, uint32_t, void*, uint32_t, uint32_t)
D/        ( 1002): TIMA: QCOM_send_command--int8_t QCOM_send_command(TIMA_handle_t, void*, uint32_t, void*, uint32_t, uint32_t)
D/        ( 1002): rsp_len = 1008 rcvd_data_len = 1040, self_calculate_len=1040
D/GenericSource(  194): cachedDurationUs = 0.00 secs, eos=1
V/NuPlayer(  194): kWhatSourceNotify with buffering-update for NuPlayer 100
D/        ( 1002): TIMA: QCOM_send_command result--0
D/        ( 1002): TIMA_PKM_measure_kernel returns with resp..ret=512!
D/        ( 1002): TAL: TIMA_PKM_measure_kernel--int8_t TIMA_PKM_measure_kernel(TIMA_handle_t, void*, uint32_t, void*, uint32_t, uint32_t)
D/        ( 1002): TIMA: QCOM_send_command--int8_t QCOM_send_command(TIMA_handle_t, void*, uint32_t, void*, uint32_t, uint32_t)
D/        ( 1002): rsp_len = 1008 rcvd_data_len = 1040, self_calculate_len=1040
D/        ( 1002): TIMA: QCOM_send_command result--0
D/        ( 1002): TIMA_PKM_measure_kernel returns with resp..ret=512!
D/        ( 1002): TAL: TIMA_PKM_measure_kernel--int8_t TIMA_PKM_measure_kernel(TIMA_handle_t, void*, uint32_t, void*, uint32_t, uint32_t)
D/        ( 1002): TIMA: QCOM_send_command--int8_t QCOM_send_command(TIMA_handle_t, void*, uint32_t, void*, uint32_t, uint32_t)
D/        ( 1002): rsp_len = 1008 rcvd_data_len = 1040, self_calculate_len=1040
D/        ( 1002): TIMA: QCOM_send_command result--0
D/        ( 1002): TIMA_PKM_measure_kernel returns with resp..ret=512!
D/        ( 1002): TAL: TIMA_PKM_measure_kernel--int8_t TIMA_PKM_measure_kernel(TIMA_handle_t, void*, uint32_t, void*, uint32_t, uint32_t)
D/        ( 1002): TIMA: QCOM_send_command--int8_t QCOM_send_command(TIMA_handle_t, void*, uint32_t, void*, uint32_t, uint32_t)
D/        ( 1002): rsp_len = 1008 rcvd_data_len = 1040, self_calculate_len=1040
D/        ( 1002): TIMA: QCOM_send_command result--0
D/        ( 1002): TIMA_PKM_measure_kernel returns with resp..ret=512!
D/        ( 1002): TAL: TIMA_PKM_measure_kernel--int8_t TIMA_PKM_measure_kernel(TIMA_handle_t, void*, uint32_t, void*, uint32_t, uint32_t)
D/        ( 1002): TIMA: QCOM_send_command--int8_t QCOM_send_command(TIMA_handle_t, void*, uint32_t, void*, uint32_t, uint32_t)
D/        ( 1002): rsp_len = 1008 rcvd_data_len = 1040, self_calculate_len=1040
D/        ( 1002): TIMA: QCOM_send_command result--0
D/        ( 1002): TIMA_PKM_measure_kernel returns with resp..ret=512!
D/        ( 1002): TAL: TIMA_PKM_measure_kernel--int8_t TIMA_PKM_measure_kernel(TIMA_handle_t, void*, uint32_t, void*, uint32_t, uint32_t)
D/        ( 1002): TIMA: QCOM_send_command--int8_t QCOM_send_command(TIMA_handle_t, void*, uint32_t, void*, uint32_t, uint32_t)
D/        ( 1002): rsp_len = 1008 rcvd_data_len = 1040, self_calculate_len=1040
V/AudioSink(  194): processSoundAlive samplerate 1 24000
V/AudioSink(  194): processSoundAlive samplerate 1 24000
V/AudioSink(  194): processSoundAlive samplerate 1 24000
V/AudioSink(  194): processSoundAlive samplerate 1 24000
V/GenericSource(  194): Posting read buffer for audio
V/GenericSource(  194): Posting read buffer for audio
D/        ( 1002): TIMA: QCOM_send_command result--0
D/        ( 1002): TIMA_PKM_measure_kernel returns with resp..ret=512!
D/        ( 1002): TAL: TIMA_PKM_measure_kernel--int8_t TIMA_PKM_measure_kernel(TIMA_handle_t, void*, uint32_t, void*, uint32_t, uint32_t)
D/        ( 1002): TIMA: QCOM_send_command--int8_t QCOM_send_command(TIMA_handle_t, void*, uint32_t, void*, uint32_t, uint32_t)
D/        ( 1002): rsp_len = 1008 rcvd_data_len = 1040, self_calculate_len=1040
V/GenericSource(  194): Posting read buffer for audio
D/        ( 1002): TIMA: QCOM_send_command result--0
D/        ( 1002): TIMA_PKM_measure_kernel returns with resp..ret=512!
D/        ( 1002): TAL: TIMA_PKM_measure_kernel--int8_t TIMA_PKM_measure_kernel(TIMA_handle_t, void*, uint32_t, void*, uint32_t, uint32_t)
D/        ( 1002): TIMA: QCOM_send_command--int8_t QCOM_send_command(TIMA_handle_t, void*, uint32_t, void*, uint32_t, uint32_t)
D/        ( 1002): rsp_len = 1008 rcvd_data_len = 1040, self_calculate_len=1040
D/        ( 1002): TIMA: QCOM_send_command result--0
D/        ( 1002): TIMA_PKM_measure_kernel returns with resp..ret=512!
D/        ( 1002): TAL: TIMA_PKM_measure_kernel--int8_t TIMA_PKM_measure_kernel(TIMA_handle_t, void*, uint32_t, void*, uint32_t, uint32_t)
D/        ( 1002): TIMA: QCOM_send_command--int8_t QCOM_send_command(TIMA_handle_t, void*, uint32_t, void*, uint32_t, uint32_t)
D/        ( 1002): rsp_len = 1008 rcvd_data_len = 1040, self_calculate_len=1040
D/        ( 1002): TIMA: QCOM_send_command result--0
D/        ( 1002): TIMA_PKM_measure_kernel returns with resp..ret=512!
D/        ( 1002): TAL: TIMA_PKM_measure_kernel--int8_t TIMA_PKM_measure_kernel(TIMA_handle_t, void*, uint32_t, void*, uint32_t, uint32_t)
D/        ( 1002): TIMA: QCOM_send_command--int8_t QCOM_send_command(TIMA_handle_t, void*, uint32_t, void*, uint32_t, uint32_t)
D/        ( 1002): rsp_len = 1008 rcvd_data_len = 1040, self_calculate_len=1040
D/        ( 1002): TIMA: QCOM_send_command result--0
D/        ( 1002): TIMA_PKM_measure_kernel returns with resp..ret=512!
D/        ( 1002): TAL: TIMA_PKM_measure_kernel--int8_t TIMA_PKM_measure_kernel(TIMA_handle_t, void*, uint32_t, void*, uint32_t, uint32_t)
D/        ( 1002): TIMA: QCOM_send_command--int8_t QCOM_send_command(TIMA_handle_t, void*, uint32_t, void*, uint32_t, uint32_t)
D/        ( 1002): rsp_len = 1008 rcvd_data_len = 1040, self_calculate_len=1040
D/        ( 1002): TIMA: QCOM_send_command result--0
D/        ( 1002): TIMA_PKM_measure_kernel returns with resp..ret=512!
D/        ( 1002): TAL: TIMA_PKM_measure_kernel--int8_t TIMA_PKM_measure_kernel(TIMA_handle_t, void*, uint32_t, void*, uint32_t, uint32_t)
D/        ( 1002): TIMA: QCOM_send_command--int8_t QCOM_send_command(TIMA_handle_t, void*, uint32_t, void*, uint32_t, uint32_t)
D/        ( 1002): rsp_len = 1008 rcvd_data_len = 1040, self_calculate_len=1040
D/        ( 1002): TIMA: QCOM_send_command result--0
D/        ( 1002): TIMA_PKM_measure_kernel returns with resp..ret=512!
D/        ( 1002): TAL: TIMA_PKM_measure_kernel--int8_t TIMA_PKM_measure_kernel(TIMA_handle_t, void*, uint32_t, void*, uint32_t, uint32_t)
D/        ( 1002): TIMA: QCOM_send_command--int8_t QCOM_send_command(TIMA_handle_t, void*, uint32_t, void*, uint32_t, uint32_t)
D/        ( 1002): rsp_len = 1008 rcvd_data_len = 1040, self_calculate_len=1040
D/        ( 1002): TIMA: QCOM_send_command result--0
D/        ( 1002): TIMA_PKM_measure_kernel returns with resp..ret=512!
D/        ( 1002): TAL: TIMA_PKM_measure_kernel--int8_t TIMA_PKM_measure_kernel(TIMA_handle_t, void*, uint32_t, void*, uint32_t, uint32_t)
D/        ( 1002): TIMA: QCOM_send_command--int8_t QCOM_send_command(TIMA_handle_t, void*, uint32_t, void*, uint32_t, uint32_t)
D/        ( 1002): rsp_len = 1008 rcvd_data_len = 1040, self_calculate_len=1040
D/        ( 1002): TIMA: QCOM_send_command result--0
D/        ( 1002): TIMA_PKM_measure_kernel returns with resp..ret=512!
D/        ( 1002): TAL: TIMA_PKM_measure_kernel--int8_t TIMA_PKM_measure_kernel(TIMA_handle_t, void*, uint32_t, void*, uint32_t, uint32_t)
D/        ( 1002): TIMA: QCOM_send_command--int8_t QCOM_send_command(TIMA_handle_t, void*, uint32_t, void*, uint32_t, uint32_t)
D/        ( 1002): rsp_len = 1008 rcvd_data_len = 1040, self_calculate_len=1040
D/GenericSource(  194): cachedDurationUs = 38.33 secs, eos=1
V/NuPlayer(  194): kWhatSourceNotify with buffering-update for NuPlayer 100
V/MediaPlayerService(  194): [2282] notify (0xb7e99ce8, 3, 100, 0)
V/MediaPlayer(31455): message received msg=3, ext1=100, ext2=0
V/MediaPlayer(31455): buffering 100
V/MediaPlayer(31455): callback application
V/MediaPlayer(31455): back from callback
D/        ( 1002): TIMA: QCOM_send_command result--0
D/        ( 1002): TIMA_PKM_measure_kernel returns with resp..ret=512!
D/        ( 1002): TAL: TIMA_PKM_measure_kernel--int8_t TIMA_PKM_measure_kernel(TIMA_handle_t, void*, uint32_t, void*, uint32_t, uint32_t)
D/        ( 1002): TIMA: QCOM_send_command--int8_t QCOM_send_command(TIMA_handle_t, void*, uint32_t, void*, uint32_t, uint32_t)
D/        ( 1002): rsp_len = 1008 rcvd_data_len = 1040, self_calculate_len=1040
D/        ( 1002): TIMA: QCOM_send_command result--0
D/        ( 1002): TIMA_PKM_measure_kernel returns with resp..ret=512!
D/        ( 1002): TAL: TIMA_PKM_measure_kernel--int8_t TIMA_PKM_measure_kernel(TIMA_handle_t, void*, uint32_t, void*, uint32_t, uint32_t)
D/        ( 1002): TIMA: QCOM_send_command--int8_t QCOM_send_command(TIMA_handle_t, void*, uint32_t, void*, uint32_t, uint32_t)
D/        ( 1002): rsp_len = 1008 rcvd_data_len = 1040, self_calculate_len=1040
D/        ( 1002): TIMA: QCOM_send_command result--0
D/        ( 1002): TIMA_PKM_measure_kernel returns with resp..ret=512!
D/        ( 1002): TAL: TIMA_PKM_measure_kernel--int8_t TIMA_PKM_measure_kernel(TIMA_handle_t, void*, uint32_t, void*, uint32_t, uint32_t)
D/        ( 1002): TIMA: QCOM_send_command--int8_t QCOM_send_command(TIMA_handle_t, void*, uint32_t, void*, uint32_t, uint32_t)
D/        ( 1002): rsp_len = 1008 rcvd_data_len = 1040, self_calculate_len=1040
D/        ( 1002): TIMA: QCOM_send_command result--0
D/        ( 1002): TIMA_PKM_measure_kernel returns with resp..ret=512!
D/        ( 1002): TAL: TIMA_PKM_measure_kernel--int8_t TIMA_PKM_measure_kernel(TIMA_handle_t, void*, uint32_t, void*, uint32_t, uint32_t)
D/        ( 1002): TIMA: QCOM_send_command--int8_t QCOM_send_command(TIMA_handle_t, void*, uint32_t, void*, uint32_t, uint32_t)
D/        ( 1002): rsp_len = 1008 rcvd_data_len = 1040, self_calculate_len=1040
D/        ( 1002): TIMA: QCOM_send_command result--0
D/        ( 1002): TIMA_PKM_measure_kernel returns with resp..ret=512!
D/        ( 1002): TAL: TIMA_PKM_measure_kernel--int8_t TIMA_PKM_measure_kernel(TIMA_handle_t, void*, uint32_t, void*, uint32_t, uint32_t)
D/        ( 1002): TIMA: QCOM_send_command--int8_t QCOM_send_command(TIMA_handle_t, void*, uint32_t, void*, uint32_t, uint32_t)
D/        ( 1002): rsp_len = 1008 rcvd_data_len = 1040, self_calculate_len=1040
D/        ( 1002): TIMA: QCOM_send_command result--0
D/        ( 1002): TIMA_PKM_measure_kernel returns with resp..ret=512!
D/        ( 1002): TAL: TIMA_PKM_measure_kernel--int8_t TIMA_PKM_measure_kernel(TIMA_handle_t, void*, uint32_t, void*, uint32_t, uint32_t)
D/        ( 1002): TIMA: QCOM_send_command--int8_t QCOM_send_command(TIMA_handle_t, void*, uint32_t, void*, uint32_t, uint32_t)
D/        ( 1002): rsp_len = 1008 rcvd_data_len = 1040, self_calculate_len=1040
D/        ( 1002): TIMA: QCOM_send_command result--0
D/        ( 1002): TIMA_PKM_measure_kernel returns with resp..ret=512!
D/        ( 1002): TAL: TIMA_PKM_measure_kernel--int8_t TIMA_PKM_measure_kernel(TIMA_handle_t, void*, uint32_t, void*, uint32_t, uint32_t)
D/        ( 1002): TIMA: QCOM_send_command--int8_t QCOM_send_command(TIMA_handle_t, void*, uint32_t, void*, uint32_t, uint32_t)
D/        ( 1002): rsp_len = 1008 rcvd_data_len = 1040, self_calculate_len=1040
V/AudioSink(  194): processSoundAlive samplerate 1 24000
V/AudioSink(  194): processSoundAlive samplerate 1 24000
V/AudioSink(  194): processSoundAlive samplerate 1 24000
V/AudioSink(  194): processSoundAlive samplerate 1 24000
V/GenericSource(  194): Posting read buffer for audio
V/GenericSource(  194): Posting read buffer for audio
V/GenericSource(  194): Posting read buffer for audio
D/        ( 1002): TIMA: QCOM_send_command result--0
D/        ( 1002): TIMA_PKM_measure_kernel returns with resp..ret=512!
D/        ( 1002): TAL: TIMA_PKM_measure_kernel--int8_t TIMA_PKM_measure_kernel(TIMA_handle_t, void*, uint32_t, void*, uint32_t, uint32_t)
D/        ( 1002): TIMA: QCOM_send_command--int8_t QCOM_send_command(TIMA_handle_t, void*, uint32_t, void*, uint32_t, uint32_t)
D/        ( 1002): rsp_len = 1008 rcvd_data_len = 1040, self_calculate_len=1040
D/        ( 1002): TIMA: QCOM_send_command result--0
D/        ( 1002): TIMA_PKM_measure_kernel returns with resp..ret=512!
D/        ( 1002): TAL: TIMA_PKM_measure_kernel--int8_t TIMA_PKM_measure_kernel(TIMA_handle_t, void*, uint32_t, void*, uint32_t, uint32_t)
D/        ( 1002): TIMA: QCOM_send_command--int8_t QCOM_send_command(TIMA_handle_t, void*, uint32_t, void*, uint32_t, uint32_t)
D/        ( 1002): rsp_len = 1008 rcvd_data_len = 1040, self_calculate_len=1040
D/        ( 1002): TIMA: QCOM_send_command result--0
D/        ( 1002): TIMA_PKM_measure_kernel returns with resp..ret=512!
D/        ( 1002): TAL: TIMA_PKM_measure_kernel--int8_t TIMA_PKM_measure_kernel(TIMA_handle_t, void*, uint32_t, void*, uint32_t, uint32_t)
D/        ( 1002): TIMA: QCOM_send_command--int8_t QCOM_send_command(TIMA_handle_t, void*, uint32_t, void*, uint32_t, uint32_t)
D/        ( 1002): rsp_len = 1008 rcvd_data_len = 1040, self_calculate_len=1040
D/        ( 1002): TIMA: QCOM_send_command result--0
D/        ( 1002): TIMA_PKM_measure_kernel returns with resp..ret=512!
D/        ( 1002): TAL: TIMA_PKM_measure_kernel--int8_t TIMA_PKM_measure_kernel(TIMA_handle_t, void*, uint32_t, void*, uint32_t, uint32_t)
D/        ( 1002): TIMA: QCOM_send_command--int8_t QCOM_send_command(TIMA_handle_t, void*, uint32_t, void*, uint32_t, uint32_t)
D/        ( 1002): rsp_len = 1008 rcvd_data_len = 1040, self_calculate_len=1040
D/        ( 1002): TIMA: QCOM_send_command result--0
D/        ( 1002): TIMA_PKM_measure_kernel returns with resp..ret=512!
D/        ( 1002): TAL: TIMA_PKM_measure_kernel--int8_t TIMA_PKM_measure_kernel(TIMA_handle_t, void*, uint32_t, void*, uint32_t, uint32_t)
D/        ( 1002): TIMA: QCOM_send_command--int8_t QCOM_send_command(TIMA_handle_t, void*, uint32_t, void*, uint32_t, uint32_t)
D/        ( 1002): rsp_len = 1008 rcvd_data_len = 1040, self_calculate_len=1040
D/        ( 1002): TIMA: QCOM_send_command result--0
D/        ( 1002): TIMA_PKM_measure_kernel returns with resp..ret=512!
D/        ( 1002): TAL: TIMA_PKM_measure_kernel--int8_t TIMA_PKM_measure_kernel(TIMA_handle_t, void*, uint32_t, void*, uint32_t, uint32_t)
D/        ( 1002): TIMA: QCOM_send_command--int8_t QCOM_send_command(TIMA_handle_t, void*, uint32_t, void*, uint32_t, uint32_t)
D/        ( 1002): rsp_len = 1008 rcvd_data_len = 1040, self_calculate_len=1040
D/        ( 1002): TIMA: QCOM_send_command result--0
D/        ( 1002): TIMA_PKM_measure_kernel returns with resp..ret=512!
D/        ( 1002): TAL: TIMA_PKM_measure_kernel--int8_t TIMA_PKM_measure_kernel(TIMA_handle_t, void*, uint32_t, void*, uint32_t, uint32_t)
D/        ( 1002): TIMA: QCOM_send_command--int8_t QCOM_send_command(TIMA_handle_t, void*, uint32_t, void*, uint32_t, uint32_t)
D/        ( 1002): rsp_len = 1008 rcvd_data_len = 1040, self_calculate_len=1040
D/        ( 1002): TIMA: QCOM_send_command result--0
D/        ( 1002): TIMA_PKM_measure_kernel returns with resp..ret=512!
D/        ( 1002): TAL: TIMA_PKM_measure_kernel--int8_t TIMA_PKM_measure_kernel(TIMA_handle_t, void*, uint32_t, void*, uint32_t, uint32_t)
D/        ( 1002): TIMA: QCOM_send_command--int8_t QCOM_send_command(TIMA_handle_t, void*, uint32_t, void*, uint32_t, uint32_t)
D/        ( 1002): rsp_len = 1008 rcvd_data_len = 1040, self_calculate_len=1040
D/        ( 1002): TIMA: QCOM_send_command result--0
D/        ( 1002): TIMA_PKM_measure_kernel returns with resp..ret=512!
D/        ( 1002): TAL: TIMA_PKM_measure_kernel--int8_t TIMA_PKM_measure_kernel(TIMA_handle_t, void*, uint32_t, void*, uint32_t, uint32_t)
D/        ( 1002): TIMA: QCOM_send_command--int8_t QCOM_send_command(TIMA_handle_t, void*, uint32_t, void*, uint32_t, uint32_t)
D/        ( 1002): rsp_len = 1008 rcvd_data_len = 1040, self_calculate_len=1040
D/        ( 1002): TIMA: QCOM_send_command result--0
D/        ( 1002): TIMA_PKM_measure_kernel returns with resp..ret=512!
D/        ( 1002): TAL: TIMA_PKM_measure_kernel--int8_t TIMA_PKM_measure_kernel(TIMA_handle_t, void*, uint32_t, void*, uint32_t, uint32_t)
D/        ( 1002): TIMA: QCOM_send_command--int8_t QCOM_send_command(TIMA_handle_t, void*, uint32_t, void*, uint32_t, uint32_t)
D/        ( 1002): rsp_len = 1008 rcvd_data_len = 1040, self_calculate_len=1040
D/        ( 1002): TIMA: QCOM_send_command result--0
D/        ( 1002): TIMA_PKM_measure_kernel returns with resp..ret=512!
D/        ( 1002): TAL: TIMA_PKM_measure_kernel--int8_t TIMA_PKM_measure_kernel(TIMA_handle_t, void*, uint32_t, void*, uint32_t, uint32_t)
D/        ( 1002): TIMA: QCOM_send_command--int8_t QCOM_send_command(TIMA_handle_t, void*, uint32_t, void*, uint32_t, uint32_t)
D/        ( 1002): rsp_len = 1008 rcvd_data_len = 1040, self_calculate_len=1040
D/        ( 1002): TIMA: QCOM_send_command result--0
D/        ( 1002): TIMA_PKM_measure_kernel returns with resp..ret=512!
D/        ( 1002): TAL: TIMA_PKM_measure_kernel--int8_t TIMA_PKM_measure_kernel(TIMA_handle_t, void*, uint32_t, void*, uint32_t, uint32_t)
D/        ( 1002): TIMA: QCOM_send_command--int8_t QCOM_send_command(TIMA_handle_t, void*, uint32_t, void*, uint32_t, uint32_t)
D/        ( 1002): rsp_len = 1008 rcvd_data_len = 1040, self_calculate_len=1040
D/        ( 1002): TIMA: QCOM_send_command result--0
D/        ( 1002): TIMA_PKM_measure_kernel returns with resp..ret=512!
D/        ( 1002): TAL: TIMA_PKM_measure_kernel--int8_t TIMA_PKM_measure_kernel(TIMA_handle_t, void*, uint32_t, void*, uint32_t, uint32_t)
D/        ( 1002): TIMA: QCOM_send_command--int8_t QCOM_send_command(TIMA_handle_t, void*, uint32_t, void*, uint32_t, uint32_t)
D/        ( 1002): rsp_len = 1008 rcvd_data_len = 1040, self_calculate_len=1040
D/        ( 1002): TIMA: QCOM_send_command result--0
D/        ( 1002): TIMA_PKM_measure_kernel returns with resp..ret=512!
D/        ( 1002): TAL: TIMA_PKM_measure_kernel--int8_t TIMA_PKM_measure_kernel(TIMA_handle_t, void*, uint32_t, void*, uint32_t, uint32_t)
D/        ( 1002): TIMA: QCOM_send_command--int8_t QCOM_send_command(TIMA_handle_t, void*, uint32_t, void*, uint32_t, uint32_t)
D/        ( 1002): rsp_len = 1008 rcvd_data_len = 1040, self_calculate_len=1040
D/        ( 1002): TIMA: QCOM_send_command result--0
D/        ( 1002): TIMA_PKM_measure_kernel returns with resp..ret=512!
D/        ( 1002): TAL: TIMA_PKM_measure_kernel--int8_t TIMA_PKM_measure_kernel(TIMA_handle_t, void*, uint32_t, void*, uint32_t, uint32_t)
D/        ( 1002): TIMA: QCOM_send_command--int8_t QCOM_send_command(TIMA_handle_t, void*, uint32_t, void*, uint32_t, uint32_t)
D/        ( 1002): rsp_len = 1008 rcvd_data_len = 1040, self_calculate_len=1040
D/        ( 1002): TIMA: QCOM_send_command result--0
D/        ( 1002): TIMA_PKM_measure_kernel returns with resp..ret=512!
D/        ( 1002): TAL: TIMA_PKM_measure_kernel--int8_t TIMA_PKM_measure_kernel(TIMA_handle_t, void*, uint32_t, void*, uint32_t, uint32_t)
D/        ( 1002): TIMA: QCOM_send_command--int8_t QCOM_send_command(TIMA_handle_t, void*, uint32_t, void*, uint32_t, uint32_t)
D/        ( 1002): rsp_len = 1008 rcvd_data_len = 1040, self_calculate_len=1040
D/        ( 1002): TIMA: QCOM_send_command result--0
D/        ( 1002): TIMA_PKM_measure_kernel returns with resp..ret=512!
D/        ( 1002): TAL: TIMA_PKM_measure_kernel--int8_t TIMA_PKM_measure_kernel(TIMA_handle_t, void*, uint32_t, void*, uint32_t, uint32_t)
D/        ( 1002): TIMA: QCOM_send_command--int8_t QCOM_send_command(TIMA_handle_t, void*, uint32_t, void*, uint32_t, uint32_t)
D/        ( 1002): rsp_len = 1008 rcvd_data_len = 1040, self_calculate_len=1040
V/AudioSink(  194): processSoundAlive samplerate 1 24000
V/AudioSink(  194): processSoundAlive samplerate 1 24000
V/AudioSink(  194): processSoundAlive samplerate 1 24000
V/GenericSource(  194): Posting read buffer for audio
V/GenericSource(  194): Posting read buffer for audio
D/        ( 1002): TIMA: QCOM_send_command result--0
D/        ( 1002): TIMA_PKM_measure_kernel returns with resp..ret=512!
D/        ( 1002): TAL: TIMA_PKM_measure_kernel--int8_t TIMA_PKM_measure_kernel(TIMA_handle_t, void*, uint32_t, void*, uint32_t, uint32_t)
D/        ( 1002): TIMA: QCOM_send_command--int8_t QCOM_send_command(TIMA_handle_t, void*, uint32_t, void*, uint32_t, uint32_t)
D/        ( 1002): rsp_len = 1008 rcvd_data_len = 1040, self_calculate_len=1040
D/        ( 1002): TIMA: QCOM_send_command result--0
D/        ( 1002): TIMA_PKM_measure_kernel returns with resp..ret=512!
D/        ( 1002): TAL: TIMA_PKM_measure_kernel--int8_t TIMA_PKM_measure_kernel(TIMA_handle_t, void*, uint32_t, void*, uint32_t, uint32_t)
D/        ( 1002): TIMA: QCOM_send_command--int8_t QCOM_send_command(TIMA_handle_t, void*, uint32_t, void*, uint32_t, uint32_t)
D/        ( 1002): rsp_len = 1008 rcvd_data_len = 1040, self_calculate_len=1040
D/        ( 1002): TIMA: QCOM_send_command result--0
D/        ( 1002): TIMA_PKM_measure_kernel returns with resp..ret=512!
D/        ( 1002): TAL: TIMA_PKM_measure_kernel--int8_t TIMA_PKM_measure_kernel(TIMA_handle_t, void*, uint32_t, void*, uint32_t, uint32_t)
D/        ( 1002): TIMA: QCOM_send_command--int8_t QCOM_send_command(TIMA_handle_t, void*, uint32_t, void*, uint32_t, uint32_t)
D/        ( 1002): rsp_len = 1008 rcvd_data_len = 1040, self_calculate_len=1040
D/        ( 1002): TIMA: QCOM_send_command result--0
D/        ( 1002): TIMA_PKM_measure_kernel returns with resp..ret=512!
D/        ( 1002): TAL: TIMA_PKM_measure_kernel--int8_t TIMA_PKM_measure_kernel(TIMA_handle_t, void*, uint32_t, void*, uint32_t, uint32_t)
D/        ( 1002): TIMA: QCOM_send_command--int8_t QCOM_send_command(TIMA_handle_t, void*, uint32_t, void*, uint32_t, uint32_t)
D/        ( 1002): rsp_len = 1008 rcvd_data_len = 1040, self_calculate_len=1040
D/        ( 1002): TIMA: QCOM_send_command result--0
D/        ( 1002): TIMA_PKM_measure_kernel returns with resp..ret=512!
D/        ( 1002): TAL: TIMA_PKM_measure_kernel--int8_t TIMA_PKM_measure_kernel(TIMA_handle_t, void*, uint32_t, void*, uint32_t, uint32_t)
D/        ( 1002): TIMA: QCOM_send_command--int8_t QCOM_send_command(TIMA_handle_t, void*, uint32_t, void*, uint32_t, uint32_t)
D/        ( 1002): rsp_len = 1008 rcvd_data_len = 1040, self_calculate_len=1040
D/        ( 1002): TIMA: QCOM_send_command result--0
D/        ( 1002): TIMA_PKM_measure_kernel returns with resp..ret=512!
D/        ( 1002): TAL: TIMA_PKM_measure_kernel--int8_t TIMA_PKM_measure_kernel(TIMA_handle_t, void*, uint32_t, void*, uint32_t, uint32_t)
D/        ( 1002): TIMA: QCOM_send_command--int8_t QCOM_send_command(TIMA_handle_t, void*, uint32_t, void*, uint32_t, uint32_t)
D/        ( 1002): rsp_len = 1008 rcvd_data_len = 1040, self_calculate_len=1040
D/        ( 1002): TIMA: QCOM_send_command result--0
D/        ( 1002): TIMA_PKM_measure_kernel returns with resp..ret=512!
D/        ( 1002): TAL: TIMA_PKM_measure_kernel--int8_t TIMA_PKM_measure_kernel(TIMA_handle_t, void*, uint32_t, void*, uint32_t, uint32_t)
D/        ( 1002): TIMA: QCOM_send_command--int8_t QCOM_send_command(TIMA_handle_t, void*, uint32_t, void*, uint32_t, uint32_t)
D/        ( 1002): rsp_len = 1008 rcvd_data_len = 1040, self_calculate_len=1040
D/        ( 1002): TIMA: QCOM_send_command result--0
D/        ( 1002): TIMA_PKM_measure_kernel returns with resp..ret=512!
D/        ( 1002): TAL: TIMA_PKM_measure_kernel--int8_t TIMA_PKM_measure_kernel(TIMA_handle_t, void*, uint32_t, void*, uint32_t, uint32_t)
D/        ( 1002): TIMA: QCOM_send_command--int8_t QCOM_send_command(TIMA_handle_t, void*, uint32_t, void*, uint32_t, uint32_t)
D/        ( 1002): rsp_len = 1008 rcvd_data_len = 1040, self_calculate_len=1040
D/        ( 1002): TIMA: QCOM_send_command result--0
D/        ( 1002): TIMA_PKM_measure_kernel returns with resp..ret=512!
D/        ( 1002): TAL: TIMA_PKM_measure_kernel--int8_t TIMA_PKM_measure_kernel(TIMA_handle_t, void*, uint32_t, void*, uint32_t, uint32_t)
D/        ( 1002): TIMA: QCOM_send_command--int8_t QCOM_send_command(TIMA_handle_t, void*, uint32_t, void*, uint32_t, uint32_t)
D/        ( 1002): rsp_len = 1008 rcvd_data_len = 1040, self_calculate_len=1040
D/        ( 1002): TIMA: QCOM_send_command result--0
D/        ( 1002): TIMA_PKM_measure_kernel returns with resp..ret=512!
D/        ( 1002): TAL: TIMA_PKM_measure_kernel--int8_t TIMA_PKM_measure_kernel(TIMA_handle_t, void*, uint32_t, void*, uint32_t, uint32_t)
D/        ( 1002): TIMA: QCOM_send_command--int8_t QCOM_send_command(TIMA_handle_t, void*, uint32_t, void*, uint32_t, uint32_t)
D/        ( 1002): rsp_len = 1008 rcvd_data_len = 1040, self_calculate_len=1040
D/        ( 1002): TIMA: QCOM_send_command result--0
D/        ( 1002): TIMA_PKM_measure_kernel returns with resp..ret=512!
D/        ( 1002): TAL: TIMA_PKM_measure_kernel--int8_t TIMA_PKM_measure_kernel(TIMA_handle_t, void*, uint32_t, void*, uint32_t, uint32_t)
D/        ( 1002): TIMA: QCOM_send_command--int8_t QCOM_send_command(TIMA_handle_t, void*, uint32_t, void*, uint32_t, uint32_t)
D/        ( 1002): rsp_len = 1008 rcvd_data_len = 1040, self_calculate_len=1040
D/        ( 1002): TIMA: QCOM_send_command result--0
D/        ( 1002): TIMA_PKM_measure_kernel returns with resp..ret=512!
D/        ( 1002): TAL: TIMA_PKM_measure_kernel--int8_t TIMA_PKM_measure_kernel(TIMA_handle_t, void*, uint32_t, void*, uint32_t, uint32_t)
D/        ( 1002): TIMA: QCOM_send_command--int8_t QCOM_send_command(TIMA_handle_t, void*, uint32_t, void*, uint32_t, uint32_t)
D/        ( 1002): rsp_len = 1008 rcvd_data_len = 1040, self_calculate_len=1040
D/        ( 1002): TIMA: QCOM_send_command result--0
D/        ( 1002): TIMA_PKM_measure_kernel returns with resp..ret=512!
D/        ( 1002): TAL: TIMA_PKM_measure_kernel--int8_t TIMA_PKM_measure_kernel(TIMA_handle_t, void*, uint32_t, void*, uint32_t, uint32_t)
D/        ( 1002): TIMA: QCOM_send_command--int8_t QCOM_send_command(TIMA_handle_t, void*, uint32_t, void*, uint32_t, uint32_t)
D/        ( 1002): rsp_len = 1008 rcvd_data_len = 1040, self_calculate_len=1040
D/        ( 1002): TIMA: QCOM_send_command result--0
D/        ( 1002): TIMA_PKM_measure_kernel returns with resp..ret=512!
D/        ( 1002): TAL: TIMA_P