I/Icing   (26298): Indexing 3A9F3F0C7032E79894A0F7BD61B0FF76D97E8B2E from com.google.android.googlequicksearchbox
I/Icing   (26298): Not enough disk space for indexing trimmable
V/AudioSink(  194): processSoundAlive samplerate 1 24000
V/AudioSink(  194): processSoundAlive samplerate 1 24000
V/AudioSink(  194): processSoundAlive samplerate 1 24000
V/GenericSource(  194): Posting read buffer for audio
V/GenericSource(  194): Posting read buffer for audio
V/NuPlayer(  194): kWhatSourceNotify with buffering-update for NuPlayer 100
V/MediaPlayerService(  194): [2282] notify (0xb7e99ce8, 3, 100, 0)
V/MediaPlayer(31455): message received msg=3, ext1=100, ext2=0
D/GenericSource(  194): cachedDurationUs = 54.15 secs, eos=1
V/MediaPlayer(31455): buffering 100
V/MediaPlayer(31455): callback application
V/MediaPlayer(31455): back from callback
W/Icing   (26298): CLD2 bad utf8
V/AudioSink(  194): processSoundAlive samplerate 1 24000
V/AudioSink(  194): processSoundAlive samplerate 1 24000
V/AudioSink(  194): processSoundAlive samplerate 1 24000
V/AudioSink(  194): processSoundAlive samplerate 1 24000
V/GenericSource(  194): Posting read buffer for audio
V/GenericSource(  194): Posting read buffer for audio
V/GenericSource(  194): Posting read buffer for audio
E/SMD     (  185): DCD OFF
I/Icing   (26298): Not enough disk space for indexing trimmable
V/AudioSink(  194): processSoundAlive samplerate 1 24000
V/AudioSink(  194): processSoundAlive samplerate 1 24000
V/AudioSink(  194): processSoundAlive samplerate 1 24000
V/AudioSink(  194): processSoundAlive samplerate 1 24000
V/GenericSource(  194): Posting read buffer for audio
V/GenericSource(  194): Posting read buffer for audio
V/GenericSource(  194): Posting read buffer for audio
I/Icing   (26298): Indexing done 3A9F3F0C7032E79894A0F7BD61B0FF76D97E8B2E
I/ServiceKeeper( 1002): In getpackagename pid = 1002 uid = 1000 package name = android
V/AudioSink(  194): processSoundAlive samplerate 1 24000
V/AudioSink(  194): processSoundAlive samplerate 1 24000
V/AudioSink(  194): processSoundAlive samplerate 1 24000
V/GenericSource(  194): Posting read buffer for audio
V/GenericSource(  194): Posting read buffer for audio
D/GenericSource(  194): cachedDurationUs = 0.00 secs, eos=1
V/NuPlayer(  194): kWhatSourceNotify with buffering-update for NuPlayer 100
D/GenericSource(  194): cachedDurationUs = 0.00 secs, eos=1
V/NuPlayer(  194): kWhatSourceNotify with buffering-update for NuPlayer 100
V/AudioSink(  194): processSoundAlive samplerate 1 24000
V/AudioSink(  194): processSoundAlive samplerate 1 24000
V/AudioSink(  194): processSoundAlive samplerate 1 24000
V/AudioSink(  194): processSoundAlive samplerate 1 24000
V/GenericSource(  194): Posting read buffer for audio
V/GenericSource(  194): Posting read buffer for audio
V/GenericSource(  194): Posting read buffer for audio
D/GenericSource(  194): cachedDurationUs = 53.22 secs, eos=1
V/NuPlayer(  194): kWhatSourceNotify with buffering-update for NuPlayer 100
V/MediaPlayerService(  194): [2282] notify (0xb7e99ce8, 3, 100, 0)
V/MediaPlayer(31455): message received msg=3, ext1=100, ext2=0
V/MediaPlayer(31455): buffering 100
V/MediaPlayer(31455): callback application
V/MediaPlayer(31455): back from callback
V/AudioSink(  194): processSoundAlive samplerate 1 24000
V/AudioSink(  194): processSoundAlive samplerate 1 24000
V/AudioSink(  194): processSoundAlive samplerate 1 24000
V/AudioSink(  194): processSoundAlive samplerate 1 24000
V/GenericSource(  194): Posting read buffer for audio
V/GenericSource(  194): Posting read buffer for audio
V/GenericSource(  194): Posting read buffer for audio
V/AudioSink(  194): processSoundAlive samplerate 1 24000
V/AudioSink(  194): processSoundAlive samplerate 1 24000
V/AudioSink(  194): processSoundAlive samplerate 1 24000
V/AudioSink(  194): processSoundAlive samplerate 1 24000
V/GenericSource(  194): Posting read buffer for audio
V/GenericSource(  194): Posting read buffer for audio
V/GenericSource(  194): Posting read buffer for audio
V/AudioSink(  194): processSoundAlive samplerate 1 24000
V/AudioSink(  194): processSoundAlive samplerate 1 24000
V/AudioSink(  194): processSoundAlive samplerate 1 24000
V/AudioSink(  194): processSoundAlive samplerate 1 24000
V/GenericSource(  194): Posting read buffer for audio
V/GenericSource(  194): Posting read buffer for audio
V/GenericSource(  194): Posting read buffer for audio
V/NuPlayer(  194): kWhatSourceNotify with buffering-update for NuPlayer 100
D/GenericSource(  194): cachedDurationUs = 0.00 secs, eos=1
D/GenericSource(  194): cachedDurationUs = 0.00 secs, eos=1
V/NuPlayer(  194): kWhatSourceNotify with buffering-update for NuPlayer 100
V/AudioSink(  194): processSoundAlive samplerate 1 24000
V/AudioSink(  194): processSoundAlive samplerate 1 24000
V/AudioSink(  194): processSoundAlive samplerate 1 24000
V/GenericSource(  194): Posting read buffer for audio
V/GenericSource(  194): Posting read buffer for audio
D/GenericSource(  194): cachedDurationUs = 52.30 secs, eos=1
V/NuPlayer(  194): kWhatSourceNotify with buffering-update for NuPlayer 100
V/MediaPlayerService(  194): [2282] notify (0xb7e99ce8, 3, 100, 0)
V/MediaPlayer(31455): message received msg=3, ext1=100, ext2=0
V/MediaPlayer(31455): buffering 100
V/MediaPlayer(31455): callback application
V/MediaPlayer(31455): back from callback
V/AudioSink(  194): processSoundAlive samplerate 1 24000
V/AudioSink(  194): processSoundAlive samplerate 1 24000
V/AudioSink(  194): processSoundAlive samplerate 1 24000
V/AudioSink(  194): processSoundAlive samplerate 1 24000
V/GenericSource(  194): Posting read buffer for audio
V/GenericSource(  194): Posting read buffer for audio
V/GenericSource(  194): Posting read buffer for audio
V/AudioSink(  194): processSoundAlive samplerate 1 24000
V/AudioSink(  194): processSoundAlive samplerate 1 24000
V/AudioSink(  194): processSoundAlive samplerate 1 24000
V/AudioSink(  194): processSoundAlive samplerate 1 24000
V/GenericSource(  194): Posting read buffer for audio
V/GenericSource(  194): Posting read buffer for audio
V/GenericSource(  194): Posting read buffer for audio
V/AudioSink(  194): processSoundAlive samplerate 1 24000
V/AudioSink(  194): processSoundAlive samplerate 1 24000
V/AudioSink(  194): processSoundAlive samplerate 1 24000
V/GenericSource(  194): Posting read buffer for audio
V/GenericSource(  194): Posting read buffer for audio
V/NuPlayer(  194): kWhatSourceNotify with buffering-update for NuPlayer 100
D/GenericSource(  194): cachedDurationUs = 0.00 secs, eos=1
D/GenericSource(  194): cachedDurationUs = 0.00 secs, eos=1
V/NuPlayer(  194): kWhatSourceNotify with buffering-update for NuPlayer 100
V/AudioSink(  194): processSoundAlive samplerate 1 24000
V/AudioSink(  194): processSoundAlive samplerate 1 24000
V/AudioSink(  194): processSoundAlive samplerate 1 24000
V/AudioSink(  194): processSoundAlive samplerate 1 24000
V/GenericSource(  194): Posting read buffer for audio
V/GenericSource(  194): Posting read buffer for audio
V/GenericSource(  194): Posting read buffer for audio
V/NuPlayer(  194): kWhatSourceNotify with buffering-update for NuPlayer 100
V/MediaPlayerService(  194): [2282] notify (0xb7e99ce8, 3, 100, 0)
V/MediaPlayer(31455): message received msg=3, ext1=100, ext2=0
D/GenericSource(  194): cachedDurationUs = 51.37 secs, eos=1
V/MediaPlayer(31455): buffering 100
V/MediaPlayer(31455): callback application
V/MediaPlayer(31455): back from callback
I/ServiceKeeper( 1002): In getpackagename pid = 1002 uid = 1000 package name = android
V/AudioSink(  194): processSoundAlive samplerate 1 24000
V/AudioSink(  194): processSoundAlive samplerate 1 24000
V/AudioSink(  194): processSoundAlive samplerate 1 24000
V/AudioSink(  194): processSoundAlive samplerate 1 24000
V/GenericSource(  194): Posting read buffer for audio
V/GenericSource(  194): Posting read buffer for audio
V/GenericSource(  194): Posting read buffer for audio
D/HeadsetPhoneState(31213): Signal level : previous=2 curr=2
D/STATUSBAR-NetworkController_dual( 1195): onSignalStrengthsChanged signalStrength=SignalStrength: 7 -1 -1 -1 -1 -1 -1 99 2147483647 2147483647 2147483647 -1 2147483647 gsm|lte 0x2 level=2 simslot=0
I/ServiceKeeper( 1002): In getpackagename pid = 1002 uid = 1000 package name = android
I/ServiceKeeper( 1002): In getpackagename pid = 1002 uid = 1000 package name = android
I/ServiceKeeper( 1002): In getpackagename pid = 1002 uid = 1000 package name = android
I/ServiceKeeper( 1002): In getpackagename pid = 1002 uid = 1000 package name = android
I/ServiceKeeper( 1002): In getpackagename pid = 1002 uid = 1000 package name = android
D/        ( 1413): Setting time of day to sec=1445062891
D/        ( 1413): Trying to open a file
E/        ( 1413): File Open Failed
W/        ( 1413): Unable to set rtc to 1445062891: Invalid argument
V/AlarmManager( 1002): waitForAlarm result :65536
D/PopupuiReceiver( 4740): onReceive() getAction : android.intent.action.NITZ_SET_TIME
D/PopupuiReceiver( 4740): sendStickyBroadcast QUIT_NITZ_ACTION
I/DrmEventService( 1002): handleNitztimeUpdation
I/ServiceKeeper( 1002): In getpackagename pid = 1002 uid = 1000 package name = android
D/KeyguardClockWidgetService( 2304): onReceive action=android.intent.action.NETWORK_SET_TIME
I/ServiceKeeper( 1002): In getpackagename pid = 1002 uid = 1000 package name = android
D/LockPatternUtils( 1195): isPcwEnable = null
D/dalvikvm( 2304): GC_CONCURRENT freed 1191K, 55% free 7156K/15588K, paused 23ms+4ms, total 110ms
V/AudioSink(  194): processSoundAlive samplerate 1 24000
V/AudioSink(  194): processSoundAlive samplerate 1 24000
V/AudioSink(  194): processSoundAlive samplerate 1 24000
V/GenericSource(  194): Posting read buffer for audio
V/GenericSource(  194): Posting read buffer for audio
E/SMD     (  185): DCD OFF
V/AudioSink(  194): processSoundAlive samplerate 1 24000
V/AudioSink(  194): processSoundAlive samplerate 1 24000
V/AudioSink(  194): processSoundAlive samplerate 1 24000
V/AudioSink(  194): processSoundAlive samplerate 1 24000
V/GenericSource(  194): Posting read buffer for audio
V/GenericSource(  194): Posting read buffer for audio
V/GenericSource(  194): Posting read buffer for audio
V/NuPlayer(  194): kWhatSourceNotify with buffering-update for NuPlayer 100
D/GenericSource(  194): cachedDurationUs = 0.00 secs, eos=1
V/AudioSink(  194): processSoundAlive samplerate 1 24000
V/AudioSink(  194): processSoundAlive samplerate 1 24000
V/AudioSink(  194): processSoundAlive samplerate 1 24000
V/AudioSink(  194): processSoundAlive samplerate 1 24000
V/GenericSource(  194): Posting read buffer for audio
V/GenericSource(  194): Posting read buffer for audio
D/dalvikvm( 1002): GC_FOR_ALLOC freed 3170K, 25% free 43160K/57484K, paused 518ms, total 518ms
V/GenericSource(  194): Posting read buffer for audio
V/NuPlayer(  194): kWhatSourceNotify with buffering-update for NuPlayer 100
D/GenericSource(  194): cachedDurationUs = 0.00 secs, eos=1
D/KeyguardUpdateMonitor( 1195): received broadcast android.intent.action.TIME_SET
D/KeyguardUpdateMonitor( 1195): handleTimeUpdate
D/KeyguardClockWidgetService( 2304): onReceive action=android.intent.action.TIME_SET
W/Settings( 1002): Setting auto_time has moved from android.provider.Settings.System to android.provider.Settings.Global, returning read-only value.
D/StatusBar-DoNotDistrub( 1195): Received intent with android.intent.action.TIME_SET action
D/StatusBar-DoNotDistrub( 1195): Not data shared android.content.pm.PackageManager$NameNotFoundException: Application package com.sec.android.settings.praymodewidget not found
D/comdaemonstockapp( 4091): [Daemon_Stock]>>> DaemonService.java:46 [0:0] action : androidintentactionTIME_SET
D/StatusBar-DoNotDistrub( 1195): sendBroadcast android.intent.action.DORMANT_MODE_OFF
D/com.samsung.app( 2984): [MSC_HERO_EASY_Accu]>>> WCS:108 [0:0] action : androidintentactionTIME_SET
I/AudioService( 1002): getStreamVolume 5 index 30
D/BootCompletedReceiver( 1002): onReceive
D/StatusBar-DoNotDistrub( 1195): The STREAM NOTIFICATION volume is 3
D/STATUSBAR-NotificationService( 1002): received android.intent.action.DORMANT_MODE_OFF
D/STATUSBAR-StatusBarManagerService( 1002): manageDisableList what=0x0 pkg=com.android.systemui
D/LightsService( 1002): [api] [SvcLED] turnOff:: id = 4 (uid: 1000 pid: 1002) 
D/LightsService( 1002): [SvcLED] setSvcLedStateLocked:: SvcLEDState : 0x40 -> 0x40 | SvcLED(id=4) set Off
D/LightsService( 1002): [SvcLED] Lux failed to be updated in 0ms. -> handleForcedSvcLEDTasK
D/LightsService( 1002): [SvcLED]  setSvcLedLightLocked :: Current SvcLED(id=3) maintains its priority right
D/LockPatternUtils( 1195): isPcwEnable = null
D/FOTA_Client( 4752): [ServerTimeReceiver.java(Line:44/Method:onReceive)] Receive broadcast meassage:android.intent.action.TIME_SET
I/FOTA_Client( 4752): [ServerTimeReceiver.java(Method:onReceive)]No action is available before server time settings
D/STATUSBAR-IconMerger( 1195): checkOverflow(144), More:true, Req:true Child:8
V/AudioSink(  194): processSoundAlive samplerate 1 24000
V/AudioSink(  194): processSoundAlive samplerate 1 24000
V/AudioSink(  194): processSoundAlive samplerate 1 24000
V/AudioSink(  194): processSoundAlive samplerate 1 24000
V/GenericSource(  194): Posting read buffer for audio
V/GenericSource(  194): Posting read buffer for audio
V/GenericSource(  194): Posting read buffer for audio
V/NuPlayer(  194): kWhatSourceNotify with buffering-update for NuPlayer 100
V/MediaPlayerService(  194): [2282] notify (0xb7e99ce8, 3, 100, 0)
V/MediaPlayer(31455): message received msg=3, ext1=100, ext2=0
V/MediaPlayer(31455): buffering 100
V/MediaPlayer(31455): callback application
V/MediaPlayer(31455): back from callback
D/GenericSource(  194): cachedDurationUs = 50.20 secs, eos=1
I/KLMS-2.3.164 : ( 4765): MainReciver() : EventNotificationReciver- method called: AppActivityListner onReceive for Intent Action : android.intent.action.TIME_SET , timestamp: 1445062892016
I/KLMS-2.3.164 : ( 4765): StateImplV2() : dateTimeChanged() : Sat Oct 17 11:51:32 GMT+05:30 2015
I/SA      ( 2571): [SBR] StdBroadcastReceiver received Intent of  action.TIME_SET.
I/ServiceKeeper( 1002): In getpackagename pid = 1002 uid = 1000 package name = android
W/BackupManagerService( 1002): dataChanged but no participant pkg='com.android.providers.settings' uid=10019
W/BackupManagerService( 1002): dataChanged but no participant pkg='com.android.providers.settings' uid=10019
V/AudioSink(  194): processSoundAlive samplerate 1 24000
V/AudioSink(  194): processSoundAlive samplerate 1 24000
V/AudioSink(  194): processSoundAlive samplerate 1 24000
V/AudioSink(  194): processSoundAlive samplerate 1 24000
V/GenericSource(  194): Posting read buffer for audio
V/GenericSource(  194): Posting read buffer for audio
V/GenericSource(  194): Posting read buffer for audio
W/BackupManagerService( 1002): dataChanged but no participant pkg='com.android.providers.settings' uid=10019
D/elm:14132( 2509): ELMAbstractReceiver.onReceive() : Intent { act=android.intent.action.TIME_SET flg=0x24000010 cmp=com.sec.esdk.elm/.receiver.MainReceiver }
D/elm:14132( 2509): ELMAbstractReceiver : Receive Intent { act=android.intent.action.TIME_SET flg=0x24000010 cmp=com.sec.esdk.elm/.service.ElmAgentService } END.
D/elm:14132( 2509): ElmAgentService : onCreate()
I/knox    ( 3858): MainReceiver.onReceive() : Intent { act=android.intent.action.TIME_SET flg=0x24000010 cmp=com.sec.knox.seandroid/.receiver.MainReceiver }
D/elm:14132( 2509): ElmAgentService : onHandleIntent() Intent { act=android.intent.action.TIME_SET flg=0x24000010 cmp=com.sec.esdk.elm/.service.ElmAgentService }
D/elm:14132( 2509): ELMAgentService.listeningToTimeDateChanges( context, intent ).
D/elm:14132( 2509): ELMEngine.ServiceHandler.handleMessage( ALARM_MODIFY ). 
D/elm:14132( 2509): ModuleBase.resetCalllogAPIAlarm()
D/knox    ( 3858): MainReceiver.listeningToTimeDateChanges( context, intent ).
I/knox    ( 3858): MainReceiver.onReceive() END - - - - - : Intent { act=android.intent.action.TIME_SET flg=0x24000010 cmp=com.sec.knox.seandroid/.receiver.MainReceiver }
D/knox    ( 3858): KNOXAgentService : onCreate()
D/knox    ( 3858): KNOXAgentService : set alarms for deniallog and usage data upload
D/knox    ( 3858): KNOXAgentService. startJobThread() start
D/knox    ( 3858): KNOXAgentService. JobThread()
D/knox    ( 3858): KNOXAgentService. JobThread. notifyAll().
D/knox    ( 3858): KNOXAgentService. startJobThread() wait
I/knox    ( 3858): UploadDenialLogResponseModule : setDenialAlarm() : AFTER alarmTime is .114457915
D/elm:14132( 2509): ModuleBase.ModifySetAlarm()
D/elm:14132( 2509): MDMBridge.getInstance()
D/elm:14132( 2509): MDMBridge.getAllLicenseInfoFromSDK()
V/AudioSink(  194): processSoundAlive samplerate 1 24000
V/AudioSink(  194): processSoundAlive samplerate 1 24000
V/AudioSink(  194): processSoundAlive samplerate 1 24000
V/GenericSource(  194): Posting read buffer for audio
D/elm:14132( 2509): ElmAgentService : onDestroy().
V/GenericSource(  194): Posting read buffer for audio
D/TimeService( 4806): Receivedandroid.intent.action.TIME_SET intent. Current Time is 1445062892442
D/        ( 4806): TimeServiceNative: User Time to be set is 1445062892442
D/QC-time-services( 4806): Lib:time_genoff_operation: pargs->base = 2
D/QC-time-services( 4806): Lib:time_genoff_operation: pargs->operation = 0
D/QC-time-services( 4806): Lib:time_genoff_operation: pargs->ts_val = 1445062892442
D/QC-time-services(  303): Daemon: Connection accepted:time_genoff
D/QC-time-services( 4806): Lib:time_genoff_operation: Send to server  passed!!
D/QC-time-services(  303): Daemon: genoff_handler: Process name is omm.timeservice
D/QC-time-services(  303): Daemon:Received base = 2, unit = 1, operation = 0,value = 1445062892442
D/QC-time-services(  303): Daemon:genoff_opr: Base = 2, val = 1445062892442, operation = 0
D/QC-time-services(  303): Daemon:rtc_get: Time read from RTC -- MM/DD/YY HH:MM:SS2/25/70 1:56:40
D/QC-time-services(  303): Daemon:Value read from RTC seconds = 7178200000
D/QC-time-services(  303): Daemon:new time 1445062892442 
D/QC-time-services(  303): Daemon: delta 1437884692442 genoff 1437884692442 
D/QC-time-services(  303): Daemon:genoff_persistent_update: Writing genoff = 1437884692442 to memory
D/QC-time-services(  303): Daemon:Opening File: /data/time/ats_2
D/QC-time-services(  303): Daemon:time_persistent_memory_opr:Genoff write operation 
D/knox    ( 3858): KNOXAgentService : onDestroy().
D/knox    ( 3858): ModuleBase.cancelAllAlarmManageModule()
D/QC-time-services(  303): Updating the TOD offset
D/QC-time-services(  303): Daemon:genoff_persistent_update: Writing genoff = 1437884692442 to memory
D/QC-time-services(  303): Daemon:Opening File: /data/time/ats_1
D/QC-time-services(  303): Daemon:time_persistent_memory_opr:Genoff write operation 
E/QC-time-services(  303): Daemon:Update to modem bit set
D/QC-time-services(  303): Daemon:genoff_send_modem: Sending data to MODEM !
D/QC-time-services(  303): Daemon: Base = 2, Value being sent to MODEM = 1129098092442
E/QC-time-services( 4806): Receive Passed == base = 2, unit = 1, operation = 0, result = 0
E/QC-time-services(  303): Daemon: Time-services: Waiting to acceptconnection
D/comdaemonstockapp( 4091): [Daemon_Stock]>>> Stockclock_DaemonService.java:63 [0:0] onReceive: androidintentactionTIME_SET
D/comdaemonstockapp( 4091): [Daemon_Stock]>>> Stockclock_DaemonService.java:64 [0:0] appServiceStatus: 1
D/comdaemonstockapp( 4091): [Daemon_Stock]>>> Stockclock_DaemonService.java:65 [0:0] [AR]: 0
D/comdaemonstockapp( 4091): [Daemon_Stock]>>> Stockclock_DaemonService.java:66 [0:0] [AR]: Next time = 0
D/daemonapp( 4091): [MSC_Accu_Daemon]>>> AWDS:69 [0:0] Act : androidintentactionTIME_SET, run:true
D/comsamsunglog( 4091): [MSC_Accu_Daemon]>>> ====================================================================================================================
D/comsamsunglog( 4091): [MSC_Accu_Daemon]>>> daemonapp [Version : 14040201 ] [ 1 ] 
D/comsamsunglog( 4091): [MSC_Accu_Daemon]>>> Header set to : ===> "daemonapp" <===
D/comsamsunglog( 4091): [MSC_Accu_Daemon]>>> ====================================================================================================================
D/daemonapp( 4091): [MSC_Accu_Daemon]>>> ACP:433 [0:0] Provider query : content://apaccuweatherprovider/packagename
D/daemonapp( 4091): [MSC_Accu_Daemon]>>> AWDS:1076 [0:0] PakNme size = 0
D/daemonapp( 4091): [MSC_Accu_Daemon]>>> ACP:433 [0:0] Provider query : content://apaccuweatherprovider/current_weatherinfo
D/daemonapp( 4091): [MSC_Accu_Daemon]>>> ACP:433 [0:0] Provider query : content://apaccuweatherprovider/current_weatherinfo
D/daemonapp( 4091): [MSC_Accu_Daemon]>>> ACP:433 [0:0] Provider query : content://apaccuweatherprovider/current_weatherinfo
D/daemonapp( 4091): [MSC_Accu_Daemon]>>> AWDS:111 [0:0] SerStus:false,TmpS:1,AtRfr:3
D/daemonapp( 4091): [MSC_Accu_Daemon]>>> ACP:433 [0:0] Provider query : content://apaccuweatherprovider/packagename
D/daemonapp( 4091): [MSC_Accu_Daemon]>>> AWDS:1076 [0:0] PakNme size = 0
D/daemonapp( 4091): [MSC_Accu_Daemon]>>> AWDS:858 [0:0] CnclAtRftAl
I/ServiceKeeper( 1002): In getpackagename pid = 1002 uid = 1000 package name = android
I/ServiceKeeper( 1002): In getpackagename pid = 1002 uid = 1000 package name = android
I/CheckinService(26298): Checkin interval check for package: unspecified last checkin: 0 min interval config: 0 actual interval: 1445062892577
I/ServiceKeeper( 1002): In getpackagename pid = 1002 uid = 1000 package name = android
I/ServiceKeeper( 1002): In getpackagename pid = 1002 uid = 1000 package name = android
I/ServiceKeeper( 1002): In getpackagename pid = 1002 uid = 1000 package name = android
I/ServiceKeeper( 1002): In getpackagename pid = 1002 uid = 1000 package name = android
I/ServiceKeeper( 1002): In getpackagename pid = 1002 uid = 1000 package name = android
V/AudioSink(  194): processSoundAlive samplerate 1 24000
V/AudioSink(  194): processSoundAlive samplerate 1 24000
V/AudioSink(  194): processSoundAlive samplerate 1 24000
V/AudioSink(  194): processSoundAlive samplerate 1 24000
V/GenericSource(  194): Posting read buffer for audio
I/ServiceKeeper( 1002): In getpackagename pid = 1002 uid = 1000 package name = android
V/GenericSource(  194): Posting read buffer for audio
V/GenericSource(  194): Posting read buffer for audio
V/NuPlayer(  194): kWhatSourceNotify with buffering-update for NuPlayer 100
D/GenericSource(  194): cachedDurationUs = 0.00 secs, eos=1
D/comdaemonstockapp( 4091): [Daemon_Stock]>>> Stockclock_DaemonService.java:63 [0:0] onReceive: widgetappstockclockUPDATE
D/comdaemonstockapp( 4091): [Daemon_Stock]>>> Stockclock_DaemonService.java:64 [0:0] appServiceStatus: 1
D/comdaemonstockapp( 4091): [Daemon_Stock]>>> Stockclock_DaemonService.java:65 [0:0] [AR]: 0
D/comdaemonstockapp( 4091): [Daemon_Stock]>>> Stockclock_DaemonService.java:66 [0:0] [AR]: Next time = 0
D/com.samsung.app( 2984): [MSC_HERO_EASY_Accu]>>> WC:100 [0:0] action : widgetappapheroaccuweathereasywidgetactionTIME_CHANGED
D/com.samsung.app( 2984): [MSC_HERO_EASY_Accu]>>> WC:113 [0:0] Lanucher is not easy!!
D/GenericSource(  194): cachedDurationUs = 0.00 secs, eos=1
V/NuPlayer(  194): kWhatSourceNotify with buffering-update for NuPlayer 100
D/com.samsung.app( 2984): [MSC_HERO_EASY_Accu]>>> WC:563 [0:0] Lanucher is not easy!!
D/com.samsung.app( 2984): [MSC_HERO_EASY_Accu]>>> WC:573 [0:0] AR_S_T : 3
D/com.samsung.app( 2984): [MSC_HERO_EASY_Accu]>>> WC:834 [0:0]  cUI : cnt = 1
D/com.samsung.app( 2984): [MSC_HERO_EASY_Accu]>>> WC:890 [0:0]  cUI : cnt = not empty
D/com.samsung.app( 2984): [MSC_HERO_EASY_Accu]>>> WC:898 [0:0]  cUI : cnt = not emptycityId:current
D/com.samsung.app( 2984): [MSC_HERO_EASY_Accu]>>> WC:919 [0:0]  cUI : cnt = not empty nr :true
D/com.samsung.app( 2984): [MSC_HERO_EASY_Accu]>>> WC:948 [0:0]  mSelectedLocation :cityId:current
D/com.samsung.app( 2984): [MSC_HERO_EASY_Accu]>>> WC:965 [0:0]  cUI : cnt = setui
D/com.samsung.app( 2984): [MSC_HERO_EASY_Accu]>>> WC:1009 [0:0] setUiWithDatabaseData(): mSelectedL = cityId:current
D/com.samsung.app( 2984): [MSC_HERO_EASY_Accu]>>> WC:1016 [0:0]  cUI : cnt = not handler
D/com.samsung.app( 2984): [Accuweather J]>>> U:385 [0:0] convertTemp : fS = 1, tS = 1, v = 29.0
D/com.samsung.app( 2984): [Accuweather J]>>> U:385 [0:0] convertTemp : fS = 1, tS = 1, v = 29.0
D/com.samsung.app( 2984): [Accuweather J]>>> U:533 [0:0] getWeatherText : 35/true
D/com.samsung.app( 2984): [MSC_HERO_EASY_Accu]>>> WC:1060 [0:0] mSUDH(): current loc id = cityId:206683, tZ=GMT+5:30
I/ServiceKeeper( 1002): In getpackagename pid = 1002 uid = 1000 package name = android
I/ServiceKeeper( 1002): In getpackagename pid = 1002 uid = 1000 package name = android
I/ServiceKeeper( 1002): In getpackagename pid = 1002 uid = 1000 package name = android
I/ServiceKeeper( 1002): In getpackagename pid = 1002 uid = 1000 package name = android
D/com.samsung.app( 2984): [Accuweather J]>>> U:215 [0:0] widget 1445083020000
D/com.samsung.app( 2984): [MSC_HERO_EASY_Accu]>>> WC:482 [0:0] nt=1445083020000
D/com.samsung.app( 2984): [MSC_HERO_EASY_Accu]>>> WC:483 [0:0] [ARH] now = [1445062892816] lt = [1445083020000] need RF = [false]
D/com.samsung.app( 2984): [MSC_HERO_EASY_Accu]>>> WC:488 [0:0] nt - now =20127184
D/com.samsung.app( 2984): [Accuweather J]>>> U:2821 [0:0] get UT pref:0
D/dalvikvm( 2984): GC_CONCURRENT freed 922K, 55% free 7074K/15588K, paused 3ms+3ms, total 38ms
V/AudioSink(  194): processSoundAlive samplerate 1 24000
V/AudioSink(  194): processSoundAlive samplerate 1 24000
V/AudioSink(  194): processSoundAlive samplerate 1 24000
V/AudioSink(  194): processSoundAlive samplerate 1 24000
V/GenericSource(  194): Posting read buffer for audio
V/GenericSource(  194): Posting read buffer for audio
V/GenericSource(  194): Posting read buffer for audio
D/GenericSource(  194): cachedDurationUs = 49.28 secs, eos=1
V/NuPlayer(  194): kWhatSourceNotify with buffering-update for NuPlayer 100
V/MediaPlayerService(  194): [2282] notify (0xb7e99ce8, 3, 100, 0)
V/MediaPlayer(31455): message received msg=3, ext1=100, ext2=0
V/MediaPlayer(31455): buffering 100
V/MediaPlayer(31455): callback application
V/MediaPlayer(31455): back from callback
V/AudioSink(  194): processSoundAlive samplerate 1 24000
V/AudioSink(  194): processSoundAlive samplerate 1 24000
V/AudioSink(  194): processSoundAlive samplerate 1 24000
V/GenericSource(  194): Posting read buffer for audio
V/GenericSource(  194): Posting read buffer for audio
V/GenericSource(  194): Posting read buffer for audio
V/GenericSource(  194): Posting read buffer for audio
V/AudioSink(  194): processSoundAlive samplerate 1 24000
V/AudioSink(  194): processSoundAlive samplerate 1 24000
V/AudioSink(  194): processSoundAlive samplerate 1 24000
V/AudioSink(  194): processSoundAlive samplerate 1 24000
V/AudioSink(  194): processSoundAlive samplerate 1 24000
V/GenericSource(  194): Posting read buffer for audio
V/GenericSource(  194): Posting read buffer for audio
V/AudioSink(  194): processSoundAlive samplerate 1 24000
V/AudioSink(  194): processSoundAlive samplerate 1 24000
V/AudioSink(  194): processSoundAlive samplerate 1 24000
V/GenericSource(  194): Posting read buffer for audio
V/GenericSource(  194): Posting read buffer for audio
D/GenericSource(  194): cachedDurationUs = 0.00 secs, eos=1
V/NuPlayer(  194): kWhatSourceNotify with buffering-update for NuPlayer 100
D/GenericSource(  194): cachedDurationUs = 0.00 secs, eos=1
V/NuPlayer(  194): kWhatSourceNotify with buffering-update for NuPlayer 100
V/AudioSink(  194): processSoundAlive samplerate 1 24000
V/AudioSink(  194): processSoundAlive samplerate 1 24000
V/AudioSink(  194): processSoundAlive samplerate 1 24000
V/GenericSource(  194): Posting read buffer for audio
V/GenericSource(  194): Posting read buffer for audio
V/NuPlayer(  194): kWhatSourceNotify with buffering-update for NuPlayer 100
D/GenericSource(  194): cachedDurationUs = 48.45 secs, eos=1
V/MediaPlayerService(  194): [2282] notify (0xb7e99ce8, 3, 100, 0)
V/MediaPlayer(31455): message received msg=3, ext1=100, ext2=0
V/MediaPlayer(31455): buffering 100
V/MediaPlayer(31455): callback application
V/MediaPlayer(31455): back from callback
V/AudioSink(  194): processSoundAlive samplerate 1 24000
V/AudioSink(  194): processSoundAlive samplerate 1 24000
V/AudioSink(  194): processSoundAlive samplerate 1 24000
V/AudioSink(  194): processSoundAlive samplerate 1 24000
V/GenericSource(  194): Posting read buffer for audio
V/GenericSource(  194): Posting read buffer for audio
V/GenericSource(  194): Posting read buffer for audio
V/AudioSink(  194): processSoundAlive samplerate 1 24000
V/AudioSink(  194): processSoundAlive samplerate 1 24000
V/AudioSink(  194): processSoundAlive samplerate 1 24000
V/AudioSink(  194): processSoundAlive samplerate 1 24000
V/GenericSource(  194): Posting read buffer for audio
V/GenericSource(  194): Posting read buffer for audio
V/GenericSource(  194): Posting read buffer for audio
E/SMD     (  185): DCD OFF
V/AudioSink(  194): processSoundAlive samplerate 1 24000
V/AudioSink(  194): processSoundAlive samplerate 1 24000
V/AudioSink(  194): processSoundAlive samplerate 1 24000
V/AudioSink(  194): processSoundAlive samplerate 1 24000
V/GenericSource(  194): Posting read buffer for audio
V/GenericSource(  194): Posting read buffer for audio
V/GenericSource(  194): Posting read buffer for audio
D/GenericSource(  194): cachedDurationUs = 0.00 secs, eos=1
V/NuPlayer(  194): kWhatSourceNotify with buffering-update for NuPlayer 100
V/AudioSink(  194): processSoundAlive samplerate 1 24000
V/AudioSink(  194): processSoundAlive samplerate 1 24000
V/AudioSink(  194): processSoundAlive samplerate 1 24000
V/GenericSource(  194): Posting read buffer for audio
V/GenericSource(  194): Posting read buffer for audio
D/GenericSource(  194): cachedDurationUs = 0.00 secs, eos=1
V/NuPlayer(  194): kWhatSourceNotify with buffering-update for NuPlayer 100
V/AudioSink(  194): processSoundAlive samplerate 1 24000
V/AudioSink(  194): processSoundAlive samplerate 1 24000
V/AudioSink(  194): processSoundAlive samplerate 1 24000
V/AudioSink(  194): processSoundAlive samplerate 1 24000
V/GenericSource(  194): Posting read buffer for audio
V/GenericSource(  194): Posting read buffer for audio
V/GenericSource(  194): Posting read buffer for audio
D/GenericSource(  194): cachedDurationUs = 47.28 secs, eos=1
V/NuPlayer(  194): kWhatSourceNotify with buffering-update for NuPlayer 100
V/MediaPlayerService(  194): [2282] notify (0xb7e99ce8, 3, 100, 0)
V/MediaPlayer(31455): message received msg=3, ext1=100, ext2=0
V/MediaPlayer(31455): buffering 100
V/MediaPlayer(31455): callback application
V/MediaPlayer(31455): back from callback
V/AudioSink(  194): processSoundAlive samplerate 1 24000
V/AudioSink(  194): processSoundAlive samplerate 1 24000
V/AudioSink(  194): processSoundAlive samplerate 1 24000
V/AudioSink(  194): processSoundAlive samplerate 1 24000
V/AudioSink(  194): processSoundAlive samplerate 1 24000
V/GenericSource(  194): Posting read buffer for audio
V/GenericSource(  194): Posting read buffer for audio
V/GenericSource(  194): Posting read buffer for audio
V/GenericSource(  194): Posting read buffer for audio
I/ServiceKeeper( 1002): In getpackagename pid = 1002 uid = 1000 package name = android
V/AudioSink(  194): processSoundAlive samplerate 1 24000
V/AudioSink(  194): processSoundAlive samplerate 1 24000
V/AudioSink(  194): processSoundAlive samplerate 1 24000
V/GenericSource(  194): Posting read buffer for audio
V/GenericSource(  194): Posting read buffer for audio
V/AudioSink(  194): processSoundAlive samplerate 1 24000
V/AudioSink(  194): processSoundAlive samplerate 1 24000
V/AudioSink(  194): processSoundAlive samplerate 1 24000
V/AudioSink(  194): processSoundAlive samplerate 1 24000
V/GenericSource(  194): Posting read buffer for audio
V/NuPlayer(  194): kWhatSourceNotify with buffering-update for NuPlayer 100
D/GenericSource(  194): cachedDurationUs = 0.00 secs, eos=1
V/GenericSource(  194): Posting read buffer for audio
V/GenericSource(  194): Posting read buffer for audio
D/GenericSource(  194): cachedDurationUs = 0.00 secs, eos=1
V/NuPlayer(  194): kWhatSourceNotify with buffering-update for NuPlayer 100
V/AudioSink(  194): processSoundAlive samplerate 1 24000
V/AudioSink(  194): processSoundAlive samplerate 1 24000
V/AudioSink(  194): processSoundAlive samplerate 1 24000
V/AudioSink(  194): processSoundAlive samplerate 1 24000
V/GenericSource(  194): Posting read buffer for audio
V/GenericSource(  194): Posting read buffer for audio
V/GenericSource(  194): Posting read buffer for audio
D/GenericSource(  194): cachedDurationUs = 46.24 secs, eos=1
V/NuPlayer(  194): kWhatSourceNotify with buffering-update for NuPlayer 100
V/MediaPlayerService(  194): [2282] notify (0xb7e99ce8, 3, 100, 0)
V/MediaPlayer(31455): message received msg=3, ext1=100, ext2=0
V/MediaPlayer(31455): buffering 100
V/MediaPlayer(31455): callback application
V/MediaPlayer(31455): back from callback
V/AudioSink(  194): processSoundAlive samplerate 1 24000
V/AudioSink(  194): processSoundAlive samplerate 1 24000
V/AudioSink(  194): processSoundAlive samplerate 1 24000
V/GenericSource(  194): Posting read buffer for audio
V/GenericSource(  194): Posting read buffer for audio
V/AudioSink(  194): processSoundAlive samplerate 1 24000
V/AudioSink(  194): processSoundAlive samplerate 1 24000
V/AudioSink(  194): processSoundAlive samplerate 1 24000
V/AudioSink(  194): processSoundAlive samplerate 1 24000
V/GenericSource(  194): Posting read buffer for audio
V/GenericSource(  194): Posting read buffer for audio
V/GenericSource(  194): Posting read buffer for audio
V/AudioSink(  194): processSoundAlive samplerate 1 24000
V/AudioSink(  194): processSoundAlive samplerate 1 24000
V/AudioSink(  194): processSoundAlive samplerate 1 24000
V/AudioSink(  194): processSoundAlive samplerate 1 24000
V/GenericSource(  194): Posting read buffer for audio
V/GenericSource(  194): Posting read buffer for audio
V/GenericSource(  194): Posting read buffer for audio
V/NuPlayer(  194): kWhatSourceNotify with buffering-update for NuPlayer 100
D/GenericSource(  194): cachedDurationUs = 0.00 secs, eos=1
D/GenericSource(  194): cachedDurationUs = 0.00 secs, eos=1
V/NuPlayer(  194): kWhatSourceNotify with buffering-update for NuPlayer 100
V/AudioSink(  194): processSoundAlive samplerate 1 24000
V/AudioSink(  194): processSoundAlive samplerate 1 24000
V/AudioSink(  194): processSoundAlive samplerate 1 24000
V/GenericSource(  194): Posting read buffer for audio
V/GenericSource(  194): Posting read buffer for audio
V/AlarmManager( 1002): waitForAlarm result :4
I/ServiceKeeper( 1002): In getpackagename pid = 1002 uid = 1000 package name = android
I/ServiceKeeper( 1002): In getpackagename pid = 1002 uid = 1000 package name = android
V/AlarmManager( 1002): trigger ELAPSED_REALTIME_WAKEUP or RTC_WAKEUP
I/ServiceKeeper( 1002): In getpackagename pid = 1002 uid = 1000 package name = android
D/GenericSource(  194): cachedDurationUs = 45.38 secs, eos=1
V/NuPlayer(  194): kWhatSourceNotify with buffering-update for NuPlayer 100
V/MediaPlayerService(  194): [2282] notify (0xb7e99ce8, 3, 100, 0)
V/MediaPlayer(31455): message received msg=3, ext1=100, ext2=0
V/MediaPlayer(31455): buffering 100
V/MediaPlayer(31455): callback application
V/MediaPlayer(31455): back from callback
V/AudioSink(  194): processSoundAlive samplerate 1 24000
V/AudioSink(  194): processSoundAlive samplerate 1 24000
V/AudioSink(  194): processSoundAlive samplerate 1 24000
V/AudioSink(  194): processSoundAlive samplerate 1 24000
V/GenericSource(  194): Posting read buffer for audio
V/GenericSource(  194): Posting read buffer for audio
V/GenericSource(  194): Posting read buffer for audio
I/ServiceKeeper( 1002): In getpackagename pid = 1002 uid = 1000 package name = android
V/AudioSink(  194): processSoundAlive samplerate 1 24000
V/AudioSink(  194): processSoundAlive samplerate 1 24000
V/AudioSink(  194): processSoundAlive samplerate 1 24000
V/AudioSink(  194): processSoundAlive samplerate 1 24000
V/GenericSource(  194): Posting read buffer for audio
V/GenericSource(  194): Posting read buffer for audio
V/GenericSource(  194): Posting read buffer for audio
E/SMD     (  185): DCD OFF
I/PowerManagerService( 1002): [PWL] Off : 105s ago
I/PowerManagerService( 1002): [PWL]   PowerManagerService.WakeLocks: ref count=1
I/PowerManagerService( 1002): [PWL]     mWakeLockSummary : 0x1
I/PowerManagerService( 1002): [PWL]       PARTIAL_WAKE_LOCK              'android.media.MediaPlayer' (uid=10178, pid=31455, ws=null) (elapsedTime=227676)
I/PowerManagerService( 1002): [PWL]       PARTIAL_WAKE_LOCK              'AudioMix' (uid=1013, pid=194, ws=WorkSource{10178}) (elapsedTime=227646)
V/AudioSink(  194): processSoundAlive samplerate 1 24000
V/AudioSink(  194): processSoundAlive samplerate 1 24000
V/AudioSink(  194): processSoundAlive samplerate 1 24000
V/GenericSource(  194): Posting read buffer for audio
V/GenericSource(  194): Posting read buffer for audio
V/NuPlayer(  194): kWhatSourceNotify with buffering-update for NuPlayer 100
D/GenericSource(  194): cachedDurationUs = 0.00 secs, eos=1
D/GenericSource(  194): cachedDurationUs = 0.00 secs, eos=1
V/NuPlayer(  194): kWhatSourceNotify with buffering-update for NuPlayer 100
V/AudioSink(  194): processSoundAlive samplerate 1 24000
V/AudioSink(  194): processSoundAlive samplerate 1 24000
V/AudioSink(  194): processSoundAlive samplerate 1 24000
V/AudioSink(  194): processSoundAlive samplerate 1 24000
V/GenericSource(  194): Posting read buffer for audio
V/GenericSource(  194): Posting read buffer for audio
V/GenericSource(  194): Posting read buffer for audio
D/GenericSource(  194): cachedDurationUs = 44.44 secs, eos=1
V/NuPlayer(  194): kWhatSourceNotify with buffering-update for NuPlayer 100
V/MediaPlayerService(  194): [2282] notify (0xb7e99ce8, 3, 100, 0)
V/MediaPlayer(31455): message received msg=3, ext1=100, ext2=0
V/MediaPlayer(31455): buffering 100
V/MediaPlayer(31455): callback application
V/MediaPlayer(31455): back from callback
V/AudioSink(  194): processSoundAlive samplerate 1 24000
V/AudioSink(  194): processSoundAlive samplerate 1 24000
V/AudioSink(  194): processSoundAlive samplerate 1 24000
V/AudioSink(  194): processSoundAlive samplerate 1 24000
V/GenericSource(  194): Posting read buffer for audio
V/GenericSource(  194): Posting read buffer for audio
V/GenericSource(  194): Posting read buffer for audio
V/AudioSink(  194): processSoundAlive samplerate 1 24000
V/AudioSink(  194): processSoundAlive samplerate 1 24000
V/AudioSink(  194): processSoundAlive samplerate 1 24000
V/AudioSink(  194): processSoundAlive samplerate 1 24000
V/GenericSource(  194): Posting read buffer for audio
V/GenericSource(  194): Posting read buffer for audio
V/GenericSource(  194): Posting read buffer for audio
V/AudioSink(  194): processSoundAlive samplerate 1 24000
V/AudioSink(  194): processSoundAlive samplerate 1 24000
V/AudioSink(  194): processSoundAlive samplerate 1 24000
V/AudioSink(  194): processSoundAlive samplerate 1 24000
V/GenericSource(  194): Posting read buffer for audio
V/GenericSource(  194): Posting read buffer for audio
V/GenericSource(  194): Posting read buffer for audio
V/NuPlayer(  194): kWhatSourceNotify with buffering-update for NuPlayer 100
D/GenericSource(  194): cachedDurationUs = 0.00 secs, eos=1
V/AudioSink(  194): processSoundAlive samplerate 1 24000
V/AudioSink(  194): processSoundAlive samplerate 1 24000
V/AudioSink(  194): processSoundAlive samplerate 1 24000
V/GenericSource(  194): Posting read buffer for audio
V/GenericSource(  194): Posting read buffer for audio
D/GenericSource(  194): cachedDurationUs = 0.00 secs, eos=1
V/NuPlayer(  194): kWhatSourceNotify with buffering-update for NuPlayer 100
V/AudioSink(  194): processSoundAlive samplerate 1 24000
V/AudioSink(  194): processSoundAlive samplerate 1 24000
V/AudioSink(  194): processSoundAlive samplerate 1 24000
V/AudioSink(  194): processSoundAlive samplerate 1 24000
V/GenericSource(  194): Posting read buffer for audio
V/GenericSource(  194): Posting read buffer for audio
V/GenericSource(  194): Posting read buffer for audio
D/GenericSource(  194): cachedDurationUs = 43.25 secs, eos=1
V/NuPlayer(  194): kWhatSourceNotify with buffering-update for NuPlayer 100
V/MediaPlayerService(  194): [2282] notify (0xb7e99ce8, 3, 100, 0)
V/MediaPlayer(31455): message received msg=3, ext1=100, ext2=0
V/MediaPlayer(31455): buffering 100
V/MediaPlayer(31455): callback application
V/MediaPlayer(31455): back from callback
V/AudioSink(  194): processSoundAlive samplerate 1 24000
V/AudioSink(  194): processSoundAlive samplerate 1 24000
V/AudioSink(  194): processSoundAlive samplerate 1 24000
V/AudioSink(  194): processSoundAlive samplerate 1 24000
V/GenericSource(  194): Posting read buffer for audio
V/GenericSource(  194): Posting read buffer for audio
V/GenericSource(  194): Posting read buffer for audio
V/AudioSink(  194): processSoundAlive samplerate 1 24000
V/AudioSink(  194): processSoundAlive samplerate 1 24000
V/AudioSink(  194): processSoundAlive samplerate 1 24000
V/GenericSource(  194): Posting read buffer for audio
V/GenericSource(  194): Posting read buffer for audio
V/AudioSink(  194): processSoundAlive samplerate 1 24000
V/AudioSink(  194): processSoundAlive samplerate 1 24000
V/AudioSink(  194): processSoundAlive samplerate 1 24000
V/AudioSink(  194): processSoundAlive samplerate 1 24000
V/GenericSource(  194): Posting read buffer for audio
V/GenericSource(  194): Posting read buffer for audio
V/GenericSource(  194): Posting read buffer for audio
V/NuPlayer(  194): kWhatSourceNotify with buffering-update for NuPlayer 100
D/GenericSource(  194): cachedDurationUs = 0.00 secs, eos=1
E/Watchdog( 1002): !@Sync 27994
D/GenericSource(  194): cachedDurationUs = 0.00 secs, eos=1
V/NuPlayer(  194): kWhatSourceNotify with buffering-update for NuPlayer 100
V/AudioSink(  194): processSoundAlive samplerate 1 24000
V/AudioSink(  194): processSoundAlive samplerate 1 24000
V/AudioSink(  194): processSoundAlive samplerate 1 24000
V/AudioSink(  194): processSoundAlive samplerate 1 24000
V/GenericSource(  194): Posting read buffer for audio
V/GenericSource(  194): Posting read buffer for audio
V/GenericSource(  194): Posting read buffer for audio
D/GenericSource(  194): cachedDurationUs = 42.32 secs, eos=1
V/NuPlayer(  194): kWhatSourceNotify with buffering-update for NuPlayer 100
V/MediaPlayerService(  194): [2282] notify (0xb7e99ce8, 3, 100, 0)
V/MediaPlayer(31455): message received msg=3, ext1=100, ext2=0
V/MediaPlayer(31455): buffering 100
V/MediaPlayer(31455): callback application
V/MediaPlayer(31455): back from callback
V/AudioSink(  194): processSoundAlive samplerate 1 24000
V/AudioSink(  194): processSoundAlive samplerate 1 24000
V/AudioSink(  194): processSoundAlive samplerate 1 24000
V/GenericSource(  194): Posting read buffer for audio
V/GenericSource(  194): Posting read buffer for audio
V/AudioSink(  194): processSoundAlive samplerate 1 24000
V/AudioSink(  194): processSoundAlive samplerate 1 24000
V/AudioSink(  194): processSoundAlive samplerate 1 24000
V/AudioSink(  194): processSoundAlive samplerate 1 24000
V/GenericSource(  194): Posting read buffer for audio
V/GenericSource(  194): Posting read buffer for audio
V/GenericSource(  194): Posting read buffer for audio
E/SMD     (  185): DCD OFF
V/AudioSink(  194): processSoundAlive samplerate 1 24000
V/AudioSink(  194): processSoundAlive samplerate 1 24000
V/AudioSink(  194): processSoundAlive samplerate 1 24000
V/AudioSink(  194): processSoundAlive samplerate 1 24000
V/GenericSource(  194): Posting read buffer for audio
V/GenericSource(  194): Posting read buffer for audio
V/GenericSource(  194): Posting read buffer for audio
V/NuPlayer(  194): kWhatSourceNotify with buffering-update for NuPlayer 100
D/GenericSource(  194): cachedDurationUs = 0.00 secs, eos=1
D/GenericSource(  194): cachedDurationUs = 0.00 secs, eos=1
V/NuPlayer(  194): kWhatSourceNotify with buffering-update for NuPlayer 100
V/AudioSink(  194): processSoundAlive samplerate 1 24000
V/AudioSink(  194): processSoundAlive samplerate 1 24000
V/AudioSink(  194): processSoundAlive samplerate 1 24000
V/AudioSink(  194): processSoundAlive samplerate 1 24000
V/GenericSource(  194): Posting read buffer for audio
V/GenericSource(  194): Posting read buffer for audio
V/GenericSource(  194): Posting read buffer for audio
D/GenericSource(  194): cachedDurationUs = 41.40 secs, eos=1
V/NuPlayer(  194): kWhatSourceNotify with buffering-update for NuPlayer 100
V/MediaPlayerService(  194): [2282] notify (0xb7e99ce8, 3, 100, 0)
V/MediaPlayer(31455): message received msg=3, ext1=100, ext2=0
V/MediaPlayer(31455): buffering 100
V/MediaPlayer(31455): callback application
V/MediaPlayer(31455): back from callback
V/AudioSink(  194): processSoundAlive samplerate 1 24000
V/AudioSink(  194): processSoundAlive samplerate 1 24000
V/AudioSink(  194): processSoundAlive samplerate 1 24000
V/AudioSink(  194): processSoundAlive samplerate 1 24000
V/GenericSource(  194): Posting read buffer for audio
V/GenericSource(  194): Posting read buffer for audio
V/GenericSource(  194): Posting read buffer for audio
V/AudioSink(  194): processSoundAlive samplerate 1 24000
V/AudioSink(  194): processSoundAlive samplerate 1 24000
V/AudioSink(  194): processSoundAlive samplerate 1 24000
V/GenericSource(  194): Posting read buffer for audio
V/GenericSource(  194): Posting read buffer for audio
V/AudioSink(  194): processSoundAlive samplerate 1 24000
V/AudioSink(  194): processSoundAlive samplerate 1 24000
V/AudioSink(  194): processSoundAlive samplerate 1 24000
V/AudioSink(  194): processSoundAlive samplerate 1 24000
V/GenericSource(  194): Posting read buffer for audio
V/GenericSource(  194): Posting read buffer for audio
V/GenericSource(  194): Posting read buffer for audio
V/NuPlayer(  194): kWhatSourceNotify with buffering-update for NuPlayer 100
D/GenericSource(  194): cachedDurationUs = 0.00 secs, eos=1
V/AudioSink(  194): processSoundAlive samplerate 1 24000
V/AudioSink(  194): processSoundAlive samplerate 1 24000
V/AudioSink(  194): processSoundAlive samplerate 1 24000
V/AudioSink(  194): processSoundAlive samplerate 1 24000
V/GenericSource(  194): Posting read buffer for audio
V/GenericSource(  194): Posting read buffer for audio
V/GenericSource(  194): Posting read buffer for audio
D/GenericSource(  194): cachedDurationUs = 0.00 secs, eos=1
V/NuPlayer(  194): kWhatSourceNotify with buffering-update for NuPlayer 100
V/AudioSink(  194): processSoundAlive samplerate 1 24000
V/AudioSink(  194): processSoundAlive samplerate 1 24000
V/AudioSink(  194): processSoundAlive samplerate 1 24000
V/GenericSource(  194): Posting read buffer for audio
V/GenericSource(  194): Posting read buffer for audio
D/GenericSource(  194): cachedDurationUs = 40.33 secs, eos=1
V/NuPlayer(  194): kWhatSourceNotify with buffering-update for NuPlayer 100
V/MediaPlayerService(  194): [2282] notify (0xb7e99ce8, 3, 100, 0)
V/MediaPlayer(31455): message received msg=3, ext1=100, ext2=0
V/MediaPlayer(31455): buffering 100
V/MediaPlayer(31455): callback application
V/MediaPlayer(31455): back from callback
V/AudioSink(  194): processSoundAlive samplerate 1 24000
V/AudioSink(  194): processSoundAlive samplerate 1 24000
V/AudioSink(  194): processSoundAlive samplerate 1 24000
V/AudioSink(  194): processSoundAlive samplerate 1 24000
V/AudioSink(  194): processSoundAlive samplerate 1 24000
V/GenericSource(  194): Posting read buffer for audio
V/GenericSource(  194): Posting read buffer for audio
V/GenericSource(  194): Posting read buffer for audio
V/GenericSource(  194): Posting read buffer for audio
V/AudioSink(  194): processSoundAlive samplerate 1 24000
V/AudioSink(  194): processSoundAlive samplerate 1 24000
V/AudioSink(  194): processSoundAlive samplerate 1 24000
V/GenericSource(  194): Posting read buffer for audio
V/GenericSource(  194): Posting read buffer for audio
V/NuPlayer(  194): kWhatSourceNotify with buffering-update for NuPlayer 100
D/GenericSource(  194): cachedDurationUs = 0.00 secs, eos=1
V/AudioSink(  194): processSoundAlive samplerate 1 24000
V/AudioSink(  194): processSoundAlive samplerate 1 24000
V/AudioSink(  194): processSoundAlive samplerate 1 24000
V/GenericSource(  194): Posting read buffer for audio
V/GenericSource(  194): Posting read buffer for audio
D/GenericSource(  194): cachedDurationUs = 0.00 secs, eos=1
V/NuPlayer(  194): kWhatSourceNotify with buffering-update for NuPlayer 100
V/AudioSink(  194): processSoundAlive samplerate 1 24000
V/AudioSink(  194): processSoundAlive samplerate 1 24000
V/AudioSink(  194): processSoundAlive samplerate 1 24000
V/AudioSink(  194): processSoundAlive samplerate 1 24000
V/AudioSink(  194): processSoundAlive samplerate 1 24000
V/GenericSource(  194): Posting read buffer for audio
V/GenericSource(  194): Posting read buffer for audio
V/GenericSource(  194): Posting read buffer for audio
V/GenericSource(  194): Posting read buffer for audio
I/ServiceKeeper( 1002): In getpackagename pid = 1002 uid = 1000 package name = android
D/        ( 1002): TIMA: tima-pkm-check event req_len=8052,resp_len=4104!
D/        ( 1002): TIMA: tima-pkm-check event call to open backend shared_mem_len=8052!
D/        ( 1002): TAL: TIMA_backend_open--int8_t TIMA_backend_open(void**, appID, uint32_t, uint32_t)
D/        ( 1002): TIMA: QCOM_backend_open--int8_t QCOM_backend_open(void**, appID, uint32_t, uint32_t)
D/QSEECOMAPI: ( 1002): App is already loaded QSEE and app id = 4
D/        ( 1002): TIMA: tima-pkm--TZAPPS is already loaded!
D/        ( 1002): TAL: TIMA_PKM_measure_kernel--int8_t TIMA_PKM_measure_kernel(TIMA_handle_t, void*, uint32_t, void*, uint32_t, uint32_t)
D/        ( 1002): TIMA: QCOM_send_command--int8_t QCOM_send_command(TIMA_handle_t, void*, uint32_t, void*, uint32_t, uint32_t)
