W/ActivityManager( 1002): mDVFSHelper.acquire()
D/StatusBarManagerService( 1002): tr p:1002,o:f
D/StatusBarManagerService( 1002): tr p:1418,o:f
V/WindowManager( 1002): rotationForOrientationLw(orient=-1, last=0); user=0  sensorRotation=-1 mLidState=-1 mDockMode=0 mHdmiPlugged=false mAccelerometerDefault=false gripRotationLock=false
D/STATUSBAR-StatusBarManagerService( 1002): manageDisableList what=0x0 pkg=WindowManager.LayoutParams
D/STATUSBAR-NetworkController_dual( 1195): onSignalStrengthsChanged signalStrength=SignalStrength: 99 -1 -1 -1 -1 -1 -1 99 2147483647 2147483647 2147483647 -1 2147483647 gsm|lte 0x0 level=0 simslot=1
D/STATUSBAR-NetworkController_dual( 1195): onSignalStrengthsChanged signalStrength=SignalStrength: 8 -1 -1 -1 -1 -1 -1 99 2147483647 2147483647 2147483647 -1 2147483647 gsm|lte 0x3 level=3 simslot=0
E/StatusBar.NetworkController_dual( 1195): updateTelephonySignalStrength: slot2 iconLevel = 3
D/StatusBar.NetworkController_dual( 1195): getPhoneSignalIconList : mMaxLevelOfSignalStrengthIndicator = 4 inetCondition = 0
D/StatusBar.NetworkController_dual( 1195): getPhoneSignalIconList : Feature.getOperator().equals(CTC) = false
D/SignalClusterView_dual( 1195): wifi: VISIBLE sig=2130838066 act=2130838026
D/SignalClusterView_dual( 1195): mMobileDataState=0 mMobileDataState2=0
D/SignalClusterView_dual( 1195): apply() mSeparateMobileGroup=8
D/SignalClusterView_dual( 1195): wifi: VISIBLE sig=2130838066 act=2130838026
D/SignalClusterView_dual( 1195): mMobileDataState=0 mMobileDataState2=0
D/SignalClusterView_dual( 1195): apply() mSeparateMobileGroup=8
D/SignalClusterView_dual( 1195): wifi: VISIBLE sig=2130838066 act=2130838026
D/SignalClusterView_dual( 1195): mMobileDataState=0 mMobileDataState2=0
D/SignalClusterView_dual( 1195): apply() mSeparateMobileGroup=8
D/SignalClusterView_dual( 1195): wifi: VISIBLE sig=2130838066 act=2130838026
D/SignalClusterView_dual( 1195): mMobileDataState=0 mMobileDataState2=0
D/SignalClusterView_dual( 1195): apply() mSeparateMobileGroup=8
D/StatusBar.NetworkController_dual( 1195): mMobileLabelViews start
D/StatusBar.NetworkController_dual( 1195): mMobileLabelViews set mobileLabel[SIM_0] =Vodafone IN
D/StatusBar.NetworkController_dual( 1195): mMobileLabelViews GONE
D/StatusBar.NetworkController_dual( 1195): mMobileLabelViews2 set mobileLabel[SIM_1] =
D/StatusBar.NetworkController_dual( 1195): mMobileLabelViews2 GONE
D/StatusBar.NetworkController_dual( 1195): mSingleMobileLabelViews set : simMode = 0
D/StatusBar.NetworkController_dual( 1195): mSingleMobileLabelViews set as slot1`s
D/STATUSBAR-IconMerger( 1195): checkOverflow(144), More:true, Req:true Child:7
I/ActivityManager( 1002): Killing 2086:com.sec.android.widgetapp.SPlannerAppWidget/u0a12 (adj 15): empty #32
D/StatusBarManagerService( 1002): tr p:3140,o:f
D/StatusBarManagerService( 1002): semi p:3140,o:f
D/CustomFrequencyManagerService( 1002): releaseDVFSLockLocked : Getting Lock type frm List : DVFS_MIN_LIMIT  frequency : 1242000  uid : 1000  pid : 1002  tag : ACTIVITY_RESUME_BOOSTER@6
W/ActivityManager( 1002): mDVFSHelper.release()
D/CustomFrequencyManagerService( 1002): acquireDVFSLockLocked : type : DVFS_MIN_LIMIT  frequency : 1242000  uid : 1000  pid : 1002  pkgName : ACTIVITY_RESUME_BOOSTER@10
D/CustomFrequencyManagerService( 1002): releaseDVFSLockLocked : Getting Lock type frm List : DVFS_MIN_LIMIT  frequency : 1242000  uid : 1000  pid : 1002  tag : ACTIVITY_RESUME_BOOSTER@10
D/STATUSBAR-NetworkController_dual( 1195): onSignalStrengthsChanged signalStrength=SignalStrength: 99 -1 -1 -1 -1 -1 -1 99 2147483647 2147483647 2147483647 -1 2147483647 gsm|lte 0x0 level=0 simslot=1
D/STATUSBAR-NetworkController_dual( 1195): onSignalStrengthsChanged signalStrength=SignalStrength: 8 -1 -1 -1 -1 -1 -1 99 2147483647 2147483647 2147483647 -1 2147483647 gsm|lte 0x3 level=3 simslot=0
D/CustomFrequencyManagerService( 1002): releaseDVFSLockLocked : Getting Lock type frm List : DVFS_MIN_LIMIT  frequency : 1728000  uid : 1000  pid : 1002  tag : SSRM_PKG_OPT@21
D/SSRMv2:SIOP( 1002): SIOP:: AP = 390, Delta = 0
D/DisplayPowerController( 1002): applyLightSensorMeasurementSEC : mIsLockZone = true
D/PackageManager( 1002): [MSG] CHECK_PENDING_VERIFICATION
D/CustomFrequencyManagerService( 1002): acquireDVFSLockLocked : type : DVFS_MIN_LIMIT  frequency : 1242000  uid : 1000  pid : 1002  pkgName : ACTIVITY_RESUME_BOOSTER@6
W/ActivityManager( 1002): mDVFSHelper.acquire()
D/StatusBarManagerService( 1002): tr p:3140,o:f
D/SignalClusterView_dual( 1195): wifi: VISIBLE sig=2130838066 act=2130838021
D/SignalClusterView_dual( 1195): mMobileDataState=0 mMobileDataState2=0
D/SignalClusterView_dual( 1195): apply() mSeparateMobileGroup=8
D/SignalClusterView_dual( 1195): wifi: VISIBLE sig=2130838066 act=2130838021
D/SignalClusterView_dual( 1195): mMobileDataState=0 mMobileDataState2=0
D/SignalClusterView_dual( 1195): apply() mSeparateMobileGroup=8
D/SignalClusterView_dual( 1195): wifi: VISIBLE sig=2130838066 act=2130838021
D/SignalClusterView_dual( 1195): mMobileDataState=0 mMobileDataState2=0
D/SignalClusterView_dual( 1195): apply() mSeparateMobileGroup=8
D/SignalClusterView_dual( 1195): wifi: VISIBLE sig=2130838066 act=2130838021
D/SignalClusterView_dual( 1195): mMobileDataState=0 mMobileDataState2=0
D/SignalClusterView_dual( 1195): apply() mSeparateMobileGroup=8
D/StatusBar.NetworkController_dual( 1195): mMobileLabelViews start
D/StatusBar.NetworkController_dual( 1195): mMobileLabelViews set mobileLabel[SIM_0] =Vodafone IN
D/StatusBar.NetworkController_dual( 1195): mMobileLabelViews GONE
D/StatusBar.NetworkController_dual( 1195): mMobileLabelViews2 set mobileLabel[SIM_1] =
D/StatusBar.NetworkController_dual( 1195): mMobileLabelViews2 GONE
D/StatusBar.NetworkController_dual( 1195): mSingleMobileLabelViews set : simMode = 0
D/StatusBar.NetworkController_dual( 1195): mSingleMobileLabelViews set as slot1`s
D/STATUSBAR-IconMerger( 1195): checkOverflow(144), More:true, Req:true Child:7
D/SignalClusterView_dual( 1195): wifi: VISIBLE sig=2130838066 act=2130838026
D/SignalClusterView_dual( 1195): mMobileDataState=0 mMobileDataState2=0
D/SignalClusterView_dual( 1195): apply() mSeparateMobileGroup=8
D/SignalClusterView_dual( 1195): wifi: VISIBLE sig=2130838066 act=2130838026
D/SignalClusterView_dual( 1195): mMobileDataState=0 mMobileDataState2=0
D/SignalClusterView_dual( 1195): apply() mSeparateMobileGroup=8
D/SignalClusterView_dual( 1195): wifi: VISIBLE sig=2130838066 act=2130838026
D/SignalClusterView_dual( 1195): mMobileDataState=0 mMobileDataState2=0
D/SignalClusterView_dual( 1195): apply() mSeparateMobileGroup=8
D/SignalClusterView_dual( 1195): wifi: VISIBLE sig=2130838066 act=2130838026
D/SignalClusterView_dual( 1195): mMobileDataState=0 mMobileDataState2=0
D/SignalClusterView_dual( 1195): apply() mSeparateMobileGroup=8
D/StatusBar.NetworkController_dual( 1195): mMobileLabelViews start
D/StatusBar.NetworkController_dual( 1195): mMobileLabelViews set mobileLabel[SIM_0] =Vodafone IN
D/StatusBar.NetworkController_dual( 1195): mMobileLabelViews GONE
D/StatusBar.NetworkController_dual( 1195): mMobileLabelViews2 set mobileLabel[SIM_1] =
D/StatusBar.NetworkController_dual( 1195): mMobileLabelViews2 GONE
D/StatusBar.NetworkController_dual( 1195): mSingleMobileLabelViews set : simMode = 0
D/StatusBar.NetworkController_dual( 1195): mSingleMobileLabelViews set as slot1`s
D/STATUSBAR-IconMerger( 1195): checkOverflow(144), More:true, Req:true Child:7
D/StatusBarManagerService( 1002): semi p:3140,o:f
D/STATUSBAR-StatusBarManagerService( 1002): manageDisableList what=0x0 pkg=WindowManager.LayoutParams
D/CustomFrequencyManagerService( 1002): releaseDVFSLockLocked : Getting Lock type frm List : DVFS_MIN_LIMIT  frequency : 1242000  uid : 1000  pid : 1002  tag : ACTIVITY_RESUME_BOOSTER@6
W/ActivityManager( 1002): mDVFSHelper.release()
D/CustomFrequencyManagerService( 1002): acquireDVFSLockLocked : type : DVFS_MIN_LIMIT  frequency : 1242000  uid : 1000  pid : 1002  pkgName : ACTIVITY_RESUME_BOOSTER@10
D/SignalClusterView_dual( 1195): wifi: VISIBLE sig=2130838066 act=2130838033
D/SignalClusterView_dual( 1195): mMobileDataState=0 mMobileDataState2=0
D/SignalClusterView_dual( 1195): apply() mSeparateMobileGroup=8
D/SignalClusterView_dual( 1195): wifi: VISIBLE sig=2130838066 act=2130838033
D/SignalClusterView_dual( 1195): mMobileDataState=0 mMobileDataState2=0
D/SignalClusterView_dual( 1195): apply() mSeparateMobileGroup=8
D/SignalClusterView_dual( 1195): wifi: VISIBLE sig=2130838066 act=2130838033
D/SignalClusterView_dual( 1195): mMobileDataState=0 mMobileDataState2=0
D/SignalClusterView_dual( 1195): apply() mSeparateMobileGroup=8
D/SignalClusterView_dual( 1195): wifi: VISIBLE sig=2130838066 act=2130838033
D/SignalClusterView_dual( 1195): mMobileDataState=0 mMobileDataState2=0
D/SignalClusterView_dual( 1195): apply() mSeparateMobileGroup=8
D/StatusBar.NetworkController_dual( 1195): mMobileLabelViews start
D/StatusBar.NetworkController_dual( 1195): mMobileLabelViews set mobileLabel[SIM_0] =Vodafone IN
D/StatusBar.NetworkController_dual( 1195): mMobileLabelViews GONE
D/StatusBar.NetworkController_dual( 1195): mMobileLabelViews2 set mobileLabel[SIM_1] =
D/StatusBar.NetworkController_dual( 1195): mMobileLabelViews2 GONE
D/StatusBar.NetworkController_dual( 1195): mSingleMobileLabelViews set : simMode = 0
D/StatusBar.NetworkController_dual( 1195): mSingleMobileLabelViews set as slot1`s
D/STATUSBAR-IconMerger( 1195): checkOverflow(144), More:true, Req:true Child:7
D/CustomFrequencyManagerService( 1002): releaseDVFSLockLocked : Getting Lock type frm List : DVFS_MIN_LIMIT  frequency : 1242000  uid : 1000  pid : 1002  tag : ACTIVITY_RESUME_BOOSTER@10
D/SignalClusterView_dual( 1195): wifi: VISIBLE sig=2130838066 act=2130838021
D/SignalClusterView_dual( 1195): mMobileDataState=0 mMobileDataState2=0
D/SignalClusterView_dual( 1195): apply() mSeparateMobileGroup=8
D/SignalClusterView_dual( 1195): wifi: VISIBLE sig=2130838066 act=2130838021
D/SignalClusterView_dual( 1195): mMobileDataState=0 mMobileDataState2=0
D/SignalClusterView_dual( 1195): apply() mSeparateMobileGroup=8
D/SignalClusterView_dual( 1195): wifi: VISIBLE sig=2130838066 act=2130838021
D/SignalClusterView_dual( 1195): mMobileDataState=0 mMobileDataState2=0
D/SignalClusterView_dual( 1195): apply() mSeparateMobileGroup=8
D/SignalClusterView_dual( 1195): wifi: VISIBLE sig=2130838066 act=2130838021
D/SignalClusterView_dual( 1195): mMobileDataState=0 mMobileDataState2=0
D/SignalClusterView_dual( 1195): apply() mSeparateMobileGroup=8
D/StatusBar.NetworkController_dual( 1195): mMobileLabelViews start
D/StatusBar.NetworkController_dual( 1195): mMobileLabelViews set mobileLabel[SIM_0] =Vodafone IN
D/StatusBar.NetworkController_dual( 1195): mMobileLabelViews GONE
D/StatusBar.NetworkController_dual( 1195): mMobileLabelViews2 set mobileLabel[SIM_1] =
D/StatusBar.NetworkController_dual( 1195): mMobileLabelViews2 GONE
D/StatusBar.NetworkController_dual( 1195): mSingleMobileLabelViews set : simMode = 0
D/StatusBar.NetworkController_dual( 1195): mSingleMobileLabelViews set as slot1`s
D/STATUSBAR-IconMerger( 1195): checkOverflow(144), More:true, Req:true Child:7
D/MotionRecognitionService( 1002):  ssp status : false
D/SignalClusterView_dual( 1195): wifi: VISIBLE sig=2130838066 act=2130838026
D/SignalClusterView_dual( 1195): mMobileDataState=0 mMobileDataState2=0
D/SignalClusterView_dual( 1195): apply() mSeparateMobileGroup=8
D/SignalClusterView_dual( 1195): wifi: VISIBLE sig=2130838066 act=2130838026
D/SignalClusterView_dual( 1195): mMobileDataState=0 mMobileDataState2=0
D/SignalClusterView_dual( 1195): apply() mSeparateMobileGroup=8
D/SignalClusterView_dual( 1195): wifi: VISIBLE sig=2130838066 act=2130838026
D/SignalClusterView_dual( 1195): mMobileDataState=0 mMobileDataState2=0
D/SignalClusterView_dual( 1195): apply() mSeparateMobileGroup=8
D/SignalClusterView_dual( 1195): wifi: VISIBLE sig=2130838066 act=2130838026
D/SignalClusterView_dual( 1195): mMobileDataState=0 mMobileDataState2=0
D/SignalClusterView_dual( 1195): apply() mSeparateMobileGroup=8
D/StatusBar.NetworkController_dual( 1195): mMobileLabelViews start
D/StatusBar.NetworkController_dual( 1195): mMobileLabelViews set mobileLabel[SIM_0] =Vodafone IN
D/StatusBar.NetworkController_dual( 1195): mMobileLabelViews GONE
D/StatusBar.NetworkController_dual( 1195): mMobileLabelViews2 set mobileLabel[SIM_1] =
D/StatusBar.NetworkController_dual( 1195): mMobileLabelViews2 GONE
D/StatusBar.NetworkController_dual( 1195): mSingleMobileLabelViews set : simMode = 0
D/StatusBar.NetworkController_dual( 1195): mSingleMobileLabelViews set as slot1`s
D/STATUSBAR-IconMerger( 1195): checkOverflow(144), More:true, Req:true Child:7
D/CustomFrequencyManagerService( 1002): acquireDVFSLockLocked : type : DVFS_MIN_LIMIT  frequency : 1026000  uid : 10452  pid : 3140  pkgName : LIST_SCROLL_BOOSTER@1
D/STATUSBAR-NetworkController_dual( 1195): onSignalStrengthsChanged signalStrength=SignalStrength: 99 -1 -1 -1 -1 -1 -1 99 2147483647 2147483647 2147483647 -1 2147483647 gsm|lte 0x0 level=0 simslot=1
D/STATUSBAR-NetworkController_dual( 1195): onSignalStrengthsChanged signalStrength=SignalStrength: 8 -1 -1 -1 -1 -1 -1 99 2147483647 2147483647 2147483647 -1 2147483647 gsm|lte 0x3 level=3 simslot=0
D/CustomFrequencyManagerService( 1002): releaseDVFSLockLocked : Getting Lock type frm List : DVFS_MIN_LIMIT  frequency : 1026000  uid : 10452  pid : 3140  tag : LIST_SCROLL_BOOSTER@1
D/CustomFrequencyManagerService( 1002): acquireDVFSLockLocked : type : DVFS_MIN_LIMIT  frequency : 1026000  uid : 10452  pid : 3140  pkgName : LIST_SCROLL_BOOSTER@1
D/PackageManager( 1002): [MSG] WRITE_PACKAGE_RESTRICTIONS
D/CustomFrequencyManagerService( 1002): releaseDVFSLockLocked : Getting Lock type frm List : DVFS_MIN_LIMIT  frequency : 1026000  uid : 10452  pid : 3140  tag : LIST_SCROLL_BOOSTER@1
D/CustomFrequencyManagerService( 1002): acquireDVFSLockLocked : type : DVFS_MIN_LIMIT  frequency : 1026000  uid : 10452  pid : 3140  pkgName : LIST_SCROLL_BOOSTER@1
D/PowerManagerService( 1002): [api] userActivityFromNative : 60 (event: 2 flags: 0) eventTime = 839606113
D/STATUSBAR-NetworkController_dual( 1195): onSignalStrengthsChanged signalStrength=SignalStrength: 99 -1 -1 -1 -1 -1 -1 99 2147483647 2147483647 2147483647 -1 2147483647 gsm|lte 0x0 level=0 simslot=1
D/STATUSBAR-NetworkController_dual( 1195): onSignalStrengthsChanged signalStrength=SignalStrength: 8 -1 -1 -1 -1 -1 -1 99 2147483647 2147483647 2147483647 -1 2147483647 gsm|lte 0x3 level=3 simslot=0
D/BatteryService( 1002): level:100, scale:100, status:5, health:2, present:true, voltage: 4285, temperature: 408, technology: Li-ion, AC powered:false, USB powered:true, Wireless powered:false, icon:17303549, invalid charger:0, online:4, current avg:0, charge type:1, power sharing:false
D/BatteryService( 1002): Sending ACTION_BATTERY_CHANGED.
D/UiModeManager( 1002): mCoverManager.getCoverState() : true
D/STATUSBAR-PhoneStatusBar( 1195):  mBrightnessEnablebySettings = true mBrightnessEnablebyBattery = true mBrightnessEnablebyDisableFlag = true mPmsBrightnessEnablebySettings = true
D/STATUSBAR-IconMerger( 1195): checkOverflow(144), More:true, Req:true Child:7
D/BatteryMeterView( 1195): ACTION_BATTERY_CHANGED : level:100 status:5 health:2
D/CustomFrequencyManagerService( 1002): releaseDVFSLockLocked : Getting Lock type frm List : DVFS_MIN_LIMIT  frequency : 1026000  uid : 10452  pid : 3140  tag : LIST_SCROLL_BOOSTER@1
D/STATUSBAR-NetworkController_dual( 1195): onSignalStrengthsChanged signalStrength=SignalStrength: 8 -1 -1 -1 -1 -1 -1 99 2147483647 2147483647 2147483647 -1 2147483647 gsm|lte 0x3 level=3 simslot=0
W/ActivityManager( 1002): Permission Denial: get/set setting for user asks to run as user -2 but is calling from user 0; this requires android.permission.INTERACT_ACROSS_USERS_FULL
W/InputMethodManagerService( 1002): Window already focused, ignoring focus gain of: com.android.internal.view.IInputMethodClient$Stub$Proxy@43a3afc0 attribute=null, token = android.os.BinderProxy@42e58c90
D/SSRMv2:SIOP( 1002): SIOP:: AP = 380, Delta = -10
D/STATUSBAR-NetworkController_dual( 1195): onSignalStrengthsChanged signalStrength=SignalStrength: 8 -1 -1 -1 -1 -1 -1 99 2147483647 2147483647 2147483647 -1 2147483647 gsm|lte 0x3 level=3 simslot=0
D/STATUSBAR-NetworkController_dual( 1195): onSignalStrengthsChanged signalStrength=SignalStrength: 99 -1 -1 -1 -1 -1 -1 99 2147483647 2147483647 2147483647 -1 2147483647 gsm|lte 0x0 level=0 simslot=1
D/STATUSBAR-NetworkController_dual( 1195): onSignalStrengthsChanged signalStrength=SignalStrength: 8 -1 -1 -1 -1 -1 -1 99 2147483647 2147483647 2147483647 -1 2147483647 gsm|lte 0x3 level=3 simslot=0
D/SSRMv2:TSP:AirViewOnOff( 1002): SettingsAirViewInfo:: 000000000
D/STATUSBAR-NetworkController_dual( 1195): onSignalStrengthsChanged signalStrength=SignalStrength: 8 -1 -1 -1 -1 -1 -1 99 2147483647 2147483647 2147483647 -1 2147483647 gsm|lte 0x3 level=3 simslot=0
D/STATUSBAR-NetworkController_dual( 1195): onSignalStrengthsChanged signalStrength=SignalStrength: 99 -1 -1 -1 -1 -1 -1 99 2147483647 2147483647 2147483647 -1 2147483647 gsm|lte 0x0 level=0 simslot=1
D/STATUSBAR-NetworkController_dual( 1195): onSignalStrengthsChanged signalStrength=SignalStrength: 8 -1 -1 -1 -1 -1 -1 99 2147483647 2147483647 2147483647 -1 2147483647 gsm|lte 0x3 level=3 simslot=0
D/STATUSBAR-NetworkController_dual( 1195): onReceive() - RSSI_CHANGED_ACTION, WIFI_STATE, NETWORK_STATE
D/SignalClusterView_dual( 1195): wifi: VISIBLE sig=2130838069 act=2130838026
D/SignalClusterView_dual( 1195): mMobileDataState=0 mMobileDataState2=0
D/SignalClusterView_dual( 1195): apply() mSeparateMobileGroup=8
D/SignalClusterView_dual( 1195): wifi: VISIBLE sig=2130838069 act=2130838026
D/SignalClusterView_dual( 1195): mMobileDataState=0 mMobileDataState2=0
D/SignalClusterView_dual( 1195): apply() mSeparateMobileGroup=8
D/SignalClusterView_dual( 1195): wifi: VISIBLE sig=2130838069 act=2130838026
D/SignalClusterView_dual( 1195): mMobileDataState=0 mMobileDataState2=0
D/SignalClusterView_dual( 1195): apply() mSeparateMobileGroup=8
D/SignalClusterView_dual( 1195): wifi: VISIBLE sig=2130838069 act=2130838026
D/SignalClusterView_dual( 1195): mMobileDataState=0 mMobileDataState2=0
D/SignalClusterView_dual( 1195): apply() mSeparateMobileGroup=8
D/StatusBar.NetworkController_dual( 1195): mMobileLabelViews start
D/StatusBar.NetworkController_dual( 1195): mMobileLabelViews set mobileLabel[SIM_0] =Vodafone IN
D/StatusBar.NetworkController_dual( 1195): mMobileLabelViews GONE
D/StatusBar.NetworkController_dual( 1195): mMobileLabelViews2 set mobileLabel[SIM_1] =
D/StatusBar.NetworkController_dual( 1195): mMobileLabelViews2 GONE
D/StatusBar.NetworkController_dual( 1195): mSingleMobileLabelViews set : simMode = 0
D/StatusBar.NetworkController_dual( 1195): mSingleMobileLabelViews set as slot1`s
D/STATUSBAR-IconMerger( 1195): checkOverflow(144), More:true, Req:true Child:7
D/STATUSBAR-NetworkController_dual( 1195): onSignalStrengthsChanged signalStrength=SignalStrength: 8 -1 -1 -1 -1 -1 -1 99 2147483647 2147483647 2147483647 -1 2147483647 gsm|lte 0x3 level=3 simslot=0
D/STATUSBAR-NetworkController_dual( 1195): onSignalStrengthsChanged signalStrength=SignalStrength: 99 -1 -1 -1 -1 -1 -1 99 2147483647 2147483647 2147483647 -1 2147483647 gsm|lte 0x0 level=0 simslot=1
D/STATUSBAR-NetworkController_dual( 1195): onSignalStrengthsChanged signalStrength=SignalStrength: 8 -1 -1 -1 -1 -1 -1 99 2147483647 2147483647 2147483647 -1 2147483647 gsm|lte 0x3 level=3 simslot=0
D/STATUSBAR-NetworkController_dual( 1195): onSignalStrengthsChanged signalStrength=SignalStrength: 8 -1 -1 -1 -1 -1 -1 99 2147483647 2147483647 2147483647 -1 2147483647 gsm|lte 0x3 level=3 simslot=0
D/STATUSBAR-NetworkController_dual( 1195): onSignalStrengthsChanged signalStrength=SignalStrength: 15 -1 -1 -1 -1 -1 -1 99 2147483647 2147483647 2147483647 -1 2147483647 gsm|lte 0x4 level=4 simslot=0
E/StatusBar.NetworkController_dual( 1195): updateTelephonySignalStrength: slot2 iconLevel = 4
D/StatusBar.NetworkController_dual( 1195): getPhoneSignalIconList : mMaxLevelOfSignalStrengthIndicator = 4 inetCondition = 0
D/StatusBar.NetworkController_dual( 1195): getPhoneSignalIconList : Feature.getOperator().equals(CTC) = false
D/SignalClusterView_dual( 1195): wifi: VISIBLE sig=2130838069 act=2130838026
D/SignalClusterView_dual( 1195): mMobileDataState=0 mMobileDataState2=0
D/SignalClusterView_dual( 1195): apply() mSeparateMobileGroup=8
D/SignalClusterView_dual( 1195): wifi: VISIBLE sig=2130838069 act=2130838026
D/SignalClusterView_dual( 1195): mMobileDataState=0 mMobileDataState2=0
D/SignalClusterView_dual( 1195): apply() mSeparateMobileGroup=8
D/SignalClusterView_dual( 1195): wifi: VISIBLE sig=2130838069 act=2130838026
D/SignalClusterView_dual( 1195): mMobileDataState=0 mMobileDataState2=0
D/SignalClusterView_dual( 1195): apply() mSeparateMobileGroup=8
D/SignalClusterView_dual( 1195): wifi: VISIBLE sig=2130838069 act=2130838026
D/SignalClusterView_dual( 1195): mMobileDataState=0 mMobileDataState2=0
D/SignalClusterView_dual( 1195): apply() mSeparateMobileGroup=8
D/StatusBar.NetworkController_dual( 1195): mMobileLabelViews start
D/StatusBar.NetworkController_dual( 1195): mMobileLabelViews set mobileLabel[SIM_0] =Vodafone IN
D/StatusBar.NetworkController_dual( 1195): mMobileLabelViews GONE
D/StatusBar.NetworkController_dual( 1195): mMobileLabelViews2 set mobileLabel[SIM_1] =
D/StatusBar.NetworkController_dual( 1195): mMobileLabelViews2 GONE
D/StatusBar.NetworkController_dual( 1195): mSingleMobileLabelViews set : simMode = 0
D/StatusBar.NetworkController_dual( 1195): mSingleMobileLabelViews set as slot1`s
D/STATUSBAR-IconMerger( 1195): checkOverflow(144), More:true, Req:true Child:7
D/STATUSBAR-NetworkController_dual( 1195): onSignalStrengthsChanged signalStrength=SignalStrength: 15 -1 -1 -1 -1 -1 -1 99 2147483647 2147483647 2147483647 -1 2147483647 gsm|lte 0x4 level=4 simslot=0
D/STATUSBAR-NetworkController_dual( 1195): onServiceStateChanged voiceState=0 dataState=0 simslot=0
E/StatusBar.NetworkController_dual( 1195): updateTelephonySignalStrength: slot2 iconLevel = 4
D/StatusBar.NetworkController_dual( 1195): getPhoneSignalIconList : mMaxLevelOfSignalStrengthIndicator = 4 inetCondition = 0
D/StatusBar.NetworkController_dual( 1195): getPhoneSignalIconList : Feature.getOperator().equals(CTC) = false
D/STATUSBAR-NetworkController_dual( 1195): updateDataNetType()
D/STATUSBAR-NetworkController_dual( 1195): Nothing, mRoamingIconId = 0
D/SignalClusterView_dual( 1195): wifi: VISIBLE sig=2130838069 act=2130838026
D/SignalClusterView_dual( 1195): mMobileDataState=0 mMobileDataState2=0
D/SignalClusterView_dual( 1195): apply() mSeparateMobileGroup=8
D/SignalClusterView_dual( 1195): wifi: VISIBLE sig=2130838069 act=2130838026
D/SignalClusterView_dual( 1195): mMobileDataState=0 mMobileDataState2=0
D/SignalClusterView_dual( 1195): apply() mSeparateMobileGroup=8
D/SignalClusterView_dual( 1195): wifi: VISIBLE sig=2130838069 act=2130838026
D/SignalClusterView_dual( 1195): mMobileDataState=0 mMobileDataState2=0
D/SignalClusterView_dual( 1195): apply() mSeparateMobileGroup=8
D/SignalClusterView_dual( 1195): wifi: VISIBLE sig=2130838069 act=2130838026
D/SignalClusterView_dual( 1195): mMobileDataState=0 mMobileDataState2=0
D/SignalClusterView_dual( 1195): apply() mSeparateMobileGroup=8
D/StatusBar.NetworkController_dual( 1195): mMobileLabelViews start
D/StatusBar.NetworkController_dual( 1195): mMobileLabelViews set mobileLabel[SIM_0] =Vodafone IN
D/StatusBar.NetworkController_dual( 1195): mMobileLabelViews GONE
D/StatusBar.NetworkController_dual( 1195): mMobileLabelViews2 set mobileLabel[SIM_1] =
D/StatusBar.NetworkController_dual( 1195): mMobileLabelViews2 GONE
D/StatusBar.NetworkController_dual( 1195): mSingleMobileLabelViews set : simMode = 0
D/StatusBar.NetworkController_dual( 1195): mSingleMobileLabelViews set as slot1`s
D/STATUSBAR-AirplaneModeQuickSettingButton( 1195): mPhoneStateListener - inAirplaneMode: false
D/STATUSBAR-AirplaneModeQuickSettingButton( 1195): Alert Dialog is not showing
D/STATUSBAR-NetworkController_dual( 1195): onSignalStrengthsChanged signalStrength=SignalStrength: 15 -1 -1 -1 -1 -1 -1 99 2147483647 2147483647 2147483647 -1 2147483647 gsm|lte 0x4 level=4 simslot=0
D/STATUSBAR-NetworkController_dual( 1195): onSignalStrengthsChanged signalStrength=SignalStrength: 15 -1 -1 -1 -1 -1 -1 99 2147483647 2147483647 2147483647 -1 2147483647 gsm|lte 0x4 level=4 simslot=0
I/ActivityManager( 1002): Killing 1403:com.android.providers.calendar/u0a9 (adj 15): empty #32
D/STATUSBAR-NetworkController_dual( 1195): onSignalStrengthsChanged signalStrength=SignalStrength: 15 -1 -1 -1 -1 -1 -1 99 2147483647 2147483647 2147483647 -1 2147483647 gsm|lte 0x4 level=4 simslot=0
D/SSRMv2:TSP:AirViewOnOff( 1002): SettingsAirViewInfo:: 000000000
W/ActivityManager( 1002): Permission Denial: get/set setting for user asks to run as user -2 but is calling from user 0; this requires android.permission.INTERACT_ACROSS_USERS_FULL
D/CustomFrequencyManagerService( 1002): acquireDVFSLockLocked : type : DVFS_MIN_LIMIT  frequency : 1242000  uid : 1000  pid : 1002  pkgName : ACTIVITY_RESUME_BOOSTER@6
W/ActivityManager( 1002): mDVFSHelper.acquire()
D/STATUSBAR-NetworkController_dual( 1195): onSignalStrengthsChanged signalStrength=SignalStrength: 15 -1 -1 -1 -1 -1 -1 99 2147483647 2147483647 2147483647 -1 2147483647 gsm|lte 0x4 level=4 simslot=0
D/StatusBarManagerService( 1002): tr p:3140,o:f
D/StatusBarManagerService( 1002): semi p:3140,o:f
D/STATUSBAR-StatusBarManagerService( 1002): manageDisableList what=0x0 pkg=WindowManager.LayoutParams
D/SignalClusterView_dual( 1195): wifi: VISIBLE sig=2130838069 act=2130838033
D/SignalClusterView_dual( 1195): mMobileDataState=0 mMobileDataState2=0
D/SignalClusterView_dual( 1195): apply() mSeparateMobileGroup=8
D/SignalClusterView_dual( 1195): wifi: VISIBLE sig=2130838069 act=2130838033
D/SignalClusterView_dual( 1195): mMobileDataState=0 mMobileDataState2=0
D/SignalClusterView_dual( 1195): apply() mSeparateMobileGroup=8
D/SignalClusterView_dual( 1195): wifi: VISIBLE sig=2130838069 act=2130838033
D/SignalClusterView_dual( 1195): mMobileDataState=0 mMobileDataState2=0
D/SignalClusterView_dual( 1195): apply() mSeparateMobileGroup=8
D/SignalClusterView_dual( 1195): wifi: VISIBLE sig=2130838069 act=2130838033
D/SignalClusterView_dual( 1195): mMobileDataState=0 mMobileDataState2=0
D/SignalClusterView_dual( 1195): apply() mSeparateMobileGroup=8
D/StatusBar.NetworkController_dual( 1195): mMobileLabelViews start
D/StatusBar.NetworkController_dual( 1195): mMobileLabelViews set mobileLabel[SIM_0] =Vodafone IN
D/StatusBar.NetworkController_dual( 1195): mMobileLabelViews GONE
D/StatusBar.NetworkController_dual( 1195): mMobileLabelViews2 set mobileLabel[SIM_1] =
D/StatusBar.NetworkController_dual( 1195): mMobileLabelViews2 GONE
D/StatusBar.NetworkController_dual( 1195): mSingleMobileLabelViews set : simMode = 0
D/StatusBar.NetworkController_dual( 1195): mSingleMobileLabelViews set as slot1`s
D/STATUSBAR-IconMerger( 1195): checkOverflow(144), More:true, Req:true Child:7
D/CustomFrequencyManagerService( 1002): releaseDVFSLockLocked : Getting Lock type frm List : DVFS_MIN_LIMIT  frequency : 1242000  uid : 1000  pid : 1002  tag : ACTIVITY_RESUME_BOOSTER@6
W/ActivityManager( 1002): mDVFSHelper.release()
D/CustomFrequencyManagerService( 1002): acquireDVFSLockLocked : type : DVFS_MIN_LIMIT  frequency : 1242000  uid : 1000  pid : 1002  pkgName : ACTIVITY_RESUME_BOOSTER@10
V/AlarmManager( 1002): waitForAlarm result :8
D/KeyguardClockWidgetService( 2304): onReceive action=android.intent.action.TIME_TICK
V/AlarmManager( 1002): ClockReceiver onReceive() ACTION_TIME_TICK
D/STATUSBAR-IconMerger( 1195): checkOverflow(144), More:true, Req:true Child:7
D/CustomFrequencyManagerService( 1002): releaseDVFSLockLocked : Getting Lock type frm List : DVFS_MIN_LIMIT  frequency : 1242000  uid : 1000  pid : 1002  tag : ACTIVITY_RESUME_BOOSTER@10
D/SignalClusterView_dual( 1195): wifi: VISIBLE sig=2130838069 act=2130838023
D/SignalClusterView_dual( 1195): mMobileDataState=0 mMobileDataState2=0
D/SignalClusterView_dual( 1195): apply() mSeparateMobileGroup=8
D/SignalClusterView_dual( 1195): wifi: VISIBLE sig=2130838069 act=2130838023
D/SignalClusterView_dual( 1195): mMobileDataState=0 mMobileDataState2=0
D/SignalClusterView_dual( 1195): apply() mSeparateMobileGroup=8
D/SignalClusterView_dual( 1195): wifi: VISIBLE sig=2130838069 act=2130838023
D/SignalClusterView_dual( 1195): mMobileDataState=0 mMobileDataState2=0
D/SignalClusterView_dual( 1195): apply() mSeparateMobileGroup=8
D/SignalClusterView_dual( 1195): wifi: VISIBLE sig=2130838069 act=2130838023
D/SignalClusterView_dual( 1195): mMobileDataState=0 mMobileDataState2=0
D/SignalClusterView_dual( 1195): apply() mSeparateMobileGroup=8
D/StatusBar.NetworkController_dual( 1195): mMobileLabelViews start
D/StatusBar.NetworkController_dual( 1195): mMobileLabelViews set mobileLabel[SIM_0] =Vodafone IN
D/StatusBar.NetworkController_dual( 1195): mMobileLabelViews GONE
D/StatusBar.NetworkController_dual( 1195): mMobileLabelViews2 set mobileLabel[SIM_1] =
D/StatusBar.NetworkController_dual( 1195): mMobileLabelViews2 GONE
D/StatusBar.NetworkController_dual( 1195): mSingleMobileLabelViews set : simMode = 0
D/StatusBar.NetworkController_dual( 1195): mSingleMobileLabelViews set as slot1`s
V/AlarmManager( 1002): waitForAlarm result :65536
D/STATUSBAR-NetworkController_dual( 1195): onSignalStrengthsChanged signalStrength=SignalStrength: 15 -1 -1 -1 -1 -1 -1 99 2147483647 2147483647 2147483647 -1 2147483647 gsm|lte 0x4 level=4 simslot=0
D/KeyguardClockWidgetService( 2304): onReceive action=android.intent.action.NETWORK_SET_TIME
D/StatusBar-DoNotDistrub( 1195): Received intent with android.intent.action.TIME_SET action
D/StatusBar-DoNotDistrub( 1195): Not data shared android.content.pm.PackageManager$NameNotFoundException: Application package com.sec.android.settings.praymodewidget not found
V/AlarmManager( 1002): trigger ELAPSED_REALTIME_WAKEUP or RTC_WAKEUP
D/StatusBar-DoNotDistrub( 1195): sendBroadcast android.intent.action.DORMANT_MODE_OFF
D/StatusBar-DoNotDistrub( 1195): The STREAM NOTIFICATION volume is 3
D/STATUSBAR-StatusBarManagerService( 1002): manageDisableList what=0x0 pkg=com.android.systemui
D/STATUSBAR-NotificationService( 1002): received android.intent.action.DORMANT_MODE_OFF
D/LightsService( 1002): [api] [SvcLED] turnOff:: id = 4 (uid: 1000 pid: 1002) 
D/LightsService( 1002): [SvcLED] setSvcLedStateLocked:: SvcLEDState : 0x0 -> 0x0 | SvcLED(id=4) set Off
D/LightsService( 1002): [SvcLED] Lux failed to be updated in 0ms. -> handleForcedSvcLEDTasK
D/LightsService( 1002): [SvcLED]  setSvcLedLightLocked :: Current SvcLED(id=3) maintains its priority right
V/AlarmManager( 1002): waitForAlarm result :4
D/STATUSBAR-IconMerger( 1195): checkOverflow(144), More:true, Req:true Child:7
D/KeyguardClockWidgetService( 2304): onReceive action=android.intent.action.TIME_SET
D/SignalClusterView_dual( 1195): wifi: VISIBLE sig=2130838069 act=2130838026
D/SignalClusterView_dual( 1195): mMobileDataState=0 mMobileDataState2=0
D/SignalClusterView_dual( 1195): apply() mSeparateMobileGroup=8
D/SignalClusterView_dual( 1195): wifi: VISIBLE sig=2130838069 act=2130838026
D/SignalClusterView_dual( 1195): mMobileDataState=0 mMobileDataState2=0
D/SignalClusterView_dual( 1195): apply() mSeparateMobileGroup=8
D/SignalClusterView_dual( 1195): wifi: VISIBLE sig=2130838069 act=2130838026
D/SignalClusterView_dual( 1195): mMobileDataState=0 mMobileDataState2=0
D/SignalClusterView_dual( 1195): apply() mSeparateMobileGroup=8
D/SignalClusterView_dual( 1195): wifi: VISIBLE sig=2130838069 act=2130838026
D/SignalClusterView_dual( 1195): mMobileDataState=0 mMobileDataState2=0
D/SignalClusterView_dual( 1195): apply() mSeparateMobileGroup=8
D/StatusBar.NetworkController_dual( 1195): mMobileLabelViews start
D/StatusBar.NetworkController_dual( 1195): mMobileLabelViews set mobileLabel[SIM_0] =Vodafone IN
D/StatusBar.NetworkController_dual( 1195): mMobileLabelViews GONE
D/StatusBar.NetworkController_dual( 1195): mMobileLabelViews2 set mobileLabel[SIM_1] =
D/StatusBar.NetworkController_dual( 1195): mMobileLabelViews2 GONE
D/StatusBar.NetworkController_dual( 1195): mSingleMobileLabelViews set : simMode = 0
D/StatusBar.NetworkController_dual( 1195): mSingleMobileLabelViews set as slot1`s
D/STATUSBAR-IconMerger( 1195): checkOverflow(144), More:true, Req:true Child:7
I/ActivityManager( 1002): Killing 2261:com.sec.android.widgetapp.alarmwidget/u0a68 (adj 15): empty #32
I/ActivityManager( 1002): Killing 2276:com.sec.android.widgetapp.digitalclock/u0a95 (adj 15): empty #32
I/ActivityManager( 1002): Killing 2289:com.sec.android.widgetapp.dualclockdigital/u0a100 (adj 15): empty #32
I/ActivityManager( 1002): Killing 2327:com.android.email/u0a151 (adj 15): empty #32
W/BackupManagerService( 1002): dataChanged but no participant pkg='com.android.providers.settings' uid=10019
W/BackupManagerService( 1002): dataChanged but no participant pkg='com.android.providers.settings' uid=10019
W/BackupManagerService( 1002): dataChanged but no participant pkg='com.android.providers.settings' uid=10019
I/ActivityManager( 1002): Killing 2350:com.sec.android.provider.badge/u0a76 (adj 15): empty #32
I/ActivityManager( 1002): Killing 2602:com.sec.android.SimpleWidget/u0a58 (adj 15): empty #32
I/ActivityManager( 1002): Killing 2617:com.sec.knox.bridge/1000 (adj 15): empty #32
D/STATUSBAR-NetworkController_dual( 1195): onSignalStrengthsChanged signalStrength=SignalStrength: 15 -1 -1 -1 -1 -1 -1 99 2147483647 2147483647 2147483647 -1 2147483647 gsm|lte 0x4 level=4 simslot=0
D/SSRMv2:SIOP( 1002): SIOP:: AP = 380, Delta = 0
I/ActivityManager( 1002): Killing 2730:com.android.keychain/1000 (adj 15): empty #32
D/STATUSBAR-NetworkController_dual( 1195): onReceive() - RSSI_CHANGED_ACTION, WIFI_STATE, NETWORK_STATE
D/SignalClusterView_dual( 1195): wifi: VISIBLE sig=2130838066 act=2130838026
D/SignalClusterView_dual( 1195): mMobileDataState=0 mMobileDataState2=0
D/SignalClusterView_dual( 1195): apply() mSeparateMobileGroup=8
D/SignalClusterView_dual( 1195): wifi: VISIBLE sig=2130838066 act=2130838026
D/SignalClusterView_dual( 1195): mMobileDataState=0 mMobileDataState2=0
D/SignalClusterView_dual( 1195): apply() mSeparateMobileGroup=8
D/SignalClusterView_dual( 1195): wifi: VISIBLE sig=2130838066 act=2130838026
D/SignalClusterView_dual( 1195): mMobileDataState=0 mMobileDataState2=0
D/SignalClusterView_dual( 1195): apply() mSeparateMobileGroup=8
D/SignalClusterView_dual( 1195): wifi: VISIBLE sig=2130838066 act=2130838026
D/SignalClusterView_dual( 1195): mMobileDataState=0 mMobileDataState2=0
D/SignalClusterView_dual( 1195): apply() mSeparateMobileGroup=8
D/StatusBar.NetworkController_dual( 1195): mMobileLabelViews start
D/StatusBar.NetworkController_dual( 1195): mMobileLabelViews set mobileLabel[SIM_0] =Vodafone IN
D/StatusBar.NetworkController_dual( 1195): mMobileLabelViews GONE
D/StatusBar.NetworkController_dual( 1195): mMobileLabelViews2 set mobileLabel[SIM_1] =
D/StatusBar.NetworkController_dual( 1195): mMobileLabelViews2 GONE
D/StatusBar.NetworkController_dual( 1195): mSingleMobileLabelViews set : simMode = 0
D/StatusBar.NetworkController_dual( 1195): mSingleMobileLabelViews set as slot1`s
D/STATUSBAR-IconMerger( 1195): checkOverflow(144), More:true, Req:true Child:7
V/AlarmManager( 1002): waitForAlarm result :8
D/KeyguardClockWidgetService( 2304): onReceive action=android.intent.action.TIME_TICK
V/AlarmManager( 1002): ClockReceiver onReceive() ACTION_TIME_TICK
D/STATUSBAR-IconMerger( 1195): checkOverflow(144), More:true, Req:true Child:7
I/ActivityManager( 1002): Killing 2745:com.sec.everglades/u0a147 (adj 15): empty #32
D/STATUSBAR-IconMerger( 1195): checkOverflow(144), More:true, Req:true Child:7
I/ActivityManager( 1002): Killing 2975:com.android.documentsui/u0a90 (adj 15): empty #32
D/STATUSBAR-NetworkController_dual( 1195): onSignalStrengthsChanged signalStrength=SignalStrength: 15 -1 -1 -1 -1 -1 -1 99 2147483647 2147483647 2147483647 -1 2147483647 gsm|lte 0x4 level=4 simslot=0
V/AlarmManager( 1002): waitForAlarm result :4
V/AlarmManager( 1002): waitForAlarm result :4
V/AlarmManager( 1002): trigger ELAPSED_REALTIME_WAKEUP or RTC_WAKEUP
E/Watchdog( 1002): !@Sync 27977
D/SSRMv2:SIOP( 1002): SIOP:: AP = 380, Delta = 0
D/SignalClusterView_dual( 1195): wifi: VISIBLE sig=2130838066 act=2130838021
D/SignalClusterView_dual( 1195): mMobileDataState=0 mMobileDataState2=0
D/SignalClusterView_dual( 1195): apply() mSeparateMobileGroup=8
D/SignalClusterView_dual( 1195): wifi: VISIBLE sig=2130838066 act=2130838021
D/SignalClusterView_dual( 1195): mMobileDataState=0 mMobileDataState2=0
D/SignalClusterView_dual( 1195): apply() mSeparateMobileGroup=8
D/SignalClusterView_dual( 1195): wifi: VISIBLE sig=2130838066 act=2130838021
D/SignalClusterView_dual( 1195): mMobileDataState=0 mMobileDataState2=0
D/SignalClusterView_dual( 1195): apply() mSeparateMobileGroup=8
D/SignalClusterView_dual( 1195): wifi: VISIBLE sig=2130838066 act=2130838021
D/SignalClusterView_dual( 1195): mMobileDataState=0 mMobileDataState2=0
D/SignalClusterView_dual( 1195): apply() mSeparateMobileGroup=8
D/StatusBar.NetworkController_dual( 1195): mMobileLabelViews start
D/StatusBar.NetworkController_dual( 1195): mMobileLabelViews set mobileLabel[SIM_0] =Vodafone IN
D/StatusBar.NetworkController_dual( 1195): mMobileLabelViews GONE
D/StatusBar.NetworkController_dual( 1195): mMobileLabelViews2 set mobileLabel[SIM_1] =
D/StatusBar.NetworkController_dual( 1195): mMobileLabelViews2 GONE
D/StatusBar.NetworkController_dual( 1195): mSingleMobileLabelViews set : simMode = 0
D/StatusBar.NetworkController_dual( 1195): mSingleMobileLabelViews set as slot1`s
D/STATUSBAR-IconMerger( 1195): checkOverflow(144), More:true, Req:true Child:7
D/SignalClusterView_dual( 1195): wifi: VISIBLE sig=2130838066 act=2130838026
D/SignalClusterView_dual( 1195): mMobileDataState=0 mMobileDataState2=0
D/SignalClusterView_dual( 1195): apply() mSeparateMobileGroup=8
D/SignalClusterView_dual( 1195): wifi: VISIBLE sig=2130838066 act=2130838026
D/SignalClusterView_dual( 1195): mMobileDataState=0 mMobileDataState2=0
D/SignalClusterView_dual( 1195): apply() mSeparateMobileGroup=8
D/SignalClusterView_dual( 1195): wifi: VISIBLE sig=2130838066 act=2130838026
D/SignalClusterView_dual( 1195): mMobileDataState=0 mMobileDataState2=0
D/SignalClusterView_dual( 1195): apply() mSeparateMobileGroup=8
D/SignalClusterView_dual( 1195): wifi: VISIBLE sig=2130838066 act=2130838026
D/SignalClusterView_dual( 1195): mMobileDataState=0 mMobileDataState2=0
D/SignalClusterView_dual( 1195): apply() mSeparateMobileGroup=8
D/StatusBar.NetworkController_dual( 1195): mMobileLabelViews start
D/StatusBar.NetworkController_dual( 1195): mMobileLabelViews set mobileLabel[SIM_0] =Vodafone IN
D/StatusBar.NetworkController_dual( 1195): mMobileLabelViews GONE
D/StatusBar.NetworkController_dual( 1195): mMobileLabelViews2 set mobileLabel[SIM_1] =
D/StatusBar.NetworkController_dual( 1195): mMobileLabelViews2 GONE
D/StatusBar.NetworkController_dual( 1195): mSingleMobileLabelViews set : simMode = 0
D/StatusBar.NetworkController_dual( 1195): mSingleMobileLabelViews set as slot1`s
D/STATUSBAR-IconMerger( 1195): checkOverflow(144), More:true, Req:true Child:7
D/CustomFrequencyManagerService( 1002): acquireDVFSLockLocked : type : DVFS_MIN_LIMIT  frequency : 1242000  uid : 1000  pid : 1002  pkgName : ACTIVITY_RESUME_BOOSTER@6
W/ActivityManager( 1002): mDVFSHelper.acquire()
D/PowerManagerService( 1002): [api] acquire WakeLock flags=0x2000000a tag=WindowManager uid=1000 pid=1002
D/SignalClusterView_dual( 1195): wifi: VISIBLE sig=2130838066 act=2130838023
D/SignalClusterView_dual( 1195): mMobileDataState=0 mMobileDataState2=0
D/SignalClusterView_dual( 1195): apply() mSeparateMobileGroup=8
D/SignalClusterView_dual( 1195): wifi: VISIBLE sig=2130838066 act=2130838023
D/SignalClusterView_dual( 1195): mMobileDataState=0 mMobileDataState2=0
D/SignalClusterView_dual( 1195): apply() mSeparateMobileGroup=8
D/SignalClusterView_dual( 1195): wifi: VISIBLE sig=2130838066 act=2130838023
D/SignalClusterView_dual( 1195): mMobileDataState=0 mMobileDataState2=0
D/SignalClusterView_dual( 1195): apply() mSeparateMobileGroup=8
D/SignalClusterView_dual( 1195): wifi: VISIBLE sig=2130838066 act=2130838023
D/SignalClusterView_dual( 1195): mMobileDataState=0 mMobileDataState2=0
D/SignalClusterView_dual( 1195): apply() mSeparateMobileGroup=8
D/StatusBar.NetworkController_dual( 1195): mMobileLabelViews start
D/StatusBar.NetworkController_dual( 1195): mMobileLabelViews set mobileLabel[SIM_0] =Vodafone IN
D/StatusBar.NetworkController_dual( 1195): mMobileLabelViews GONE
D/StatusBar.NetworkController_dual( 1195): mMobileLabelViews2 set mobileLabel[SIM_1] =
D/StatusBar.NetworkController_dual( 1195): mMobileLabelViews2 GONE
D/StatusBar.NetworkController_dual( 1195): mSingleMobileLabelViews set : simMode = 0
D/StatusBar.NetworkController_dual( 1195): mSingleMobileLabelViews set as slot1`s
D/STATUSBAR-IconMerger( 1195): checkOverflow(144), More:true, Req:true Child:7
D/StatusBarManagerService( 1002): semi p:3140,o:f
D/STATUSBAR-StatusBarManagerService( 1002): manageDisableList what=0x0 pkg=WindowManager.LayoutParams
D/CustomFrequencyManagerService( 1002): releaseDVFSLockLocked : Getting Lock type frm List : DVFS_MIN_LIMIT  frequency : 1242000  uid : 1000  pid : 1002  tag : ACTIVITY_RESUME_BOOSTER@6
W/ActivityManager( 1002): mDVFSHelper.release()
D/CustomFrequencyManagerService( 1002): acquireDVFSLockLocked : type : DVFS_MIN_LIMIT  frequency : 1242000  uid : 1000  pid : 1002  pkgName : ACTIVITY_RESUME_BOOSTER@10
D/CustomFrequencyManagerService( 1002): releaseDVFSLockLocked : Getting Lock type frm List : DVFS_MIN_LIMIT  frequency : 1242000  uid : 1000  pid : 1002  tag : ACTIVITY_RESUME_BOOSTER@10
D/SignalClusterView_dual( 1195): wifi: VISIBLE sig=2130838066 act=2130838026
D/SignalClusterView_dual( 1195): mMobileDataState=0 mMobileDataState2=0
D/SignalClusterView_dual( 1195): apply() mSeparateMobileGroup=8
D/SignalClusterView_dual( 1195): wifi: VISIBLE sig=2130838066 act=2130838026
D/SignalClusterView_dual( 1195): mMobileDataState=0 mMobileDataState2=0
D/SignalClusterView_dual( 1195): apply() mSeparateMobileGroup=8
D/SignalClusterView_dual( 1195): wifi: VISIBLE sig=2130838066 act=2130838026
D/SignalClusterView_dual( 1195): mMobileDataState=0 mMobileDataState2=0
D/SignalClusterView_dual( 1195): apply() mSeparateMobileGroup=8
D/SignalClusterView_dual( 1195): wifi: VISIBLE sig=2130838066 act=2130838026
D/SignalClusterView_dual( 1195): mMobileDataState=0 mMobileDataState2=0
D/SignalClusterView_dual( 1195): apply() mSeparateMobileGroup=8
D/StatusBar.NetworkController_dual( 1195): mMobileLabelViews start
D/StatusBar.NetworkController_dual( 1195): mMobileLabelViews set mobileLabel[SIM_0] =Vodafone IN
D/StatusBar.NetworkController_dual( 1195): mMobileLabelViews GONE
D/StatusBar.NetworkController_dual( 1195): mMobileLabelViews2 set mobileLabel[SIM_1] =
D/StatusBar.NetworkController_dual( 1195): mMobileLabelViews2 GONE
D/StatusBar.NetworkController_dual( 1195): mSingleMobileLabelViews set : simMode = 0
D/StatusBar.NetworkController_dual( 1195): mSingleMobileLabelViews set as slot1`s
D/STATUSBAR-IconMerger( 1195): checkOverflow(144), More:true, Req:true Child:7
D/STATUSBAR-StatusBarManagerService( 1002): sendNotification(2) - 1
D/STATUSBAR-IconMerger( 1195): checkOverflow(144), More:true, Req:true Child:7
D/PowerManagerService( 1002): [api] [s] userActivity : event: 0 flags: 0 (uid: 1000 pid: 1002) eventTime = 839636671
D/PowerManagerService( 1002): [api] release WakeLock flags=0x2000000a tag=WindowManager uid=1000 pid=1002 (0x0)
D/PowerManagerService( 1002): [api] applyWakeLockFlagsOnReleaseLocked : userActivityNoUpdateLocked is called : SCREEN_BRIGHT_WAKE_LOCK        'WindowManager' ON_AFTER_RELEASE (uid=1000, pid=1002, ws=WorkSource{10452}) (elapsedTime=3404)
D/SSRMv2:SIOP( 1002): SIOP:: AP = 370, Delta = -10
D/SignalClusterView_dual( 1195): wifi: VISIBLE sig=2130838066 act=2130838033
D/SignalClusterView_dual( 1195): mMobileDataState=0 mMobileDataState2=0
D/SignalClusterView_dual( 1195): apply() mSeparateMobileGroup=8
D/SignalClusterView_dual( 1195): wifi: VISIBLE sig=2130838066 act=2130838033
D/SignalClusterView_dual( 1195): mMobileDataState=0 mMobileDataState2=0
D/SignalClusterView_dual( 1195): apply() mSeparateMobileGroup=8
D/SignalClusterView_dual( 1195): wifi: VISIBLE sig=2130838066 act=2130838033
D/SignalClusterView_dual( 1195): mMobileDataState=0 mMobileDataState2=0
D/SignalClusterView_dual( 1195): apply() mSeparateMobileGroup=8
D/SignalClusterView_dual( 1195): wifi: VISIBLE sig=2130838066 act=2130838033
D/SignalClusterView_dual( 1195): mMobileDataState=0 mMobileDataState2=0
D/SignalClusterView_dual( 1195): apply() mSeparateMobileGroup=8
D/StatusBar.NetworkController_dual( 1195): mMobileLabelViews start
D/StatusBar.NetworkController_dual( 1195): mMobileLabelViews set mobileLabel[SIM_0] =Vodafone IN
D/StatusBar.NetworkController_dual( 1195): mMobileLabelViews GONE
D/StatusBar.NetworkController_dual( 1195): mMobileLabelViews2 set mobileLabel[SIM_1] =
D/StatusBar.NetworkController_dual( 1195): mMobileLabelViews2 GONE
D/StatusBar.NetworkController_dual( 1195): mSingleMobileLabelViews set : simMode = 0
D/StatusBar.NetworkController_dual( 1195): mSingleMobileLabelViews set as slot1`s
D/STATUSBAR-IconMerger( 1195): checkOverflow(144), More:true, Req:true Child:7
D/SignalClusterView_dual( 1195): wifi: VISIBLE sig=2130838066 act=2130838023
D/SignalClusterView_dual( 1195): mMobileDataState=0 mMobileDataState2=0
D/SignalClusterView_dual( 1195): apply() mSeparateMobileGroup=8
D/SignalClusterView_dual( 1195): wifi: VISIBLE sig=2130838066 act=2130838023
D/SignalClusterView_dual( 1195): mMobileDataState=0 mMobileDataState2=0
D/SignalClusterView_dual( 1195): apply() mSeparateMobileGroup=8
D/SignalClusterView_dual( 1195): wifi: VISIBLE sig=2130838066 act=2130838023
D/SignalClusterView_dual( 1195): mMobileDataState=0 mMobileDataState2=0
D/SignalClusterView_dual( 1195): apply() mSeparateMobileGroup=8
D/SignalClusterView_dual( 1195): wifi: VISIBLE sig=2130838066 act=2130838023
D/SignalClusterView_dual( 1195): mMobileDataState=0 mMobileDataState2=0
D/SignalClusterView_dual( 1195): apply() mSeparateMobileGroup=8
D/StatusBar.NetworkController_dual( 1195): mMobileLabelViews start
D/StatusBar.NetworkController_dual( 1195): mMobileLabelViews set mobileLabel[SIM_0] =Vodafone IN
D/StatusBar.NetworkController_dual( 1195): mMobileLabelViews GONE
D/StatusBar.NetworkController_dual( 1195): mMobileLabelViews2 set mobileLabel[SIM_1] =
D/StatusBar.NetworkController_dual( 1195): mMobileLabelViews2 GONE
D/StatusBar.NetworkController_dual( 1195): mSingleMobileLabelViews set : simMode = 0
D/StatusBar.NetworkController_dual( 1195): mSingleMobileLabelViews set as slot1`s
D/STATUSBAR-IconMerger( 1195): checkOverflow(144), More:true, Req:true Child:7
D/PowerManagerService( 1002): [api] userActivityFromNative : 70 (event: 2 flags: 0) eventTime = 839638803
W/ActivityManager( 1002): Permission Denial: get/set setting for user asks to run as user -2 but is calling from user 0; this requires android.permission.INTERACT_ACROSS_USERS_FULL
D/CustomFrequencyManagerService( 1002): acquireDVFSLockLocked : type : DVFS_MIN_LIMIT  frequency : 1242000  uid : 1000  pid : 1002  pkgName : ACTIVITY_RESUME_BOOSTER@6
W/ActivityManager( 1002): mDVFSHelper.acquire()
D/StatusBarManagerService( 1002): tr p:3140,o:f
D/StatusBarManagerService( 1002): semi p:3140,o:f
D/STATUSBAR-StatusBarManagerService( 1002): manageDisableList what=0x0 pkg=WindowManager.LayoutParams
D/CustomFrequencyManagerService( 1002): releaseDVFSLockLocked : Getting Lock type frm List : DVFS_MIN_LIMIT  frequency : 1242000  uid : 1000  pid : 1002  tag : ACTIVITY_RESUME_BOOSTER@6
W/ActivityManager( 1002): mDVFSHelper.release()
D/CustomFrequencyManagerService( 1002): acquireDVFSLockLocked : type : DVFS_MIN_LIMIT  frequency : 1242000  uid : 1000  pid : 1002  pkgName : ACTIVITY_RESUME_BOOSTER@10
I/ActivityManager( 1002): Killing 2993:com.android.externalstorage/u0a36 (adj 15): empty #32
D/CustomFrequencyManagerService( 1002): releaseDVFSLockLocked : Getting Lock type frm List : DVFS_MIN_LIMIT  frequency : 1242000  uid : 1000  pid : 1002  tag : ACTIVITY_RESUME_BOOSTER@10
V/NetworkStats( 1002): performPollLocked(flags=0x1)
V/NetworkStats( 1002): performPollLocked() took 671ms
W/NetworkStats( 1002): getDevSummary: NetworkStats: elapsedRealtime=0
W/NetworkStats( 1002): getXtSummary: NetworkStats: elapsedRealtime=2461405788
W/NetworkStats( 1002):   [0] iface=null uid=-1 set=ALL tag=0x0 rxBytes=367085618 rxPackets=506661 txBytes=73314402 txPackets=437008 operations=0
W/NetworkStats( 1002): getDevSummary: NetworkStats: elapsedRealtime=0
W/NetworkStats( 1002): getXtSummary: NetworkStats: elapsedRealtime=2461405794
W/NetworkStats( 1002):   [0] iface=null uid=-1 set=ALL tag=0x0 rxBytes=367085618 rxPackets=506661 txBytes=73314402 txPackets=437008 operations=0
D/STATUSBAR-NetworkController_dual( 1195): onReceive() - RSSI_CHANGED_ACTION, WIFI_STATE, NETWORK_STATE
D/SignalClusterView_dual( 1195): wifi: VISIBLE sig=2130838069 act=2130838023
D/SignalClusterView_dual( 1195): mMobileDataState=0 mMobileDataState2=0
D/SignalClusterView_dual( 1195): apply() mSeparateMobileGroup=8
D/SignalClusterView_dual( 1195): wifi: VISIBLE sig=2130838069 act=2130838023
D/SignalClusterView_dual( 1195): mMobileDataState=0 mMobileDataState2=0
D/SignalClusterView_dual( 1195): apply() mSeparateMobileGroup=8
D/SignalClusterView_dual( 1195): wifi: VISIBLE sig=2130838069 act=2130838023
D/SignalClusterView_dual( 1195): mMobileDataState=0 mMobileDataState2=0
D/SignalClusterView_dual( 1195): apply() mSeparateMobileGroup=8
D/SignalClusterView_dual( 1195): wifi: VISIBLE sig=2130838069 act=2130838023
D/SignalClusterView_dual( 1195): mMobileDataState=0 mMobileDataState2=0
