D/SignalClusterView_dual( 1195): apply() mSeparateMobileGroup=8
D/StatusBar.NetworkController_dual( 1195): mMobileLabelViews start
D/StatusBar.NetworkController_dual( 1195): mMobileLabelViews set mobileLabel[SIM_0] =Vodafone IN
D/StatusBar.NetworkController_dual( 1195): mMobileLabelViews GONE
D/StatusBar.NetworkController_dual( 1195): mMobileLabelViews2 set mobileLabel[SIM_1] =
D/StatusBar.NetworkController_dual( 1195): mMobileLabelViews2 GONE
D/StatusBar.NetworkController_dual( 1195): mSingleMobileLabelViews set : simMode = 0
D/StatusBar.NetworkController_dual( 1195): mSingleMobileLabelViews set as slot1`s
D/STATUSBAR-IconMerger( 1195): checkOverflow(144), More:true, Req:true Child:7
D/STATUSBAR-NetworkController_dual( 1195): onSignalStrengthsChanged signalStrength=SignalStrength: 17 -1 -1 -1 -1 -1 -1 99 2147483647 2147483647 2147483647 -1 2147483647 gsm|lte 0x4 level=4 simslot=0
D/STATUSBAR-NetworkController_dual( 1195): onServiceStateChanged voiceState=0 dataState=0 simslot=0
E/StatusBar.NetworkController_dual( 1195): updateTelephonySignalStrength: slot2 iconLevel = 4
D/StatusBar.NetworkController_dual( 1195): getPhoneSignalIconList : mMaxLevelOfSignalStrengthIndicator = 4 inetCondition = 0
D/StatusBar.NetworkController_dual( 1195): getPhoneSignalIconList : Feature.getOperator().equals(CTC) = false
D/STATUSBAR-NetworkController_dual( 1195): updateDataNetType()
D/STATUSBAR-NetworkController_dual( 1195): Nothing, mRoamingIconId = 0
D/SignalClusterView_dual( 1195): wifi: VISIBLE sig=2130838069 act=2130838026
D/SignalClusterView_dual( 1195): mMobileDataState=0 mMobileDataState2=0
D/SignalClusterView_dual( 1195): apply() mSeparateMobileGroup=8
D/SignalClusterView_dual( 1195): wifi: VISIBLE sig=2130838069 act=2130838026
D/SignalClusterView_dual( 1195): mMobileDataState=0 mMobileDataState2=0
D/SignalClusterView_dual( 1195): apply() mSeparateMobileGroup=8
D/SignalClusterView_dual( 1195): wifi: VISIBLE sig=2130838069 act=2130838026
D/SignalClusterView_dual( 1195): mMobileDataState=0 mMobileDataState2=0
D/SignalClusterView_dual( 1195): apply() mSeparateMobileGroup=8
D/SignalClusterView_dual( 1195): wifi: VISIBLE sig=2130838069 act=2130838026
D/SignalClusterView_dual( 1195): mMobileDataState=0 mMobileDataState2=0
D/SignalClusterView_dual( 1195): apply() mSeparateMobileGroup=8
D/StatusBar.NetworkController_dual( 1195): mMobileLabelViews start
D/StatusBar.NetworkController_dual( 1195): mMobileLabelViews set mobileLabel[SIM_0] =Vodafone IN
D/StatusBar.NetworkController_dual( 1195): mMobileLabelViews GONE
D/StatusBar.NetworkController_dual( 1195): mMobileLabelViews2 set mobileLabel[SIM_1] =
D/StatusBar.NetworkController_dual( 1195): mMobileLabelViews2 GONE
D/StatusBar.NetworkController_dual( 1195): mSingleMobileLabelViews set : simMode = 0
D/StatusBar.NetworkController_dual( 1195): mSingleMobileLabelViews set as slot1`s
D/STATUSBAR-AirplaneModeQuickSettingButton( 1195): mPhoneStateListener - inAirplaneMode: false
D/STATUSBAR-AirplaneModeQuickSettingButton( 1195): Alert Dialog is not showing
D/STATUSBAR-NetworkController_dual( 1195): onSignalStrengthsChanged signalStrength=SignalStrength: 17 -1 -1 -1 -1 -1 -1 99 2147483647 2147483647 2147483647 -1 2147483647 gsm|lte 0x4 level=4 simslot=0
D/STATUSBAR-NetworkController_dual( 1195): onSignalStrengthsChanged signalStrength=SignalStrength: 17 -1 -1 -1 -1 -1 -1 99 2147483647 2147483647 2147483647 -1 2147483647 gsm|lte 0x4 level=4 simslot=0
D/STATUSBAR-NetworkController_dual( 1195): onSignalStrengthsChanged signalStrength=SignalStrength: 17 -1 -1 -1 -1 -1 -1 99 2147483647 2147483647 2147483647 -1 2147483647 gsm|lte 0x4 level=4 simslot=0
D/STATUSBAR-NetworkController_dual( 1195): onSignalStrengthsChanged signalStrength=SignalStrength: 17 -1 -1 -1 -1 -1 -1 99 2147483647 2147483647 2147483647 -1 2147483647 gsm|lte 0x4 level=4 simslot=0
V/AlarmManager( 1002): waitForAlarm result :65536
D/STATUSBAR-NetworkController_dual( 1195): onSignalStrengthsChanged signalStrength=SignalStrength: 17 -1 -1 -1 -1 -1 -1 99 2147483647 2147483647 2147483647 -1 2147483647 gsm|lte 0x4 level=4 simslot=0
D/KeyguardClockWidgetService( 2304): onReceive action=android.intent.action.NETWORK_SET_TIME
D/StatusBar-DoNotDistrub( 1195): Received intent with android.intent.action.TIME_SET action
D/KeyguardClockWidgetService( 2304): onReceive action=android.intent.action.TIME_SET
D/StatusBar-DoNotDistrub( 1195): Not data shared android.content.pm.PackageManager$NameNotFoundException: Application package com.sec.android.settings.praymodewidget not found
D/STATUSBAR-NotificationService( 1002): received android.intent.action.DORMANT_MODE_OFF
D/StatusBar-DoNotDistrub( 1195): sendBroadcast android.intent.action.DORMANT_MODE_OFF
D/LightsService( 1002): [api] [SvcLED] turnOff:: id = 4 (uid: 1000 pid: 1002) 
D/LightsService( 1002): [SvcLED] setSvcLedStateLocked:: SvcLEDState : 0x0 -> 0x0 | SvcLED(id=4) set Off
D/LightsService( 1002): [SvcLED] Lux failed to be updated in 0ms. -> handleForcedSvcLEDTasK
D/LightsService( 1002): [SvcLED]  setSvcLedLightLocked :: Current SvcLED(id=3) maintains its priority right
D/StatusBar-DoNotDistrub( 1195): The STREAM NOTIFICATION volume is 3
D/STATUSBAR-StatusBarManagerService( 1002): manageDisableList what=0x0 pkg=com.android.systemui
D/STATUSBAR-IconMerger( 1195): checkOverflow(144), More:true, Req:true Child:7
W/BackupManagerService( 1002): dataChanged but no participant pkg='com.android.providers.settings' uid=10019
W/BackupManagerService( 1002): dataChanged but no participant pkg='com.android.providers.settings' uid=10019
W/BackupManagerService( 1002): dataChanged but no participant pkg='com.android.providers.settings' uid=10019
D/SSRMv2:SIOP( 1002): SIOP:: AP = 380, Delta = 0
D/STATUSBAR-NetworkController_dual( 1195): onSignalStrengthsChanged signalStrength=SignalStrength: 99 -1 -1 -1 -1 -1 -1 99 2147483647 2147483647 2147483647 -1 2147483647 gsm|lte 0x0 level=0 simslot=1
D/STATUSBAR-NetworkController_dual( 1195): onSignalStrengthsChanged signalStrength=SignalStrength: 16 -1 -1 -1 -1 -1 -1 99 2147483647 2147483647 2147483647 -1 2147483647 gsm|lte 0x4 level=4 simslot=0
D/STATUSBAR-NetworkController_dual( 1195): onSignalStrengthsChanged signalStrength=SignalStrength: 16 -1 -1 -1 -1 -1 -1 99 2147483647 2147483647 2147483647 -1 2147483647 gsm|lte 0x4 level=4 simslot=0
D/STATUSBAR-NetworkController_dual( 1195): onSignalStrengthsChanged signalStrength=SignalStrength: 16 -1 -1 -1 -1 -1 -1 99 2147483647 2147483647 2147483647 -1 2147483647 gsm|lte 0x4 level=4 simslot=0
E/Watchdog( 1002): !@Sync 27981
V/AlarmManager( 1002): waitForAlarm result :4
V/AlarmManager( 1002): trigger ELAPSED_REALTIME_WAKEUP or RTC_WAKEUP
D/SSRMv2:SIOP( 1002): SIOP:: AP = 380, Delta = 0
D/STATUSBAR-NetworkController_dual( 1195): onSignalStrengthsChanged signalStrength=SignalStrength: 16 -1 -1 -1 -1 -1 -1 99 2147483647 2147483647 2147483647 -1 2147483647 gsm|lte 0x4 level=4 simslot=0
D/STATUSBAR-NetworkController_dual( 1195): onSignalStrengthsChanged signalStrength=SignalStrength: 16 -1 -1 -1 -1 -1 -1 99 2147483647 2147483647 2147483647 -1 2147483647 gsm|lte 0x4 level=4 simslot=0
D/STATUSBAR-NetworkController_dual( 1195): onSignalStrengthsChanged signalStrength=SignalStrength: 16 -1 -1 -1 -1 -1 -1 99 2147483647 2147483647 2147483647 -1 2147483647 gsm|lte 0x4 level=4 simslot=0
D/SignalClusterView_dual( 1195): wifi: VISIBLE sig=2130838069 act=2130838021
D/SignalClusterView_dual( 1195): mMobileDataState=0 mMobileDataState2=0
D/SignalClusterView_dual( 1195): apply() mSeparateMobileGroup=8
D/SignalClusterView_dual( 1195): wifi: VISIBLE sig=2130838069 act=2130838021
D/SignalClusterView_dual( 1195): mMobileDataState=0 mMobileDataState2=0
D/SignalClusterView_dual( 1195): apply() mSeparateMobileGroup=8
D/SignalClusterView_dual( 1195): wifi: VISIBLE sig=2130838069 act=2130838021
D/SignalClusterView_dual( 1195): mMobileDataState=0 mMobileDataState2=0
D/SignalClusterView_dual( 1195): apply() mSeparateMobileGroup=8
D/SignalClusterView_dual( 1195): wifi: VISIBLE sig=2130838069 act=2130838021
D/SignalClusterView_dual( 1195): mMobileDataState=0 mMobileDataState2=0
D/SignalClusterView_dual( 1195): apply() mSeparateMobileGroup=8
D/StatusBar.NetworkController_dual( 1195): mMobileLabelViews start
D/StatusBar.NetworkController_dual( 1195): mMobileLabelViews set mobileLabel[SIM_0] =Vodafone IN
D/StatusBar.NetworkController_dual( 1195): mMobileLabelViews GONE
D/StatusBar.NetworkController_dual( 1195): mMobileLabelViews2 set mobileLabel[SIM_1] =
D/StatusBar.NetworkController_dual( 1195): mMobileLabelViews2 GONE
D/StatusBar.NetworkController_dual( 1195): mSingleMobileLabelViews set : simMode = 0
D/StatusBar.NetworkController_dual( 1195): mSingleMobileLabelViews set as slot1`s
D/STATUSBAR-IconMerger( 1195): checkOverflow(144), More:true, Req:true Child:7
D/CustomFrequencyManagerService( 1002): acquireDVFSLockLocked : type : DVFS_MIN_LIMIT  frequency : 1242000  uid : 1000  pid : 1002  pkgName : ACTIVITY_RESUME_BOOSTER@6
W/ActivityManager( 1002): mDVFSHelper.acquire()
D/PowerManagerService( 1002): [api] acquire WakeLock flags=0x2000000a tag=WindowManager uid=1000 pid=1002
D/StatusBarManagerService( 1002): semi p:3140,o:f
D/STATUSBAR-StatusBarManagerService( 1002): manageDisableList what=0x0 pkg=WindowManager.LayoutParams
D/CustomFrequencyManagerService( 1002): releaseDVFSLockLocked : Getting Lock type frm List : DVFS_MIN_LIMIT  frequency : 1242000  uid : 1000  pid : 1002  tag : ACTIVITY_RESUME_BOOSTER@6
W/ActivityManager( 1002): mDVFSHelper.release()
D/CustomFrequencyManagerService( 1002): acquireDVFSLockLocked : type : DVFS_MIN_LIMIT  frequency : 1242000  uid : 1000  pid : 1002  pkgName : ACTIVITY_RESUME_BOOSTER@10
D/SignalClusterView_dual( 1195): wifi: VISIBLE sig=2130838069 act=2130838023
D/SignalClusterView_dual( 1195): mMobileDataState=0 mMobileDataState2=0
D/SignalClusterView_dual( 1195): apply() mSeparateMobileGroup=8
D/SignalClusterView_dual( 1195): wifi: VISIBLE sig=2130838069 act=2130838023
D/SignalClusterView_dual( 1195): mMobileDataState=0 mMobileDataState2=0
D/SignalClusterView_dual( 1195): apply() mSeparateMobileGroup=8
D/SignalClusterView_dual( 1195): wifi: VISIBLE sig=2130838069 act=2130838023
D/SignalClusterView_dual( 1195): mMobileDataState=0 mMobileDataState2=0
D/SignalClusterView_dual( 1195): apply() mSeparateMobileGroup=8
D/SignalClusterView_dual( 1195): wifi: VISIBLE sig=2130838069 act=2130838023
D/SignalClusterView_dual( 1195): mMobileDataState=0 mMobileDataState2=0
D/SignalClusterView_dual( 1195): apply() mSeparateMobileGroup=8
D/StatusBar.NetworkController_dual( 1195): mMobileLabelViews start
D/StatusBar.NetworkController_dual( 1195): mMobileLabelViews set mobileLabel[SIM_0] =Vodafone IN
D/StatusBar.NetworkController_dual( 1195): mMobileLabelViews GONE
D/StatusBar.NetworkController_dual( 1195): mMobileLabelViews2 set mobileLabel[SIM_1] =
D/StatusBar.NetworkController_dual( 1195): mMobileLabelViews2 GONE
D/StatusBar.NetworkController_dual( 1195): mSingleMobileLabelViews set : simMode = 0
D/StatusBar.NetworkController_dual( 1195): mSingleMobileLabelViews set as slot1`s
D/STATUSBAR-IconMerger( 1195): checkOverflow(144), More:true, Req:true Child:7
D/CustomFrequencyManagerService( 1002): releaseDVFSLockLocked : Getting Lock type frm List : DVFS_MIN_LIMIT  frequency : 1242000  uid : 1000  pid : 1002  tag : ACTIVITY_RESUME_BOOSTER@10
D/PowerManagerService( 1002): [api] [s] userActivity : event: 0 flags: 0 (uid: 1000 pid: 1002) eventTime = 839757309
D/PowerManagerService( 1002): [api] release WakeLock flags=0x2000000a tag=WindowManager uid=1000 pid=1002 (0x0)
D/PowerManagerService( 1002): [api] applyWakeLockFlagsOnReleaseLocked : userActivityNoUpdateLocked is called : SCREEN_BRIGHT_WAKE_LOCK        'WindowManager' ON_AFTER_RELEASE (uid=1000, pid=1002, ws=WorkSource{10452}) (elapsedTime=3422)
D/SSRMv2:SIOP( 1002): SIOP:: AP = 370, Delta = -10
D/SignalClusterView_dual( 1195): wifi: VISIBLE sig=2130838069 act=2130838026
D/SignalClusterView_dual( 1195): mMobileDataState=0 mMobileDataState2=0
D/SignalClusterView_dual( 1195): apply() mSeparateMobileGroup=8
D/SignalClusterView_dual( 1195): wifi: VISIBLE sig=2130838069 act=2130838026
D/SignalClusterView_dual( 1195): mMobileDataState=0 mMobileDataState2=0
D/SignalClusterView_dual( 1195): apply() mSeparateMobileGroup=8
D/SignalClusterView_dual( 1195): wifi: VISIBLE sig=2130838069 act=2130838026
D/SignalClusterView_dual( 1195): mMobileDataState=0 mMobileDataState2=0
D/SignalClusterView_dual( 1195): apply() mSeparateMobileGroup=8
D/SignalClusterView_dual( 1195): wifi: VISIBLE sig=2130838069 act=2130838026
D/SignalClusterView_dual( 1195): mMobileDataState=0 mMobileDataState2=0
D/SignalClusterView_dual( 1195): apply() mSeparateMobileGroup=8
D/StatusBar.NetworkController_dual( 1195): mMobileLabelViews start
D/StatusBar.NetworkController_dual( 1195): mMobileLabelViews set mobileLabel[SIM_0] =Vodafone IN
D/StatusBar.NetworkController_dual( 1195): mMobileLabelViews GONE
D/StatusBar.NetworkController_dual( 1195): mMobileLabelViews2 set mobileLabel[SIM_1] =
D/StatusBar.NetworkController_dual( 1195): mMobileLabelViews2 GONE
D/StatusBar.NetworkController_dual( 1195): mSingleMobileLabelViews set : simMode = 0
D/StatusBar.NetworkController_dual( 1195): mSingleMobileLabelViews set as slot1`s
D/STATUSBAR-IconMerger( 1195): checkOverflow(144), More:true, Req:true Child:7
D/SignalClusterView_dual( 1195): wifi: VISIBLE sig=2130838069 act=2130838021
D/SignalClusterView_dual( 1195): mMobileDataState=0 mMobileDataState2=0
D/SignalClusterView_dual( 1195): apply() mSeparateMobileGroup=8
D/SignalClusterView_dual( 1195): wifi: VISIBLE sig=2130838069 act=2130838021
D/SignalClusterView_dual( 1195): mMobileDataState=0 mMobileDataState2=0
D/SignalClusterView_dual( 1195): apply() mSeparateMobileGroup=8
D/SignalClusterView_dual( 1195): wifi: VISIBLE sig=2130838069 act=2130838021
D/SignalClusterView_dual( 1195): mMobileDataState=0 mMobileDataState2=0
D/SignalClusterView_dual( 1195): apply() mSeparateMobileGroup=8
D/SignalClusterView_dual( 1195): wifi: VISIBLE sig=2130838069 act=2130838021
D/SignalClusterView_dual( 1195): mMobileDataState=0 mMobileDataState2=0
D/SignalClusterView_dual( 1195): apply() mSeparateMobileGroup=8
D/StatusBar.NetworkController_dual( 1195): mMobileLabelViews start
D/StatusBar.NetworkController_dual( 1195): mMobileLabelViews set mobileLabel[SIM_0] =Vodafone IN
D/StatusBar.NetworkController_dual( 1195): mMobileLabelViews GONE
D/StatusBar.NetworkController_dual( 1195): mMobileLabelViews2 set mobileLabel[SIM_1] =
D/StatusBar.NetworkController_dual( 1195): mMobileLabelViews2 GONE
D/StatusBar.NetworkController_dual( 1195): mSingleMobileLabelViews set : simMode = 0
D/StatusBar.NetworkController_dual( 1195): mSingleMobileLabelViews set as slot1`s
D/STATUSBAR-IconMerger( 1195): checkOverflow(144), More:true, Req:true Child:7
D/SignalClusterView_dual( 1195): wifi: VISIBLE sig=2130838069 act=2130838026
D/SignalClusterView_dual( 1195): mMobileDataState=0 mMobileDataState2=0
D/SignalClusterView_dual( 1195): apply() mSeparateMobileGroup=8
D/SignalClusterView_dual( 1195): wifi: VISIBLE sig=2130838069 act=2130838026
D/SignalClusterView_dual( 1195): mMobileDataState=0 mMobileDataState2=0
D/SignalClusterView_dual( 1195): apply() mSeparateMobileGroup=8
D/SignalClusterView_dual( 1195): wifi: VISIBLE sig=2130838069 act=2130838026
D/SignalClusterView_dual( 1195): mMobileDataState=0 mMobileDataState2=0
D/SignalClusterView_dual( 1195): apply() mSeparateMobileGroup=8
D/SignalClusterView_dual( 1195): wifi: VISIBLE sig=2130838069 act=2130838026
D/SignalClusterView_dual( 1195): mMobileDataState=0 mMobileDataState2=0
D/SignalClusterView_dual( 1195): apply() mSeparateMobileGroup=8
D/StatusBar.NetworkController_dual( 1195): mMobileLabelViews start
D/StatusBar.NetworkController_dual( 1195): mMobileLabelViews set mobileLabel[SIM_0] =Vodafone IN
D/StatusBar.NetworkController_dual( 1195): mMobileLabelViews GONE
D/StatusBar.NetworkController_dual( 1195): mMobileLabelViews2 set mobileLabel[SIM_1] =
D/StatusBar.NetworkController_dual( 1195): mMobileLabelViews2 GONE
D/StatusBar.NetworkController_dual( 1195): mSingleMobileLabelViews set : simMode = 0
D/StatusBar.NetworkController_dual( 1195): mSingleMobileLabelViews set as slot1`s
D/STATUSBAR-IconMerger( 1195): checkOverflow(144), More:true, Req:true Child:7
D/SSRMv2:SIOP( 1002): SIOP:: AP = 370, Delta = 0
E/Watchdog( 1002): !@Sync 27982
D/SSRMv2:SIOP( 1002): SIOP:: AP = 370, Delta = 0
D/SignalClusterView_dual( 1195): wifi: VISIBLE sig=2130838069 act=2130838021
D/SignalClusterView_dual( 1195): mMobileDataState=0 mMobileDataState2=0
D/SignalClusterView_dual( 1195): apply() mSeparateMobileGroup=8
D/SignalClusterView_dual( 1195): wifi: VISIBLE sig=2130838069 act=2130838021
D/SignalClusterView_dual( 1195): mMobileDataState=0 mMobileDataState2=0
D/SignalClusterView_dual( 1195): apply() mSeparateMobileGroup=8
D/SignalClusterView_dual( 1195): wifi: VISIBLE sig=2130838069 act=2130838021
D/SignalClusterView_dual( 1195): mMobileDataState=0 mMobileDataState2=0
D/SignalClusterView_dual( 1195): apply() mSeparateMobileGroup=8
D/SignalClusterView_dual( 1195): wifi: VISIBLE sig=2130838069 act=2130838021
D/SignalClusterView_dual( 1195): mMobileDataState=0 mMobileDataState2=0
D/SignalClusterView_dual( 1195): apply() mSeparateMobileGroup=8
D/StatusBar.NetworkController_dual( 1195): mMobileLabelViews start
D/StatusBar.NetworkController_dual( 1195): mMobileLabelViews set mobileLabel[SIM_0] =Vodafone IN
D/StatusBar.NetworkController_dual( 1195): mMobileLabelViews GONE
D/StatusBar.NetworkController_dual( 1195): mMobileLabelViews2 set mobileLabel[SIM_1] =
D/StatusBar.NetworkController_dual( 1195): mMobileLabelViews2 GONE
D/StatusBar.NetworkController_dual( 1195): mSingleMobileLabelViews set : simMode = 0
D/StatusBar.NetworkController_dual( 1195): mSingleMobileLabelViews set as slot1`s
D/STATUSBAR-IconMerger( 1195): checkOverflow(144), More:true, Req:true Child:7
D/SignalClusterView_dual( 1195): wifi: VISIBLE sig=2130838069 act=2130838026
D/SignalClusterView_dual( 1195): mMobileDataState=0 mMobileDataState2=0
D/SignalClusterView_dual( 1195): apply() mSeparateMobileGroup=8
D/SignalClusterView_dual( 1195): wifi: VISIBLE sig=2130838069 act=2130838026
D/SignalClusterView_dual( 1195): mMobileDataState=0 mMobileDataState2=0
D/SignalClusterView_dual( 1195): apply() mSeparateMobileGroup=8
D/SignalClusterView_dual( 1195): wifi: VISIBLE sig=2130838069 act=2130838026
D/SignalClusterView_dual( 1195): mMobileDataState=0 mMobileDataState2=0
D/SignalClusterView_dual( 1195): apply() mSeparateMobileGroup=8
D/SignalClusterView_dual( 1195): wifi: VISIBLE sig=2130838069 act=2130838026
D/SignalClusterView_dual( 1195): mMobileDataState=0 mMobileDataState2=0
D/SignalClusterView_dual( 1195): apply() mSeparateMobileGroup=8
D/StatusBar.NetworkController_dual( 1195): mMobileLabelViews start
D/StatusBar.NetworkController_dual( 1195): mMobileLabelViews set mobileLabel[SIM_0] =Vodafone IN
D/StatusBar.NetworkController_dual( 1195): mMobileLabelViews GONE
D/StatusBar.NetworkController_dual( 1195): mMobileLabelViews2 set mobileLabel[SIM_1] =
D/StatusBar.NetworkController_dual( 1195): mMobileLabelViews2 GONE
D/StatusBar.NetworkController_dual( 1195): mSingleMobileLabelViews set : simMode = 0
D/StatusBar.NetworkController_dual( 1195): mSingleMobileLabelViews set as slot1`s
D/STATUSBAR-IconMerger( 1195): checkOverflow(144), More:true, Req:true Child:7
D/BatteryService( 1002): level:100, scale:100, status:5, health:2, present:true, voltage: 4358, temperature: 411, technology: Li-ion, AC powered:false, USB powered:true, Wireless powered:false, icon:17303549, invalid charger:0, online:4, current avg:0, charge type:1, power sharing:false
D/BatteryService( 1002): Sending ACTION_BATTERY_CHANGED.
D/UiModeManager( 1002): mCoverManager.getCoverState() : true
D/STATUSBAR-PhoneStatusBar( 1195):  mBrightnessEnablebySettings = true mBrightnessEnablebyBattery = true mBrightnessEnablebyDisableFlag = true mPmsBrightnessEnablebySettings = true
D/BatteryMeterView( 1195): ACTION_BATTERY_CHANGED : level:100 status:5 health:2
D/STATUSBAR-IconMerger( 1195): checkOverflow(144), More:true, Req:true Child:7
D/SSRMv2:SIOP( 1002): SIOP:: AP = 370, Delta = 0
D/STATUSBAR-NetworkController_dual( 1195): onSignalStrengthsChanged signalStrength=SignalStrength: 16 -1 -1 -1 -1 -1 -1 99 2147483647 2147483647 2147483647 -1 2147483647 gsm|lte 0x4 level=4 simslot=0
D/STATUSBAR-NetworkController_dual( 1195): onSignalStrengthsChanged signalStrength=SignalStrength: 16 -1 -1 -1 -1 -1 -1 99 2147483647 2147483647 2147483647 -1 2147483647 gsm|lte 0x4 level=4 simslot=0
D/STATUSBAR-NetworkController_dual( 1195): onSignalStrengthsChanged signalStrength=SignalStrength: 16 -1 -1 -1 -1 -1 -1 99 2147483647 2147483647 2147483647 -1 2147483647 gsm|lte 0x4 level=4 simslot=0
D/STATUSBAR-NetworkController_dual( 1195): onSignalStrengthsChanged signalStrength=SignalStrength: 99 -1 -1 -1 -1 -1 -1 99 2147483647 2147483647 2147483647 -1 2147483647 gsm|lte 0x0 level=0 simslot=1
D/STATUSBAR-NetworkController_dual( 1195): onSignalStrengthsChanged signalStrength=SignalStrength: 17 -1 -1 -1 -1 -1 -1 99 2147483647 2147483647 2147483647 -1 2147483647 gsm|lte 0x4 level=4 simslot=0
D/SSRMv2:SIOP( 1002): SIOP:: AP = 370, Delta = 0
V/AlarmManager( 1002): waitForAlarm result :8
D/KeyguardClockWidgetService( 2304): onReceive action=android.intent.action.TIME_TICK
V/AlarmManager( 1002): ClockReceiver onReceive() ACTION_TIME_TICK
D/STATUSBAR-IconMerger( 1195): checkOverflow(144), More:true, Req:true Child:7
D/SignalClusterView_dual( 1195): wifi: VISIBLE sig=2130838069 act=2130838033
D/SignalClusterView_dual( 1195): mMobileDataState=0 mMobileDataState2=0
D/SignalClusterView_dual( 1195): apply() mSeparateMobileGroup=8
D/SignalClusterView_dual( 1195): wifi: VISIBLE sig=2130838069 act=2130838033
D/SignalClusterView_dual( 1195): mMobileDataState=0 mMobileDataState2=0
D/SignalClusterView_dual( 1195): apply() mSeparateMobileGroup=8
D/SignalClusterView_dual( 1195): wifi: VISIBLE sig=2130838069 act=2130838033
D/SignalClusterView_dual( 1195): mMobileDataState=0 mMobileDataState2=0
D/SignalClusterView_dual( 1195): apply() mSeparateMobileGroup=8
D/SignalClusterView_dual( 1195): wifi: VISIBLE sig=2130838069 act=2130838033
D/SignalClusterView_dual( 1195): mMobileDataState=0 mMobileDataState2=0
D/SignalClusterView_dual( 1195): apply() mSeparateMobileGroup=8
D/StatusBar.NetworkController_dual( 1195): mMobileLabelViews start
D/StatusBar.NetworkController_dual( 1195): mMobileLabelViews set mobileLabel[SIM_0] =Vodafone IN
D/StatusBar.NetworkController_dual( 1195): mMobileLabelViews GONE
D/StatusBar.NetworkController_dual( 1195): mMobileLabelViews2 set mobileLabel[SIM_1] =
D/StatusBar.NetworkController_dual( 1195): mMobileLabelViews2 GONE
D/StatusBar.NetworkController_dual( 1195): mSingleMobileLabelViews set : simMode = 0
D/StatusBar.NetworkController_dual( 1195): mSingleMobileLabelViews set as slot1`s
D/STATUSBAR-IconMerger( 1195): checkOverflow(144), More:true, Req:true Child:7
D/SignalClusterView_dual( 1195): wifi: VISIBLE sig=2130838069 act=2130838026
D/SignalClusterView_dual( 1195): mMobileDataState=0 mMobileDataState2=0
D/SignalClusterView_dual( 1195): apply() mSeparateMobileGroup=8
D/SignalClusterView_dual( 1195): wifi: VISIBLE sig=2130838069 act=2130838026
D/SignalClusterView_dual( 1195): mMobileDataState=0 mMobileDataState2=0
D/SignalClusterView_dual( 1195): apply() mSeparateMobileGroup=8
D/SignalClusterView_dual( 1195): wifi: VISIBLE sig=2130838069 act=2130838026
D/SignalClusterView_dual( 1195): mMobileDataState=0 mMobileDataState2=0
D/SignalClusterView_dual( 1195): apply() mSeparateMobileGroup=8
D/SignalClusterView_dual( 1195): wifi: VISIBLE sig=2130838069 act=2130838026
D/SignalClusterView_dual( 1195): mMobileDataState=0 mMobileDataState2=0
D/SignalClusterView_dual( 1195): apply() mSeparateMobileGroup=8
D/StatusBar.NetworkController_dual( 1195): mMobileLabelViews start
D/StatusBar.NetworkController_dual( 1195): mMobileLabelViews set mobileLabel[SIM_0] =Vodafone IN
D/StatusBar.NetworkController_dual( 1195): mMobileLabelViews GONE
D/StatusBar.NetworkController_dual( 1195): mMobileLabelViews2 set mobileLabel[SIM_1] =
D/StatusBar.NetworkController_dual( 1195): mMobileLabelViews2 GONE
D/StatusBar.NetworkController_dual( 1195): mSingleMobileLabelViews set : simMode = 0
D/StatusBar.NetworkController_dual( 1195): mSingleMobileLabelViews set as slot1`s
D/STATUSBAR-IconMerger( 1195): checkOverflow(144), More:true, Req:true Child:7
E/Watchdog( 1002): !@Sync 27983
D/SSRMv2:SIOP( 1002): SIOP:: AP = 370, Delta = 0
D/PowerManagerService( 1002): [s] UserActivityState : 1 -> 2
D/DisplayPowerController( 1002): animation target = 10 (PSM:false, AB limit:(-1 ~ -1) MB Limit:(-1 ~ -1) MAdj:(0, (0, 255)))
D/PowerManagerService( 1002): [s] mDisplayPowerControllerCallbacks : onStateChanged()
D/RampAnimator( 1002): Light Animator Finished currentValue=10
D/PowerManagerService( 1002): [s] UserActivityState : 2 -> 0
I/PowerManagerService( 1002): !@[ps] Screen__Off(2) : timeout (0x4)
I/PowerManagerService( 1002): Going to sleep due to screen timeout...
D/PowerManagerService( 1002): [s] WAKEFULNESS_ASLEEP
D/DisplayPowerController( 1002): [DAB] setLightSensorEnabled : unregisterListener mLightSensor
I/DisplayPowerController( 1002): [DAB] fileWriteInt : /sys/class/backlight/panel/auto_brightness  value : 0
D/DisplayPowerController( 1002): !@ElectronBeam entry
D/PowerManagerService( 1002): blankAllDisplays() is called.
D/PowerManagerService( 1002): [s] mDisplayPowerControllerCallbacks : onStateChanged()
D/PowerManagerService( 1002): [PWL] sb acquire: PowerManagerService.Broadcasts
D/PowerManagerService( 1002): [PWL] sb release: PowerManagerService.Display
D/PowerManagerService( 1002): !@[s] blankAllDisplays() : blankAllDisplaysFromPowerManage
D/PowerManagerService( 1002): Excessive delay in mDisplayManagerService.blankAllDisplaysFromPowerManager(): 248ms
D/PowerManagerService( 1002): SecHardwareInterface.setBatteryADC : false
I/PowerManagerService( 1002): [PWL] Off : 0s ago
I/PowerManagerService( 1002): [PWL]   PowerManagerService.WakeLocks: ref count=1
I/PowerManagerService( 1002): [PWL]     mWakeLockSummary : 0x1
I/PowerManagerService( 1002): [PWL]       PARTIAL_WAKE_LOCK              'android.media.MediaPlayer' (uid=10178, pid=31455, ws=null) (elapsedTime=178656)
I/PowerManagerService( 1002): [PWL]       PARTIAL_WAKE_LOCK              'AudioMix' (uid=1013, pid=194, ws=WorkSource{10178}) (elapsedTime=178610)
I/PowerManagerService( 1002): [PWL]       PARTIAL_WAKE_LOCK              'ActivityManager-Sleep' (uid=1000, pid=1002, ws=null) (elapsedTime=269)
I/PowerManagerService( 1002): [PWL]   PowerManagerService.Broadcasts: ref count=1
D/LightsService( 1002): [api] [SvcLED] setFlashing :: id = 3, color = 0, mode = 14, onMS = 0, offMS = 0,  (uid: 1000 pid: 1002) 
D/LightsService( 1002): [SvcLED] setSvcLedStateLocked:: SvcLEDState : 0x0 -> 0x40 | SvcLED(id=3) set On
D/BatteryService( 1002): turn on LED for fully charged
D/LightsService( 1002): [SvcLED] Lux failed to be updated in 0ms. -> handleForcedSvcLEDTasK
D/LightsService( 1002): [SvcLED]  setSvcLedLightLocked :: Current SvcLED(id=3) maintains its priority right
D/VibratorService( 1002): JNI vibratorOff()
D/STATUSBAR-NotificationService( 1002): ACTION_SCREEN_OFF
D/STATUSBAR-NotificationService( 1002): Pickup - Missed event found
D/MotionRecognitionService( 1002):  ssp status : false
D/MotionRecognitionService( 1002): enableAccINT 
D/MotionRecognitionService( 1002): enableAccINT Complete!!
D/MotionRecognitionService( 1002):  open api 0
D/MotionRecognitionService( 1002):   .registerCallback : 1, motion_sensors=0, client= 
D/MotionRecognitionService( 1002):   .isMotionEngineEnabled : true
D/MotionRecognitionService( 1002):   .initializeMotionEngine
D/MotionRecognitionService( 1002): SERVICETYPE_MOTION Condition changed : MOTION_STARTSTOP
D/MotionRecognitionService( 1002): SERVICETYPE_MOTION can't start : SETTING
D/MotionRecognitionService( 1002): SERVICETYPE_MOTION can't start : REGISTER_LISTENER
D/SSRMv2:SIOP( 1002): SIOP:: AP = 370, Delta = 0
D/MotionRecognitionService( 1002): Acquire sensors : Settings = 1101101000010000000101
D/MotionRecognitionService( 1002): Acquired sensors for motion : 0
D/STATUSBAR-NotificationService( 1002): Pickup - registerListener
D/LightsService( 1002): [api] [SvcLED] turnOff:: id = 4 (uid: 1000 pid: 1002) 
D/LightsService( 1002): [SvcLED] setSvcLedStateLocked:: SvcLEDState : 0x40 -> 0x40 | SvcLED(id=4) set Off
D/LightsService( 1002): [SvcLED] Lux failed to be updated in 0ms. -> handleForcedSvcLEDTasK
D/LightsService( 1002): [SvcLED]  setSvcLedLightLocked :: Current SvcLED(id=3) maintains its priority right
D/MotionRecognitionService( 1002): SERVICETYPE_MOTION Condition changed = MOTION_STARTSTOP
I/MotionRecognitionService( 1002): mReactiveAlert_Wakelock++  
D/MotionRecognitionService( 1002):   .finalizeMotionEngine
D/STATUSBAR-PhoneStatusBar( 1195): makeExpandedInvisible
D/PhoneStatusBarView( 1195): marqueeStatusBar:90, mClearCover:0
D/STATUSBAR-IconMerger( 1195): checkOverflow(144), More:true, Req:true Child:7
D/STATUSBAR-NetworkController_dual( 1195): onSignalStrengthsChanged signalStrength=SignalStrength: 17 -1 -1 -1 -1 -1 -1 99 2147483647 2147483647 2147483647 -1 2147483647 gsm|lte 0x4 level=4 simslot=0
D/SSRMv2:SIOP( 1002): SIOP:: AP = 370, Delta = 0
D/PowerManagerService( 1002): [PWL] sb release: PowerManagerService.Broadcasts
I/MotionRecognitionService( 1002): mReactiveAlert_Wakelock--  
I/MotionRecognitionService( 1002): poll_accint++  
V/AlarmManager( 1002): waitForAlarm result :4
V/AlarmManager( 1002): trigger ELAPSED_REALTIME_WAKEUP or RTC_WAKEUP
E/PersonaManagerService( 1002): returning null in  getPersonasForUser
I/PowerManagerService( 1002): [PWL] Off : 5s ago
I/PowerManagerService( 1002): [PWL]   PowerManagerService.WakeLocks: ref count=1
I/PowerManagerService( 1002): [PWL]     mWakeLockSummary : 0x1
I/PowerManagerService( 1002): [PWL]       PARTIAL_WAKE_LOCK              'android.media.MediaPlayer' (uid=10178, pid=31455, ws=null) (elapsedTime=183665)
I/PowerManagerService( 1002): [PWL]       PARTIAL_WAKE_LOCK              'AudioMix' (uid=1013, pid=194, ws=WorkSource{10178}) (elapsedTime=183623)
I/PowerManagerService( 1002): [PWL]       PARTIAL_WAKE_LOCK              'show keyguard' (uid=10042, pid=1195, ws=null) (elapsedTime=191)
D/KeyguardClockWidgetProvider( 2304): onReceive action=android.appwidget.action.APPWIDGET_DELETED
D/KeyguardClockWidgetProvider( 2304): onReceive action=android.appwidget.action.APPWIDGET_DISABLED
D/KeyguardClockWidgetProvider( 2304): onReceive action=android.appwidget.action.APPWIDGET_ENABLED
D/KeyguardClockWidgetProvider( 2304): onReceive action=android.appwidget.action.APPWIDGET_UPDATE
D/STATUSBAR-StatusBarManagerService( 1002): manageDisableList what=0x1000000 pkg=com.android.keyguard
D/PowerManagerService( 1002): [api] [s] userActivity : event: 3 flags: 0 (uid: 10042 pid: 1195) eventTime = 839824084
V/KeyguardDisplayManager( 1195): show
D/KeyguardClockWidgetProvider( 2304): onReceive action=android.appwidget.action.APPWIDGET_UPDATE_OPTIONS
V/WindowManager( 1002): rotationForOrientationLw(orient=1, last=0); user=0  sensorRotation=-1 mLidState=-1 mDockMode=0 mHdmiPlugged=false mAccelerometerDefault=false gripRotationLock=false
D/STATUSBAR-StatusBarManagerService( 1002): manageDisableList what=0x2600000 pkg=WindowManager.LayoutParams
D/PowerManagerService( 1002): [api] setUserActivityTimeoutOverrideFromWindowManagerInternal: timeoutMillis: 10000
D/PowerManagerService( 1002): [api] setScreenDimDurationOverrideFromWindowManagerInternal: timeoutMillis: 0
D/PowerManagerService( 1002): [api] setButtonTimeoutOverrideFromWindowManagerInternal: timeoutMillis: 10000
D/STATUSBAR-AirplaneModeQuickSettingButton( 1195): onReceive : android.intent.action.CLOSE_SYSTEM_DIALOGS
D/PowerManagerService( 1002): [api] [s] userActivity : event: 3 flags: 0 (uid: 10042 pid: 1195) eventTime = 839824460
D/PhoneStatusBar( 1195): disable(): knoxCustomManager = android.app.enterprise.knoxcustom.KnoxCustomManager@422dd450
D/StatusBarManagerService( 1002): semi p:1195,o:f
D/StatusBarManagerService( 1002): tr p:1195,o:f
D/KeyguardClockWidgetService( 2304): onReceive action=com.sec.android.widgetapp.KeyguardClock_Start
D/KeyguardClockWidgetProvider( 2304): onReceive action=android.appwidget.action.APPWIDGET_UPDATE_OPTIONS
D/KeyguardClockWidgetProvider( 2304): onReceive action=android.appwidget.action.APPWIDGET_UPDATE_OPTIONS
I/PowerManagerService( 1002): [PWL] Off : 15s ago
I/PowerManagerService( 1002): [PWL]   PowerManagerService.WakeLocks: ref count=1
I/PowerManagerService( 1002): [PWL]     mWakeLockSummary : 0x1
I/PowerManagerService( 1002): [PWL]       PARTIAL_WAKE_LOCK              'android.media.MediaPlayer' (uid=10178, pid=31455, ws=null) (elapsedTime=193685)
I/PowerManagerService( 1002): [PWL]       PARTIAL_WAKE_LOCK              'AudioMix' (uid=1013, pid=194, ws=WorkSource{10178}) (elapsedTime=193643)
E/Watchdog( 1002): !@Sync 27984
D/TimaService( 1002): TIMA: TimaService scheduler is intialized. 
D/TimaService( 1002): TIMA: checkEvent, operation: 50000 subject: 10000
D/TimaService( 1002): TimaServiceHandler.handleMessage what =1
D/TimaService( 1002): TIMA MEASUREMENT Result: TIMA_STATUS=0;MSG=Kernel Verification Success;
D/TimaService( 1002): TIMA MEASUREMENT success status: TIMA_STATUS=0;MSG=Kernel Verification Success;
I/PowerManagerService( 1002): [PWL] Off : 30s ago
I/PowerManagerService( 1002): [PWL]   PowerManagerService.WakeLocks: ref count=1
I/PowerManagerService( 1002): [PWL]     mWakeLockSummary : 0x1
I/PowerManagerService( 1002): [PWL]       PARTIAL_WAKE_LOCK              'android.media.MediaPlayer' (uid=10178, pid=31455, ws=null) (elapsedTime=208698)
I/PowerManagerService( 1002): [PWL]       PARTIAL_WAKE_LOCK              'AudioMix' (uid=1013, pid=194, ws=WorkSource{10178}) (elapsedTime=208653)
V/AlarmManager( 1002): waitForAlarm result :4
D/BatteryService( 1002): level:100, scale:100, status:5, health:2, present:true, voltage: 4358, temperature: 408, technology: Li-ion, AC powered:false, USB powered:true, Wireless powered:false, icon:17303549, invalid charger:0, online:4, current avg:0, charge type:1, power sharing:false
D/BatteryService( 1002): Sending ACTION_BATTERY_CHANGED.
D/BatteryService( 1002): stay LED for fully charged
V/NetworkStats( 1002): performPollLocked(flags=0x3)
D/UiModeManager( 1002): mCoverManager.getCoverState() : true
D/STATUSBAR-PhoneStatusBar( 1195):  mBrightnessEnablebySettings = true mBrightnessEnablebyBattery = true mBrightnessEnablebyDisableFlag = true mPmsBrightnessEnablebySettings = true
D/BatteryMeterView( 1195): ACTION_BATTERY_CHANGED : level:100 status:5 health:2
D/STATUSBAR-IconMerger( 1195): checkOverflow(144), More:true, Req:true Child:7
V/AlarmManager( 1002): trigger ELAPSED_REALTIME_WAKEUP or RTC_WAKEUP
V/AlarmManager( 1002): trigger ELAPSED_REALTIME_WAKEUP or RTC_WAKEUP
V/NetworkStats( 1002): performPollLocked() took 408ms
W/NetworkStats( 1002): getDevSummary: NetworkStats: elapsedRealtime=0
W/NetworkStats( 1002): getXtSummary: NetworkStats: elapsedRealtime=2461613688
W/NetworkStats( 1002):   [0] iface=null uid=-1 set=ALL tag=0x0 rxBytes=367085618 rxPackets=506661 txBytes=73314402 txPackets=437008 operations=0
W/NetworkStats( 1002): getDevSummary: NetworkStats: elapsedRealtime=0
W/NetworkStats( 1002): getXtSummary: NetworkStats: elapsedRealtime=2461613705
W/NetworkStats( 1002):   [0] iface=null uid=-1 set=ALL tag=0x0 rxBytes=367085618 rxPackets=506661 txBytes=73314402 txPackets=437008 operations=0
D/ConnectivityService( 1002): Setting timer for 720seconds
I/ActivityManager( 1002): Killing 2558:com.android.defcontainer/u0a17 (adj 15): empty #32
V/AlarmManager( 1002): waitForAlarm result :8
D/KeyguardClockWidgetService( 2304): onReceive action=android.intent.action.TIME_TICK
V/AlarmManager( 1002): ClockReceiver onReceive() ACTION_TIME_TICK
V/AlarmManager( 1002): ___SyncScheduler (v3) ACTIVATED___
V/AlarmManager( 1002): <AppSync3 Whitelist>
V/AlarmManager( 1002): (AppSync) com.google.android.gms : 900(2760)
V/AlarmManager( 1002): (AppSync) com.skype.raider : 28800(29100)
V/AlarmManager( 1002): (AppSync) com.sec.spp.push : 1200(1800)
V/AlarmManager( 1002): (AppSync) com.google.android.googlequicksearchbox : 15300(43320)
V/AlarmManager( 1002): (AppSync) com.whatsapp : 600(5400)
V/AlarmManager( 1002): (AppSync) com.google.android.apps.maps : 3600(3600)
V/AlarmManager( 1002): (AppSync) com.google.android.googlequicksearchbox : 7200(7200)
V/AlarmManager( 1002): (AppSync) ### 7 added ###
D/STATUSBAR-IconMerger( 1195): checkOverflow(144), More:true, Req:true Child:7
D/STATUSBAR-NetworkController_dual( 1195): onSignalStrengthsChanged signalStrength=SignalStrength: 17 -1 -1 -1 -1 -1 -1 99 2147483647 2147483647 2147483647 -1 2147483647 gsm|lte 0x4 level=4 simslot=0
V/AlarmManager( 1002): waitForAlarm result :65536
D/KeyguardClockWidgetService( 2304): onReceive action=android.intent.action.NETWORK_SET_TIME
V/AlarmManager( 1002): waitForAlarm result :65536
D/StatusBar-DoNotDistrub( 1195): Received intent with android.intent.action.TIME_SET action
D/StatusBar-DoNotDistrub( 1195): Not data shared android.content.pm.PackageManager$NameNotFoundException: Application package com.sec.android.settings.praymodewidget not found
D/StatusBar-DoNotDistrub( 1195): sendBroadcast android.intent.action.DORMANT_MODE_OFF
D/StatusBar-DoNotDistrub( 1195): The STREAM NOTIFICATION volume is 3
D/STATUSBAR-StatusBarManagerService( 1002): manageDisableList what=0x0 pkg=com.android.systemui
D/STATUSBAR-NotificationService( 1002): received android.intent.action.DORMANT_MODE_OFF
D/LightsService( 1002): [api] [SvcLED] turnOff:: id = 4 (uid: 1000 pid: 1002) 
D/LightsService( 1002): [SvcLED] setSvcLedStateLocked:: SvcLEDState : 0x40 -> 0x40 | SvcLED(id=4) set Off
D/LightsService( 1002): [SvcLED] Lux failed to be updated in 0ms. -> handleForcedSvcLEDTasK
D/LightsService( 1002): [SvcLED]  setSvcLedLightLocked :: Current SvcLED(id=3) maintains its priority right
D/STATUSBAR-IconMerger( 1195): checkOverflow(144), More:true, Req:true Child:7
D/StatusBar-DoNotDistrub( 1195): Received intent with android.intent.action.TIME_SET action
D/StatusBar-DoNotDistrub( 1195): Not data shared android.content.pm.PackageManager$NameNotFoundException: Application package com.sec.android.settings.praymodewidget not found
D/STATUSBAR-NotificationService( 1002): received android.intent.action.DORMANT_MODE_OFF
D/StatusBar-DoNotDistrub( 1195): sendBroadcast android.intent.action.DORMANT_MODE_OFF
D/LightsService( 1002): [api] [SvcLED] turnOff:: id = 4 (uid: 1000 pid: 1002) 
D/StatusBar-DoNotDistrub( 1195): The STREAM NOTIFICATION volume is 3
D/STATUSBAR-StatusBarManagerService( 1002): manageDisableList what=0x0 pkg=com.android.systemui
D/LightsService( 1002): [SvcLED] setSvcLedStateLocked:: SvcLEDState : 0x40 -> 0x40 | SvcLED(id=4) set Off
D/LightsService( 1002): [SvcLED] Lux failed to be updated in 0ms. -> handleForcedSvcLEDTasK
D/LightsService( 1002): [SvcLED]  setSvcLedLightLocked :: Current SvcLED(id=3) maintains its priority right
D/KeyguardClockWidgetService( 2304): onReceive action=android.intent.action.NETWORK_SET_TIME
D/STATUSBAR-IconMerger( 1195): checkOverflow(144), More:true, Req:true Child:7
D/KeyguardClockWidgetService( 2304): onReceive action=android.intent.action.NETWORK_SET_TIME
D/KeyguardClockWidgetService( 2304): onReceive action=android.intent.action.NETWORK_SET_TIME
D/KeyguardClockWidgetService( 2304): onReceive action=android.intent.action.TIME_SET
D/KeyguardClockWidgetService( 2304): onReceive action=android.intent.action.TIME_SET
W/BackupManagerService( 1002): dataChanged but no participant pkg='com.android.providers.settings' uid=10019
W/BackupManagerService( 1002): dataChanged but no participant pkg='com.android.providers.settings' uid=10019
W/BackupManagerService( 1002): dataChanged but no participant pkg='com.android.providers.settings' uid=10019
E/Watchdog( 1002): !@Sync 27985
V/AlarmManager( 1002): waitForAlarm result :4
V/AlarmManager( 1002): trigger ELAPSED_REALTIME_WAKEUP or RTC_WAKEUP
I/PowerManagerService( 1002): [PWL] Off : 50s ago
I/PowerManagerService( 1002): [PWL]   PowerManagerService.WakeLocks: ref count=1
I/PowerManagerService( 1002): [PWL]     mWakeLockSummary : 0x1
I/PowerManagerService( 1002): [PWL]       PARTIAL_WAKE_LOCK              'android.media.MediaPlayer' (uid=10178, pid=31455, ws=null) (elapsedTime=228703)
I/PowerManagerService( 1002): [PWL]       PARTIAL_WAKE_LOCK              'AudioMix' (uid=1013, pid=194, ws=WorkSource{10178}) (elapsedTime=228659)
I/MotionRecognitionService( 1002): poll_accint--  
I/MotionRecognitionService( 1002): mReactiveAlert_Wakelock++  
I/MotionRecognitionService( 1002):  send reactive alert 
D/MotionRecognitionService( 1002): disableAccINT 
I/MotionRecognitionService( 1002):  send reactive alert 
I/MotionRecognitionService( 1002):  send 67=REACTIVE_ALERT ~~
D/STATUSBAR-NotificationService( 1002): Pickup - MREvent.REACTIVE_ALERT
D/MotionRecognitionService( 1002): disableAccINT Complete!!
D/STATUSBAR-NotificationService( 1002): Pickup - mVibrator.vibrateImmVibe()
V/VibratorService( 1002): vibrate - package: android, ms: 100, token: null
D/VibratorService( 1002): JNI vibratorOff()
D/VibratorService( 1002): JNI vibratorOn() : 100
D/VibratorService( 1002): JNI vibratorOff()
I/MotionRecognitionService( 1002): mReactiveAlert_Wakelock--  
V/PackageManager( 1002): Install from ADB
D/PackageManager( 1002): START_PACKAGE_INSTALL: observer{1130552240}
D/PackageManager( 1002):           PackageURI{file:///data/local/tmp/com.couriertracking.app}
D/PackageManager( 1002): [MSG] INIT_COPY: observer{1130552240}
D/PackageManager( 1002):           idx{0}
D/PackageManager( 1002):           for_user{UserHandle{-1}}
D/PackageManager( 1002): Trying to bind to DefaultContainerService
D/PackageManager( 1002): onServiceConnected
D/PackageManager( 1002): [MSG] MCS_BOUND
D/PackageManager( 1002): [MSG] MCS_BOUND: observer{1130552240}
D/PackageManager( 1002):           for_user{UserHandle{-1}}
D/PackageManager( 1002): Found 1 verifiers for intent Intent { act=android.intent.action.PACKAGE_NEEDS_VERIFICATION dat=file:///data/local/tmp/com.couriertracking.app typ=application/vnd.android.package-archive flg=0x1 } with 0 optional verifiers
I/PackageManager( 1002): remove MCS_UNBIND message and Posting MCS_UNBIND 10 secs later
D/SSRMv2:SIOP( 1002): SIOP:: AP = 370, Delta = 0
D/PackageManager( 1002): [MSG] PACKAGE_VERIFIED: observer{1130552240}
D/PackageManager( 1002):           verificationId{666}
D/PackageManager( 1002): copyApk
I/PackageManager( 1002): Copying native libraries to /data/app-lib/vmdl733760764
D/PackageManager( 1002): remove MCS_UNBIND and Posting MCS_UNBIND
D/PackageManager( 1002): [MSG] PROCESS_PENDING_INSTALL: observer{1130552240}
D/PackageManager( 1002): installPackageLI
D/PackageManager( 1002): Time to collect certificates: 0.697 seconds
W/PackageManager( 1002): verifying app can be installed or not
D/PackageManager( 1002): Replace existing pacakge: 
D/PackageManager( 1002): Existing package: 
D/PackageManager( 1002): doRename: 
D/PackageManager( 1002): doRename apk path: 
D/PackageManager( 1002): replacePackageLI
D/PackageManager( 1002): replacePackageLI: 
D/PackageManager( 1002): !@killApplicatoin: 10452, uninstall pkg
I/ActivityManager( 1002): Killing 3140:com.couriertracking.app/u0a452 (adj 0): stop com.couriertracking.app
I/WindowState( 1002): WIN DEATH: Window{43c673d8 u0 com.couriertracking.app/com.couriertracking.app.HistoryActivity}
I/WindowState( 1002): WIN DEATH: Window{42cd5078 u0 com.couriertracking.app/com.couriertracking.app.MainActivity}
D/CustomFrequencyManagerService( 1002): acquireDVFSLockLocked : type : DVFS_MIN_LIMIT  frequency : 1242000  uid : 1000  pid : 1002  pkgName : ACTIVITY_RESUME_BOOSTER@6
W/ActivityManager( 1002): mDVFSHelper.acquire()
I/PackageManager( 1002): Package com.couriertracking.app codePath changed from /data/app/com.couriertracking.app-1.apk to /data/app/com.couriertracking.app-2.apk; Retaining data and using new
W/ActivityManager( 1002): Unable to retrieve gids
W/ActivityManager( 1002): android.content.pm.PackageManager$NameNotFoundException: com.couriertracking.app
W/ActivityManager( 1002): 	at android.app.ApplicationPackageManager.getPackageGids(ApplicationPackageManager.java:169)
W/ActivityManager( 1002): 	at com.android.server.am.ActivityManagerService.startProcessLocked(ActivityManagerService.java:3489)
W/ActivityManager( 1002): 	at com.android.server.am.ActivityManagerService.startProcessLocked(ActivityManagerService.java:3397)
W/ActivityManager( 1002): 	at com.android.server.am.ActivityStackSupervisor.startSpecificActivityLocked(ActivityStackSupervisor.java:1444)
W/ActivityManager( 1002): 	at com.android.server.am.ActivityStack.resumeTopActivityLocked(ActivityStack.java:2434)
W/ActivityManager( 1002): 	at com.android.server.am.ActivityStack.resumeTopActivityLocked(ActivityStack.java:1891)
W/ActivityManager( 1002): 	at com.android.server.am.ActivityStack.finishCurrentActivityLocked(ActivityStack.java:3463)
W/ActivityManager( 1002): 	at com.android.server.am.ActivityStack.finishActivityLocked(ActivityStack.java:3383)
W/ActivityManager( 1002): 	at com.android.server.am.ActivityStack.forceStopPackageLocked(ActivityStack.java:4576)
W/ActivityManager( 1002): 	at com.android.server.am.ActivityStackSupervisor.forceStopPackageLocked(ActivityStackSupervisor.java:3326)
W/ActivityManager( 1002): 	at com.android.server.am.ActivityManagerService.forceStopPackageLocked(ActivityManagerService.java:5899)
W/ActivityManager( 1002): 	at com.android.server.am.ActivityManagerService.access$300(ActivityManagerService.java:333)
W/ActivityManager( 1002): 	at com.android.server.am.ActivityManagerService$2.handleMessage(ActivityManagerService.java:1751)
W/ActivityManager( 1002): 	at android.os.Handler.dispatchMessage(Handler.java:102)
W/ActivityManager( 1002): 	at android.os.Looper.loop(Looper.java:146)
W/ActivityManager( 1002): 	at com.android.server.am.ActivityManagerService$AThread.run(ActivityManagerService.java:2486)
E/ActivityManager( 1002): The package com.couriertracking.app is not found. Failure starting process com.couriertracking.app
D/CustomFrequencyManagerService( 1002): releaseDVFSLockLocked : Getting Lock type frm List : DVFS_MIN_LIMIT  frequency : 1242000  uid : 1000  pid : 1002  tag : ACTIVITY_RESUME_BOOSTER@6
W/ActivityManager( 1002): mDVFSHelper.release()
D/CustomFrequencyManagerService( 1002): acquireDVFSLockLocked : type : DVFS_MIN_LIMIT  frequency : 1242000  uid : 1000  pid : 1002  pkgName : ACTIVITY_RESUME_BOOSTER@10
D/CustomFrequencyManagerService( 1002): releaseDVFSLockLocked : Getting Lock type frm List : DVFS_MIN_LIMIT  frequency : 1242000  uid : 1000  pid : 1002  tag : ACTIVITY_RESUME_BOOSTER@10
D/PackageManager( 1002): Time to dexopt: 1.621 seconds
D/PackageManager( 1002): !@killApplicatoin: 10452, update pkg
W/PackageManager( 1002): Code path for pkg : com.couriertracking.app changing from /data/app/com.couriertracking.app-1.apk to /data/app/com.couriertracking.app-2.apk
W/PackageManager( 1002): Resource path for pkg : com.couriertracking.app changing from /data/app/com.couriertracking.app-1.apk to /data/app/com.couriertracking.app-2.apk
D/PackageManager( 1002): updateSettingsLI: 
I/ActivityManager( 1002): Exiting empty application process com.couriertracking.app (null)
D/PackageManager( 1002): New package installed in 
D/CustomFrequencyManagerService( 1002): acquireDVFSLockLocked : type : DVFS_MIN_LIMIT  frequency : 1728000  uid : 1000  pid : 1002  pkgName : SSRM_PKG_OPT@21
D/PackageManager( 1002): doPostInstall for uid{10452}
D/PackageManager( 1002): + starting rerstore round-trip 668
D/PackageManager( 1002): No resotre for backup - queue post-install for 668
I/PackageManager( 1002): Adding preferred activity ComponentInfo{com.android.mms/com.android.mms.ui.ConversationComposer} for user 0 :
I/PackageManager( 1002): Adding preferred activity ComponentInfo{com.android.mms/com.android.mms.ui.ConversationComposer} for user 0 :
I/PackageManager( 1002): Adding preferred activity ComponentInfo{com.android.mms/com.android.mms.ui.ConversationComposer} for user 0 :
I/PackageManager( 1002): Adding preferred activity ComponentInfo{com.android.mms/com.android.mms.ui.ConversationComposer} for user 0 :
D/PackageManager( 1002): [MSG] MCS_UNBIND
I/PackageManager( 1002): calling disconnectService()
D/PackageManager( 1002): Trying to unbind to DefaultContainerService
D/PackageManager( 1002): [MSG] POST_INSTALL: observer{1130552240}
D/PackageManager( 1002):           Handling post-install for 668
D/PackageManager( 1002): Sending to user 0: act=android.intent.action.PACKAGE_REMOVED dat=package:com.couriertracking.app flg=0x4000000 Bundle[{android.intent.extra.REMOVED_FOR_ALL_USERS=false, android.intent.extra.UID=10452, android.intent.extra.DATA_REMOVED=false, android.intent.extra.REPLACING=true, android.intent.extra.user_handle=0}]
I/ActivityManager( 1002): Killing 2529:com.android.musicfx/u0a13 (adj 15): empty #32
I/PackageManager( 1002): Adding preferred activity ComponentInfo{com.android.mms/com.android.mms.ui.ConversationComposer} for user 0 :
D/PackageManager( 1002): Sending to user 0: act=android.intent.action.PACKAGE_ADDED dat=package:com.couriertracking.app flg=0x4000000 Bundle[{android.intent.extra.UID=10452, android.intent.extra.REPLACING=true, android.intent.extra.user_handle=0}]
I/PackageManager( 1002): Adding preferred activity ComponentInfo{com.android.mms/com.android.mms.ui.ConversationComposer} for user 0 :
I/PackageManager( 1002): Adding preferred activity ComponentInfo{com.android.mms/com.android.mms.ui.ConversationComposer} for user 0 :
I/PackageManager( 1002): Adding preferred activity ComponentInfo{com.android.mms/com.android.mms.ui.ConversationComposer} for user 0 :
